Component: ARM Compiler 5.06 update 5 (build 528) Tool: armlink [4d35e2]

==============================================================================

Section Cross References

    startup_stm32f10x_md.o(STACK) refers (Special) to heapauxi.o(.text) for __use_two_region_memory
    startup_stm32f10x_md.o(HEAP) refers (Special) to heapauxi.o(.text) for __use_two_region_memory
    startup_stm32f10x_md.o(RESET) refers (Special) to heapauxi.o(.text) for __use_two_region_memory
    startup_stm32f10x_md.o(RESET) refers to startup_stm32f10x_md.o(STACK) for __initial_sp
    startup_stm32f10x_md.o(RESET) refers to startup_stm32f10x_md.o(.text) for Reset_Handler
    startup_stm32f10x_md.o(RESET) refers to stm32f10x_it.o(i.NMI_Handler) for NMI_Handler
    startup_stm32f10x_md.o(RESET) refers to stm32f10x_it.o(i.HardFault_Handler) for HardFault_Handler
    startup_stm32f10x_md.o(RESET) refers to stm32f10x_it.o(i.MemManage_Handler) for MemManage_Handler
    startup_stm32f10x_md.o(RESET) refers to stm32f10x_it.o(i.BusFault_Handler) for BusFault_Handler
    startup_stm32f10x_md.o(RESET) refers to stm32f10x_it.o(i.UsageFault_Handler) for UsageFault_Handler
    startup_stm32f10x_md.o(RESET) refers to stm32f10x_it.o(i.SVC_Handler) for SVC_Handler
    startup_stm32f10x_md.o(RESET) refers to stm32f10x_it.o(i.DebugMon_Handler) for DebugMon_Handler
    startup_stm32f10x_md.o(RESET) refers to stm32f10x_it.o(i.PendSV_Handler) for PendSV_Handler
    startup_stm32f10x_md.o(RESET) refers to stm32f10x_it.o(i.SysTick_Handler) for SysTick_Handler
    startup_stm32f10x_md.o(RESET) refers to stm32f10x_it.o(i.EXTI4_IRQHandler) for EXTI4_IRQHandler
    startup_stm32f10x_md.o(RESET) refers to stm32f10x_it.o(i.DMA1_Channel1_IRQHandler) for DMA1_Channel1_IRQHandler
    startup_stm32f10x_md.o(RESET) refers to stm32f10x_it.o(i.ADC1_2_IRQHandler) for ADC1_2_IRQHandler
    startup_stm32f10x_md.o(RESET) refers to stm32f10x_it.o(i.TIM2_IRQHandler) for TIM2_IRQHandler
    startup_stm32f10x_md.o(RESET) refers to stm32f10x_it.o(i.SPI1_IRQHandler) for SPI1_IRQHandler
    startup_stm32f10x_md.o(RESET) refers to stm32f10x_it.o(i.USART2_IRQHandler) for USART2_IRQHandler
    startup_stm32f10x_md.o(RESET) refers to stm32f10x_it.o(i.USART3_IRQHandler) for USART3_IRQHandler
    startup_stm32f10x_md.o(.text) refers (Special) to heapauxi.o(.text) for __use_two_region_memory
    startup_stm32f10x_md.o(.text) refers to system_stm32f10x.o(i.SystemInit) for SystemInit
    startup_stm32f10x_md.o(.text) refers to __main.o(!!!main) for __main
    startup_stm32f10x_md.o(.text) refers to startup_stm32f10x_md.o(HEAP) for Heap_Mem
    startup_stm32f10x_md.o(.text) refers to startup_stm32f10x_md.o(STACK) for Stack_Mem
    system_stm32f10x.o(i.SetSysClock) refers to system_stm32f10x.o(i.SetSysClockTo72) for SetSysClockTo72
    system_stm32f10x.o(i.SystemCoreClockUpdate) refers to system_stm32f10x.o(.data) for SystemCoreClock
    system_stm32f10x.o(i.SystemInit) refers to system_stm32f10x.o(i.SetSysClock) for SetSysClock
    stm32f10x_adc.o(i.ADC_DeInit) refers to stm32f10x_rcc.o(i.RCC_APB2PeriphResetCmd) for RCC_APB2PeriphResetCmd
    stm32f10x_bkp.o(i.BKP_DeInit) refers to stm32f10x_rcc.o(i.RCC_BackupResetCmd) for RCC_BackupResetCmd
    stm32f10x_can.o(i.CAN_DeInit) refers to stm32f10x_rcc.o(i.RCC_APB1PeriphResetCmd) for RCC_APB1PeriphResetCmd
    stm32f10x_can.o(i.CAN_GetITStatus) refers to stm32f10x_can.o(i.CheckITStatus) for CheckITStatus
    stm32f10x_cec.o(i.CEC_DeInit) refers to stm32f10x_rcc.o(i.RCC_APB1PeriphResetCmd) for RCC_APB1PeriphResetCmd
    stm32f10x_dac.o(i.DAC_DeInit) refers to stm32f10x_rcc.o(i.RCC_APB1PeriphResetCmd) for RCC_APB1PeriphResetCmd
    stm32f10x_flash.o(i.FLASH_EnableWriteProtection) refers to stm32f10x_flash.o(i.FLASH_WaitForLastOperation) for FLASH_WaitForLastOperation
    stm32f10x_flash.o(i.FLASH_EraseAllBank1Pages) refers to stm32f10x_flash.o(i.FLASH_WaitForLastBank1Operation) for FLASH_WaitForLastBank1Operation
    stm32f10x_flash.o(i.FLASH_EraseAllPages) refers to stm32f10x_flash.o(i.FLASH_WaitForLastOperation) for FLASH_WaitForLastOperation
    stm32f10x_flash.o(i.FLASH_EraseOptionBytes) refers to stm32f10x_flash.o(i.FLASH_GetReadOutProtectionStatus) for FLASH_GetReadOutProtectionStatus
    stm32f10x_flash.o(i.FLASH_EraseOptionBytes) refers to stm32f10x_flash.o(i.FLASH_WaitForLastOperation) for FLASH_WaitForLastOperation
    stm32f10x_flash.o(i.FLASH_ErasePage) refers to stm32f10x_flash.o(i.FLASH_WaitForLastOperation) for FLASH_WaitForLastOperation
    stm32f10x_flash.o(i.FLASH_ProgramHalfWord) refers to stm32f10x_flash.o(i.FLASH_WaitForLastOperation) for FLASH_WaitForLastOperation
    stm32f10x_flash.o(i.FLASH_ProgramOptionByteData) refers to stm32f10x_flash.o(i.FLASH_WaitForLastOperation) for FLASH_WaitForLastOperation
    stm32f10x_flash.o(i.FLASH_ProgramWord) refers to stm32f10x_flash.o(i.FLASH_WaitForLastOperation) for FLASH_WaitForLastOperation
[...]
    i.IWDG_ReloadCounter                     0x080020dc   Section        0  stm32f10x_iwdg.o(i.IWDG_ReloadCounter)
    i.IWDG_SetPrescaler                      0x080020ec   Section        0  stm32f10x_iwdg.o(i.IWDG_SetPrescaler)
    i.IWDG_SetReload                         0x080020f8   Section        0  stm32f10x_iwdg.o(i.IWDG_SetReload)
    i.IWDG_WriteAccessCmd                    0x08002104   Section        0  stm32f10x_iwdg.o(i.IWDG_WriteAccessCmd)
    i.MemManage_Handler                      0x08002110   Section        0  stm32f10x_it.o(i.MemManage_Handler)
    i.Modbus_CRC16                           0x08002114   Section        0  modbus_slave.o(i.Modbus_CRC16)
    Modbus_CRC16                             0x08002115   Thumb Code    58  modbus_slave.o(i.Modbus_CRC16)
    i.Modbus_Handle_Frame                    0x08002150   Section        0  modbus_slave.o(i.Modbus_Handle_Frame)
    Modbus_Handle_Frame                      0x08002151   Thumb Code   580  modbus_slave.o(i.Modbus_Handle_Frame)
    i.Modbus_Send_Response                   0x08002398   Section        0  modbus_slave.o(i.Modbus_Send_Response)
    Modbus_Send_Response                     0x08002399   Thumb Code    56  modbus_slave.o(i.Modbus_Send_Response)
    i.Modbus_Slave_1msTick                   0x080023d4   Section        0  modbus_slave.o(i.Modbus_Slave_1msTick)
    i.Modbus_Slave_Init                      0x080023e4   Section        0  modbus_slave.o(i.Modbus_Slave_Init)
    i.Modbus_Slave_Process                   0x0800250c   Section        0  modbus_slave.o(i.Modbus_Slave_Process)
    i.Modbus_Slave_RX_IRQHandler             0x08002590   Section        0  modbus_slave.o(i.Modbus_Slave_RX_IRQHandler)
    i.NMI_Handler                            0x080025d8   Section        0  stm32f10x_it.o(i.NMI_Handler)
    i.NVIC_Init                              0x080025dc   Section        0  misc.o(i.NVIC_Init)
    i.OLED_Clear                             0x0800264c   Section        0  oled.o(i.OLED_Clear)
    i.OLED_I2C_Init                          0x08002678   Section        0  oled.o(i.OLED_I2C_Init)
    i.OLED_I2C_SendByte                      0x080026b8   Section        0  oled.o(i.OLED_I2C_SendByte)
    i.OLED_I2C_Start                         0x08002734   Section        0  oled.o(i.OLED_I2C_Start)
    i.OLED_I2C_Stop                          0x0800277c   Section        0  oled.o(i.OLED_I2C_Stop)
    i.OLED_Init                              0x080027b8   Section        0  oled.o(i.OLED_Init)
    i.OLED_Pow                               0x0800286c   Section        0  oled.o(i.OLED_Pow)
    i.OLED_SetCursor                         0x08002880   Section        0  oled.o(i.OLED_SetCursor)
    i.OLED_ShowChar                          0x080028a4   Section        0  oled.o(i.OLED_ShowChar)
    i.OLED_ShowNum                           0x08002918   Section        0  oled.o(i.OLED_ShowNum)
    i.OLED_ShowString                        0x0800295c   Section        0  oled.o(i.OLED_ShowString)
    i.OLED_WriteCommand                      0x08002984   Section        0  oled.o(i.OLED_WriteCommand)
    i.OLED_WriteData                         0x080029a4   Section        0  oled.o(i.OLED_WriteData)
    i.Parse_And_Build_Response               0x080029c4   Section        0  spi_proto.o(i.Parse_And_Build_Response)
    i.PendSV_Handler                         0x08002cd8   Section        0  stm32f10x_it.o(i.PendSV_Handler)
    i.RCC_ADCCLKConfig                       0x08002cdc   Section        0  stm32f10x_rcc.o(i.RCC_ADCCLKConfig)
    i.RCC_AHBPeriphClockCmd                  0x08002cf4   Section        0  stm32f10x_rcc.o(i.RCC_AHBPeriphClockCmd)
    i.RCC_APB1PeriphClockCmd                 0x08002d14   Section        0  stm32f10x_rcc.o(i.RCC_APB1PeriphClockCmd)
    i.RCC_APB1PeriphResetCmd                 0x08002d34   Section        0  stm32f10x_rcc.o(i.RCC_APB1PeriphResetCmd)
    i.RCC_APB2PeriphClockCmd                 0x08002d54   Section        0  stm32f10x_rcc.o(i.RCC_APB2PeriphClockCmd)
    i.RCC_APB2PeriphResetCmd                 0x08002d74   Section        0  stm32f10x_rcc.o(i.RCC_APB2PeriphResetCmd)
    i.RCC_GetClocksFreq                      0x08002d94   Section        0  stm32f10x_rcc.o(i.RCC_GetClocksFreq)
    i.Raindrop_AddVolume                     0x08002e68   Section        0  raindrop.o(i.Raindrop_AddVolume)
    i.Raindrop_GetTotalVolume_0p01mm3        0x08002e7c   Section        0  raindrop.o(i.Raindrop_GetTotalVolume_0p01mm3)
    i.Raindrop_ImpulseToVolume               0x08002e88   Section        0  raindrop.o(i.Raindrop_ImpulseToVolume)
    i.Raindrop_Init                          0x08002f04   Section        0  raindrop.o(i.Raindrop_Init)
    i.Raindrop_UpdateRefractory              0x08002f18   Section        0  raindrop.o(i.Raindrop_UpdateRefractory)
    i.Read_Holding_Reg                       0x08002f30   Section        0  modbus_slave.o(i.Read_Holding_Reg)
    Read_Holding_Reg                         0x08002f31   Thumb Code    16  modbus_slave.o(i.Read_Holding_Reg)
    i.Read_Input_Reg                         0x08002f40   Section        0  modbus_slave.o(i.Read_Input_Reg)
    Read_Input_Reg                           0x08002f41   Thumb Code    16  modbus_slave.o(i.Read_Input_Reg)
    i.RegisterMap_GetSlaveAddr               0x08002f50   Section        0  registermap.o(i.RegisterMap_GetSlaveAddr)
    i.RegisterMap_Init                       0x08002f5c   Section        0  registermap.o(i.RegisterMap_Init)
    i.RegisterMap_ReadHolding                0x08002f6c   Section        0  registermap.o(i.RegisterMap_ReadHolding)
    i.RegisterMap_ReadInput                  0x08002f8c   Section        0  registermap.o(i.RegisterMap_ReadInput)
    i.RegisterMap_WriteHolding               0x08003124   Section        0  registermap.o(i.RegisterMap_WriteHolding)
    i.SPI1_IRQHandler                        0x08003158   Section        0  stm32f10x_it.o(i.SPI1_IRQHandler)
    i.SPI_Cmd                                0x08003160   Section        0  stm32f10x_spi.o(i.SPI_Cmd)
    i.SPI_I2S_DeInit                         0x08003178   Section        0  stm32f10x_spi.o(i.SPI_I2S_DeInit)
    i.SPI_I2S_GetITStatus                    0x080031d0   Section        0  stm32f10x_spi.o(i.SPI_I2S_GetITStatus)
    i.SPI_I2S_ITConfig                       0x08003204   Section        0  stm32f10x_spi.o(i.SPI_I2S_ITConfig)
    i.SPI_Init                               0x08003224   Section        0  stm32f10x_spi.o(i.SPI_Init)
    i.SPI_SlaveLink_EXTI4_IRQHandler         0x08003260   Section        0  spi_slavelink.o(i.SPI_SlaveLink_EXTI4_IRQHandler)
    i.SPI_SlaveLink_Init                     0x08003354   Section        0  spi_slavelink.o(i.SPI_SlaveLink_Init)
    i.SPI_SlaveLink_SPI1_IRQHandler          0x080034b8   Section        0  spi_slavelink.o(i.SPI_SlaveLink_SPI1_IRQHandler)
    i.SVC_Handler                            0x08003644   Section        0  stm32f10x_it.o(i.SVC_Handler)
    i.Samples_To_Ms                          0x08003648   Section        0  main.o(i.Samples_To_Ms)
    Samples_To_Ms                            0x08003649   Thumb Code    46  main.o(i.Samples_To_Ms)
    i.Saturate_U64_To_U32                    0x0800367c   Section        0  waveletenergy.o(i.Saturate_U64_To_U32)
    Saturate_U64_To_U32                      0x0800367d   Thumb Code    24  waveletenergy.o(i.Saturate_U64_To_U32)
    i.Send_Debug_Statistics                  0x08003694   Section        0  main.o(i.Send_Debug_Statistics)
    Send_Debug_Statistics                    0x08003695   Thumb Code   472  main.o(i.Send_Debug_Statistics)
    i.Send_Live_Stream                       0x08003a0c   Section        0  main.o(i.Send_Live_Stream)
    Send_Live_Stream                         0x08003a0d   Thumb Code   148  main.o(i.Send_Live_Stream)
    i.SetSysClock                            0x08003ab4   Section        0  system_stm32f10x.o(i.SetSysClock)
    SetSysClock                              0x08003ab5   Thumb Code     8  system_stm32f10x.o(i.SetSysClock)
    i.SetSysClockTo72                        0x08003abc   Section        0  system_stm32f10x.o(i.SetSysClockTo72)
    SetSysClockTo72                          0x08003abd   Thumb Code   214  system_stm32f10x.o(i.SetSysClockTo72)
    i.SysTick_CLKSourceConfig                0x08003b9c   Section        0  misc.o(i.SysTick_CLKSourceConfig)
    i.SysTick_Handler                        0x08003bc4   Section        0  stm32f10x_it.o(i.SysTick_Handler)
    i.SystemInit                             0x08003bc8   Section        0  system_stm32f10x.o(i.SystemInit)
    i.TF_Comm_Init                           0x08003c28   Section        0  tf_comm.o(i.TF_Comm_Init)
    i.TF_Comm_SendEvent                      0x08003d08   Section        0  tf_comm.o(i.TF_Comm_SendEvent)
    i.TF_Comm_TX_IRQHandler                  0x08003eac   Section        0  tf_comm.o(i.TF_Comm_TX_IRQHandler)
    i.TIM2_IRQHandler                        0x08003f40   Section        0  stm32f10x_it.o(i.TIM2_IRQHandler)
    i.TIM_ClearFlag                          0x08003f68   Section        0  stm32f10x_tim.o(i.TIM_ClearFlag)
    i.TIM_ClearITPendingBit                  0x08003f6e   Section        0  stm32f10x_tim.o(i.TIM_ClearITPendingBit)
    i.TIM_Cmd                                0x08003f74   Section        0  stm32f10x_tim.o(i.TIM_Cmd)
    i.TIM_GetITStatus                        0x08003f8c   Section        0  stm32f10x_tim.o(i.TIM_GetITStatus)
    i.TIM_ITConfig                           0x08003fae   Section        0  stm32f10x_tim.o(i.TIM_ITConfig)
    i.TIM_TimeBaseInit                       0x08003fc0   Section        0  stm32f10x_tim.o(i.TIM_TimeBaseInit)
    i.TIM_TimeBaseStructInit                 0x08004064   Section        0  stm32f10x_tim.o(i.TIM_TimeBaseStructInit)
    i.TXE_Disable                            0x08004078   Section        0  spi_slavelink.o(i.TXE_Disable)
    TXE_Disable                              0x08004079   Thumb Code    20  spi_slavelink.o(i.TXE_Disable)
    i.TXE_Enable                             0x08004094   Section        0  spi_slavelink.o(i.TXE_Enable)
    TXE_Enable                               0x08004095   Thumb Code    20  spi_slavelink.o(i.TXE_Enable)
    i.USART1_Config                          0x080040b0   Section        0  main.o(i.USART1_Config)
    USART1_Config                            0x080040b1   Thumb Code   128  main.o(i.USART1_Config)
    i.USART1_SendByte                        0x08004138   Section        0  main.o(i.USART1_SendByte)
    USART1_SendByte                          0x08004139   Thumb Code    28  main.o(i.USART1_SendByte)
    i.USART1_SendFloat_WithTail              0x08004158   Section        0  main.o(i.USART1_SendFloat_WithTail)
    USART1_SendFloat_WithTail                0x08004159   Thumb Code    78  main.o(i.USART1_SendFloat_WithTail)
    i.USART1_SendString                      0x080041ac   Section        0  main.o(i.USART1_SendString)
    USART1_SendString                        0x080041ad   Thumb Code    22  main.o(i.USART1_SendString)
    i.USART1_SendUint32                      0x080041c2   Section        0  main.o(i.USART1_SendUint32)
    USART1_SendUint32                        0x080041c3   Thumb Code    98  main.o(i.USART1_SendUint32)
    i.USART2_IRQHandler                      0x08004224   Section        0  stm32f10x_it.o(i.USART2_IRQHandler)
    i.USART3_IRQHandler                      0x08004248   Section        0  stm32f10x_it.o(i.USART3_IRQHandler)
    i.USART_Cmd                              0x08004250   Section        0  stm32f10x_usart.o(i.USART_Cmd)
    i.USART_GetFlagStatus                    0x08004268   Section        0  stm32f10x_usart.o(i.USART_GetFlagStatus)
    i.USART_GetITStatus                      0x08004282   Section        0  stm32f10x_usart.o(i.USART_GetITStatus)
    i.USART_ITConfig                         0x080042d6   Section        0  stm32f10x_usart.o(i.USART_ITConfig)
    i.USART_Init                             0x08004320   Section        0  stm32f10x_usart.o(i.USART_Init)
    i.USART_ReceiveData                      0x080043f8   Section        0  stm32f10x_usart.o(i.USART_ReceiveData)
    i.USART_SendData                         0x08004402   Section        0  stm32f10x_usart.o(i.USART_SendData)
    i.USART_StructInit                       0x0800440a   Section        0  stm32f10x_usart.o(i.USART_StructInit)
    i.UsageFault_Handler                     0x08004422   Section        0  stm32f10x_it.o(i.UsageFault_Handler)
    i.WaveletEnergy_GetBaselineEnergy        0x08004426   Section        0  waveletenergy.o(i.WaveletEnergy_GetBaselineEnergy)
    i.WaveletEnergy_GetCurrentEnergy         0x0800442c   Section        0  waveletenergy.o(i.WaveletEnergy_GetCurrentEnergy)
    i.WaveletEnergy_GetHFRatio               0x08004432   Section        0  waveletenergy.o(i.WaveletEnergy_GetHFRatio)
    i.WaveletEnergy_GetLearningProgress      0x08004438   Section        0  waveletenergy.o(i.WaveletEnergy_GetLearningProgress)
    i.WaveletEnergy_GetNormRatio             0x08004462   Section        0  waveletenergy.o(i.WaveletEnergy_GetNormRatio)
    i.WaveletEnergy_GetThreshold             0x0800449a   Section        0  waveletenergy.o(i.WaveletEnergy_GetThreshold)
    i.WaveletEnergy_InitWithSampleRate       0x080044a0   Section        0  waveletenergy.o(i.WaveletEnergy_InitWithSampleRate)
    i.WaveletEnergy_PopNoiseEvent            0x080044f0   Section        0  waveletenergy.o(i.WaveletEnergy_PopNoiseEvent)
    i.WaveletEnergy_PopVibEvent              0x08004506   Section        0  waveletenergy.o(i.WaveletEnergy_PopVibEvent)
    i.WaveletEnergy_ProcessNewSamples        0x0800451c   Section        0  waveletenergy.o(i.WaveletEnergy_ProcessNewSamples)
    i.WaveletEnergy_Update                   0x08004624   Section        0  waveletenergy.o(i.WaveletEnergy_Update)
    i.Write_Holding_Reg                      0x0800498c   Section        0  modbus_slave.o(i.Write_Holding_Reg)
    Write_Holding_Reg                        0x0800498d   Thumb Code    36  modbus_slave.o(i.Write_Holding_Reg)
    i.main                                   0x080049b4   Section        0  main.o(i.main)
    i.put_u16_be                             0x08004cb4   Section        0  tf_comm.o(i.put_u16_be)
    put_u16_be                               0x08004cb5   Thumb Code     8  tf_comm.o(i.put_u16_be)
    i.put_u32_be                             0x08004cbc   Section        0  tf_comm.o(i.put_u32_be)
    put_u32_be                               0x08004cbd   Thumb Code    16  tf_comm.o(i.put_u32_be)
    x$fpl$fadd                               0x08004ccc   Section      196  faddsub_clz.o(x$fpl$fadd)
    _fadd1                                   0x08004cdb   Thumb Code     0  faddsub_clz.o(x$fpl$fadd)
    x$fpl$fcmpinf                            0x08004d90   Section       24  fcmpi.o(x$fpl$fcmpinf)
    x$fpl$fdiv                               0x08004da8   Section      388  fdiv.o(x$fpl$fdiv)
    _fdiv1                                   0x08004da9   Thumb Code     0  fdiv.o(x$fpl$fdiv)
    x$fpl$ffixu                              0x08004f2c   Section       62  ffixu.o(x$fpl$ffixu)
    x$fpl$fflt                               0x08004f6c   Section       48  fflt_clz.o(x$fpl$fflt)
    x$fpl$ffltu                              0x08004f9c   Section       38  fflt_clz.o(x$fpl$ffltu)
    x$fpl$fleqf                              0x08004fc4   Section      104  fleqf.o(x$fpl$fleqf)
    x$fpl$fmul                               0x0800502c   Section      258  fmul.o(x$fpl$fmul)
    x$fpl$fnaninf                            0x0800512e   Section      140  fnaninf.o(x$fpl$fnaninf)
    x$fpl$fretinf                            0x080051ba   Section       10  fretinf.o(x$fpl$fretinf)
    x$fpl$fsub                               0x080051c4   Section      234  faddsub_clz.o(x$fpl$fsub)
    _fsub1                                   0x080051d3   Thumb Code     0  faddsub_clz.o(x$fpl$fsub)
    .constdata                               0x080052ae   Section     1520  oled.o(.constdata)
    x$fpl$usenofp                            0x080052ae   Section        0  usenofp.o(x$fpl$usenofp)
    .conststring                             0x080058a0   Section       76  main.o(.conststring)
    .data                                    0x20000000   Section       20  stm32f10x_rcc.o(.data)
    APBAHBPrescTable                         0x20000000   Data          16  stm32f10x_rcc.o(.data)
    ADCPrescTable                            0x20000010   Data           4  stm32f10x_rcc.o(.data)
    .data                                    0x20000014   Section       34  ad.o(.data)
    .data                                    0x20000036   Section        3  tf_comm.o(.data)
    sequence_counter                         0x20000036   Data           2  tf_comm.o(.data)
    tx_queue_initialized                     0x20000038   Data           1  tf_comm.o(.data)
    .data                                    0x2000003c   Section        4  waveletenergy.o(.data)
    last_write_total                         0x2000003c   Data           4  waveletenergy.o(.data)
    .data                                    0x20000040   Section       16  modbus_slave.o(.data)
    modbus_slave_addr                        0x20000040   Data           1  modbus_slave.o(.data)
    modbus_rx_len                            0x20000042   Data           2  modbus_slave.o(.data)
    modbus_last_rx_ms                        0x20000044   Data           4  modbus_slave.o(.data)
    modbus_frame_busy                        0x20000048   Data           1  modbus_slave.o(.data)
    modbus_ms_counter                        0x2000004c   Data           4  modbus_slave.o(.data)
    .data                                    0x20000050   Section        1  registermap.o(.data)
    s_slave_addr                             0x20000050   Data           1  registermap.o(.data)
    .data                                    0x20000052   Section       13  spi_slavelink.o(.data)
    s_state                                  0x20000054   Data           1  spi_slavelink.o(.data)
    s_rx_idx                                 0x20000056   Data           2  spi_slavelink.o(.data)
    s_expected                               0x20000058   Data           2  spi_slavelink.o(.data)
    s_resp_ready                             0x2000005a   Data           1  spi_slavelink.o(.data)
    s_txe_enabled                            0x2000005b   Data           1  spi_slavelink.o(.data)
    s_tx_idx                                 0x2000005c   Data           2  spi_slavelink.o(.data)
    s_self_node_id                           0x2000005e   Data           1  spi_slavelink.o(.data)
    .data                                    0x20000060   Section       78  main.o(.data)
    last_sec_index_update_ms                 0x20000064   Data           4  main.o(.data)
    last_display_update_ms                   0x20000068   Data           4  main.o(.data)
    last_syscheck_update_ms                  0x2000006c   Data           4  main.o(.data)
    last_debug_counter_ms                    0x20000070   Data           4  main.o(.data)
    last_sampling_tick                       0x20000080   Data           4  main.o(.data)
    g_cal_record_count                       0x20000090   Data           2  main.o(.data)
    g_cal_group_name                         0x20000092   Data          16  main.o(.data)
    g_cal_group_idx                          0x200000a2   Data           2  main.o(.data)
    g_cal_group_drop_count                   0x200000a4   Data           2  main.o(.data)
    g_usart_cmd_len                          0x200000a6   Data           1  main.o(.data)
    g_live_stream_enable                     0x200000a7   Data           1  main.o(.data)
    last_index                               0x200000ac   Data           2  main.o(.data)
    .data                                    0x200000b0   Section        8  raindrop.o(.data)
    g_refractory_counter                     0x200000b4   Data           4  raindrop.o(.data)
    .bss                                     0x200000b8   Section     2832  ad.o(.bss)
    .bss                                     0x20000bc8   Section      528  tf_comm.o(.bss)
    tx_queue                                 0x20000bc8   Data         528  tf_comm.o(.bss)
    .bss                                     0x20000dd8   Section      224  waveletenergy.o(.bss)
    approx1                                  0x20000dd8   Data          64  waveletenergy.o(.bss)
    detail1                                  0x20000e18   Data          64  waveletenergy.o(.bss)
    approx2                                  0x20000e58   Data          32  waveletenergy.o(.bss)
    detail2                                  0x20000e78   Data          32  waveletenergy.o(.bss)
    approx3                                  0x20000e98   Data          16  waveletenergy.o(.bss)
    detail3                                  0x20000ea8   Data          16  waveletenergy.o(.bss)
    .bss                                     0x20000eb8   Section      256  modbus_slave.o(.bss)
    modbus_rx_buf                            0x20000eb8   Data         256  modbus_slave.o(.bss)
    .bss                                     0x20000fb8   Section      160  spi_slavelink.o(.bss)
    .bss                                     0x20001058   Section     7292  main.o(.bss)
    g_cal_records                            0x20001398   Data        6400  main.o(.bss)
    g_usart_cmd_buf                          0x20002c98   Data          32  main.o(.bss)
    g_oled                                   0x20002cb8   Data          28  main.o(.bss)
    .bss                                     0x20002cd4   Section       96  libspace.o(.bss)
    HEAP                                     0x20002d38   Section      512  startup_stm32f10x_md.o(HEAP)
    Heap_Mem                                 0x20002d38   Data         512  startup_stm32f10x_md.o(HEAP)
    STACK                                    0x20002f38   Section     1024  startup_stm32f10x_md.o(STACK)
    Stack_Mem                                0x20002f38   Data        1024  startup_stm32f10x_md.o(STACK)
    __initial_sp                             0x20003338   Data           0  startup_stm32f10x_md.o(STACK)

    Global Symbols

    Symbol Name                              Value     Ov Type        Size  Object(Section)

    BuildAttributes$$THM_ISAv4$P$D$K$B$S$PE$A:L22UL41UL21$X:L11$S22US41US21$IEEE1$IW$USESV6$~STKCKD$USESV7$~SHL$OSPACE$ROPI$EBA8$UX$STANDARDLIB$REQ8$PRES8$EABIv2 0x00000000   Number         0  anon$$obj.o ABSOLUTE
    __ARM_use_no_argv                        0x00000000   Number         0  main.o ABSOLUTE
    __ARM_exceptions_init                     - Undefined Weak Reference
    __alloca_initialize                       - Undefined Weak Reference
    __arm_preinit_                            - Undefined Weak Reference
    __cpp_initialize__aeabi_                  - Undefined Weak Reference
    __cxa_finalize                            - Undefined Weak Reference
    __rt_locale                               - Undefined Weak Reference
    __sigvec_lookup                           - Undefined Weak Reference
    _atexit_init                              - Undefined Weak Reference
    _call_atexit_fns                          - Undefined Weak Reference
    _clock_init                               - Undefined Weak Reference
    _fp_trap_init                             - Undefined Weak Reference
    _fp_trap_shutdown                         - Undefined Weak Reference
    _get_lc_collate                           - Undefined Weak Reference
    _get_lc_ctype                             - Undefined Weak Reference
    _get_lc_monetary                          - Undefined Weak Reference
    _get_lc_numeric                           - Undefined Weak Reference
    _get_lc_time                              - Undefined Weak Reference
    _getenv_init                              - Undefined Weak Reference
    _handle_redirection                       - Undefined Weak Reference
    _init_alloc                               - Undefined Weak Reference
    _init_user_alloc                          - Undefined Weak Reference
    _initio                                   - Undefined Weak Reference
    _rand_init                                - Undefined Weak Reference
    _signal_finish                            - Undefined Weak Reference
    _signal_init                              - Undefined Weak Reference
    _terminate_alloc                          - Undefined Weak Reference
    _terminate_user_alloc                     - Undefined Weak Reference
    _terminateio                              - Undefined Weak Reference
    __Vectors_Size                           0x000000ec   Number         0  startup_stm32f10x_md.o ABSOLUTE
    __Vectors                                0x08000000   Data           4  startup_stm32f10x_md.o(RESET)
    __Vectors_End                            0x080000ec   Data           0  startup_stm32f10x_md.o(RESET)
    __main                                   0x080000ed   Thumb Code     8  __main.o(!!!main)
    __scatterload                            0x080000f5   Thumb Code     0  __scatter.o(!!!scatter)
    __scatterload_rt2                        0x080000f5   Thumb Code    44  __scatter.o(!!!scatter)
    __scatterload_rt2_thumb_only             0x080000f5   Thumb Code     0  __scatter.o(!!!scatter)
    __scatterload_null                       0x08000103   Thumb Code     0  __scatter.o(!!!scatter)
    __scatterload_copy                       0x08000129   Thumb Code    26  __scatter_copy.o(!!handler_copy)
    __scatterload_zeroinit                   0x08000145   Thumb Code    28  __scatter_zi.o(!!handler_zi)
    __rt_lib_init                            0x08000161   Thumb Code     0  libinit.o(.ARM.Collect$$libinit$$00000000)
    __rt_lib_init_alloca_1                   0x08000163   Thumb Code     0  libinit2.o(.ARM.Collect$$libinit$$0000002E)
    __rt_lib_init_argv_1                     0x08000163   Thumb Code     0  libinit2.o(.ARM.Collect$$libinit$$0000002C)
    __rt_lib_init_atexit_1                   0x08000163   Thumb Code     0  libinit2.o(.ARM.Collect$$libinit$$0000001B)
    __rt_lib_init_clock_1                    0x08000163   Thumb Code     0  libinit2.o(.ARM.Collect$$libinit$$00000021)
    __rt_lib_init_cpp_1                      0x08000163   Thumb Code     0  libinit2.o(.ARM.Collect$$libinit$$00000032)
    __rt_lib_init_exceptions_1               0x08000163   Thumb Code     0  libinit2.o(.ARM.Collect$$libinit$$00000030)
    __rt_lib_init_fp_1                       0x08000163   Thumb Code     0  libinit2.o(.ARM.Collect$$libinit$$00000002)
    __rt_lib_init_fp_trap_1                  0x08000163   Thumb Code     0  libinit2.o(.ARM.Collect$$libinit$$0000001F)
    __rt_lib_init_getenv_1                   0x08000163   Thumb Code     0  libinit2.o(.ARM.Collect$$libinit$$00000023)
    __rt_lib_init_heap_1                     0x08000163   Thumb Code     0  libinit2.o(.ARM.Collect$$libinit$$0000000A)
    __rt_lib_init_lc_collate_1               0x08000163   Thumb Code     0  libinit2.o(.ARM.Collect$$libinit$$00000011)
    __rt_lib_init_lc_ctype_1                 0x08000163   Thumb Code     0  libinit2.o(.ARM.Collect$$libinit$$00000013)
    __rt_lib_init_lc_monetary_1              0x08000163   Thumb Code     0  libinit2.o(.ARM.Collect$$libinit$$00000015)
    __rt_lib_init_lc_numeric_1               0x08000163   Thumb Code     0  libinit2.o(.ARM.Collect$$libinit$$00000017)
    __rt_lib_init_lc_time_1                  0x08000163   Thumb Code     0  libinit2.o(.ARM.Collect$$libinit$$00000019)
    __rt_lib_init_preinit_1                  0x08000163   Thumb Code     0  libinit2.o(.ARM.Collect$$libinit$$00000004)
    __rt_lib_init_rand_1                     0x08000163   Thumb Code     0  libinit2.o(.ARM.Collect$$libinit$$0000000E)
    __rt_lib_init_return                     0x08000163   Thumb Code     0  libinit2.o(.ARM.Collect$$libinit$$00000033)
    __rt_lib_init_signal_1                   0x08000163   Thumb Code     0  libinit2.o(.ARM.Collect$$libinit$$0000001D)
    __rt_lib_init_stdio_1                    0x08000163   Thumb Code     0  libinit2.o(.ARM.Collect$$libinit$$00000025)
    __rt_lib_init_user_alloc_1               0x08000163   Thumb Code     0  libinit2.o(.ARM.Collect$$libinit$$0000000C)
    __rt_lib_shutdown                        0x08000165   Thumb Code     0  libshutdown.o(.ARM.Collect$$libshutdown$$00000000)
    __rt_lib_shutdown_cpp_1                  0x08000167   Thumb Code     0  libshutdown2.o(.ARM.Collect$$libshutdown$$00000002)
    __rt_lib_shutdown_fp_trap_1              0x08000167   Thumb Code     0  libshutdown2.o(.ARM.Collect$$libshutdown$$00000007)
    __rt_lib_shutdown_heap_1                 0x08000167   Thumb Code     0  libshutdown2.o(.ARM.Collect$$libshutdown$$0000000F)
    __rt_lib_shutdown_return                 0x08000167   Thumb Code     0  libshutdown2.o(.ARM.Collect$$libshutdown$$00000010)
    __rt_lib_shutdown_signal_1               0x08000167   Thumb Code     0  libshutdown2.o(.ARM.Collect$$libshutdown$$0000000A)
    __rt_lib_shutdown_stdio_1                0x08000167   Thumb Code     0  libshutdown2.o(.ARM.Collect$$libshutdown$$00000004)
    __rt_lib_shutdown_user_alloc_1           0x08000167   Thumb Code     0  libshutdown2.o(.ARM.Collect$$libshutdown$$0000000C)
    __rt_entry                               0x08000169   Thumb Code     0  __rtentry.o(.ARM.Collect$$rtentry$$00000000)
    __rt_entry_presh_1                       0x08000169   Thumb Code     0  __rtentry2.o(.ARM.Collect$$rtentry$$00000002)
    __rt_entry_sh                            0x08000169   Thumb Code     0  __rtentry4.o(.ARM.Collect$$rtentry$$00000004)
    __rt_entry_li                            0x0800016f   Thumb Code     0  __rtentry2.o(.ARM.Collect$$rtentry$$0000000A)
    __rt_entry_postsh_1                      0x0800016f   Thumb Code     0  __rtentry2.o(.ARM.Collect$$rtentry$$00000009)
    __rt_entry_main                          0x08000173   Thumb Code     0  __rtentry2.o(.ARM.Collect$$rtentry$$0000000D)
    __rt_entry_postli_1                      0x08000173   Thumb Code     0  __rtentry2.o(.ARM.Collect$$rtentry$$0000000C)
    __rt_exit                                0x0800017b   Thumb Code     0  rtexit.o(.ARM.Collect$$rtexit$$00000000)
    __rt_exit_ls                             0x0800017d   Thumb Code     0  rtexit2.o(.ARM.Collect$$rtexit$$00000003)
    __rt_exit_prels_1                        0x0800017d   Thumb Code     0  rtexit2.o(.ARM.Collect$$rtexit$$00000002)
    __rt_exit_exit                           0x08000181   Thumb Code     0  rtexit2.o(.ARM.Collect$$rtexit$$00000004)
    Reset_Handler                            0x08000189   Thumb Code     8  startup_stm32f10x_md.o(.text)
    CAN1_RX1_IRQHandler                      0x080001a3   Thumb Code     0  startup_stm32f10x_md.o(.text)
    CAN1_SCE_IRQHandler                      0x080001a3   Thumb Code     0  startup_stm32f10x_md.o(.text)
    DMA1_Channel2_IRQHandler                 0x080001a3   Thumb Code     0  startup_stm32f10x_md.o(.text)
    DMA1_Channel3_IRQHandler                 0x080001a3   Thumb Code     0  startup_stm32f10x_md.o(.text)
    DMA1_Channel4_IRQHandler                 0x080001a3   Thumb Code     0  startup_stm32f10x_md.o(.text)
    DMA1_Channel5_IRQHandler                 0x080001a3   Thumb Code     0  startup_stm32f10x_md.o(.text)
    DMA1_Channel6_IRQHandler                 0x080001a3   Thumb Code     0  startup_stm32f10x_md.o(.text)
    DMA1_Channel7_IRQHandler                 0x080001a3   Thumb Code     0  startup_stm32f10x_md.o(.text)
    EXTI0_IRQHandler                         0x080001a3   Thumb Code     0  startup_stm32f10x_md.o(.text)
    EXTI15_10_IRQHandler                     0x080001a3   Thumb Code     0  startup_stm32f10x_md.o(.text)
    EXTI1_IRQHandler                         0x080001a3   Thumb Code     0  startup_stm32f10x_md.o(.text)
    EXTI2_IRQHandler                         0x080001a3   Thumb Code     0  startup_stm32f10x_md.o(.text)
    EXTI3_IRQHandler                         0x080001a3   Thumb Code     0  startup_stm32f10x_md.o(.text)
    EXTI9_5_IRQHandler                       0x080001a3   Thumb Code     0  startup_stm32f10x_md.o(.text)
    FLASH_IRQHandler                         0x080001a3   Thumb Code     0  startup_stm32f10x_md.o(.text)
    I2C1_ER_IRQHandler                       0x080001a3   Thumb Code     0  startup_stm32f10x_md.o(.text)
    I2C1_EV_IRQHandler                       0x080001a3   Thumb Code     0  startup_stm32f10x_md.o(.text)
    I2C2_ER_IRQHandler                       0x080001a3   Thumb Code     0  startup_stm32f10x_md.o(.text)
    I2C2_EV_IRQHandler                       0x080001a3   Thumb Code     0  startup_stm32f10x_md.o(.text)
    PVD_IRQHandler                           0x080001a3   Thumb Code     0  startup_stm32f10x_md.o(.text)
    RCC_IRQHandler                           0x080001a3   Thumb Code     0  startup_stm32f10x_md.o(.text)
    RTCAlarm_IRQHandler                      0x080001a3   Thumb Code     0  startup_stm32f10x_md.o(.text)
    RTC_IRQHandler                           0x080001a3   Thumb Code     0  startup_stm32f10x_md.o(.text)
    SPI2_IRQHandler                          0x080001a3   Thumb Code     0  startup_stm32f10x_md.o(.text)
    TAMPER_IRQHandler                        0x080001a3   Thumb Code     0  startup_stm32f10x_md.o(.text)
    TIM1_BRK_IRQHandler                      0x080001a3   Thumb Code     0  startup_stm32f10x_md.o(.text)
    TIM1_CC_IRQHandler                       0x080001a3   Thumb Code     0  startup_stm32f10x_md.o(.text)
    TIM1_TRG_COM_IRQHandler                  0x080001a3   Thumb Code     0  startup_stm32f10x_md.o(.text)
    TIM1_UP_IRQHandler                       0x080001a3   Thumb Code     0  startup_stm32f10x_md.o(.text)
    TIM3_IRQHandler                          0x080001a3   Thumb Code     0  startup_stm32f10x_md.o(.text)
    TIM4_IRQHandler                          0x080001a3   Thumb Code     0  startup_stm32f10x_md.o(.text)
    USART1_IRQHandler                        0x080001a3   Thumb Code     0  startup_stm32f10x_md.o(.text)
    USBWakeUp_IRQHandler                     0x080001a3   Thumb Code     0  startup_stm32f10x_md.o(.text)
    USB_HP_CAN1_TX_IRQHandler                0x080001a3   Thumb Code     0  startup_stm32f10x_md.o(.text)
    USB_LP_CAN1_RX0_IRQHandler               0x080001a3   Thumb Code     0  startup_stm32f10x_md.o(.text)
    WWDG_IRQHandler                          0x080001a3   Thumb Code     0  startup_stm32f10x_md.o(.text)
    __user_initial_stackheap                 0x080001a5   Thumb Code     0  startup_stm32f10x_md.o(.text)
    __aeabi_uldivmod                         0x080001c9   Thumb Code     0  lludivv7m.o(.text)
    _ll_udiv                                 0x080001c9   Thumb Code   238  lludivv7m.o(.text)
    strncmp                                  0x080002b7   Thumb Code   150  strncmp.o(.text)
    __aeabi_memclr4                          0x0800034d   Thumb Code     0  rt_memclr_w.o(.text)
    __aeabi_memclr8                          0x0800034d   Thumb Code     0  rt_memclr_w.o(.text)
    __rt_memclr_w                            0x0800034d   Thumb Code    78  rt_memclr_w.o(.text)
    _memset_w                                0x08000351   Thumb Code     0  rt_memclr_w.o(.text)
    __use_two_region_memory                  0x0800039b   Thumb Code     2  heapauxi.o(.text)
    __rt_heap_escrow$2region                 0x0800039d   Thumb Code     2  heapauxi.o(.text)
    __rt_heap_expand$2region                 0x0800039f   Thumb Code     2  heapauxi.o(.text)
    __user_setup_stackheap                   0x080003a1   Thumb Code    74  sys_stackheap_outer.o(.text)
    exit                                     0x080003eb   Thumb Code    18  exit.o(.text)
    __user_libspace                          0x080003fd   Thumb Code     8  libspace.o(.text)
    __user_perproc_libspace                  0x080003fd   Thumb Code     0  libspace.o(.text)
    __user_perthread_libspace                0x080003fd   Thumb Code     0  libspace.o(.text)
    _sys_exit                                0x08000405   Thumb Code     8  sys_exit.o(.text)
    __I$use$semihosting                      0x08000411   Thumb Code     0  use_no_semi.o(.text)
    __use_no_semihosting_swi                 0x08000411   Thumb Code     2  use_no_semi.o(.text)
    __semihosting_library_function           0x08000413   Thumb Code     0  indicate_semi.o(.text)
    ADC1_2_IRQHandler                        0x08000415   Thumb Code    38  stm32f10x_it.o(i.ADC1_2_IRQHandler)
    ADC_AnalogWatchdogCmd                    0x08000445   Thumb Code    16  stm32f10x_adc.o(i.ADC_AnalogWatchdogCmd)
    ADC_AnalogWatchdogSingleChannelConfig    0x08000459   Thumb Code    16  stm32f10x_adc.o(i.ADC_AnalogWatchdogSingleChannelConfig)
    ADC_AnalogWatchdogThresholdsConfig       0x08000469   Thumb Code     6  stm32f10x_adc.o(i.ADC_AnalogWatchdogThresholdsConfig)
    ADC_ClearITPendingBit                    0x0800046f   Thumb Code    10  stm32f10x_adc.o(i.ADC_ClearITPendingBit)
    ADC_Cmd                                  0x08000479   Thumb Code    22  stm32f10x_adc.o(i.ADC_Cmd)
    ADC_DMACmd                               0x0800048f   Thumb Code    22  stm32f10x_adc.o(i.ADC_DMACmd)
    ADC_GetCalibrationStatus                 0x080004a5   Thumb Code    20  stm32f10x_adc.o(i.ADC_GetCalibrationStatus)
    ADC_GetITStatus                          0x080004b9   Thumb Code    36  stm32f10x_adc.o(i.ADC_GetITStatus)
    ADC_GetResetCalibrationStatus            0x080004dd   Thumb Code    20  stm32f10x_adc.o(i.ADC_GetResetCalibrationStatus)
    ADC_ITConfig                             0x080004f1   Thumb Code    24  stm32f10x_adc.o(i.ADC_ITConfig)
    ADC_Init                                 0x08000509   Thumb Code    70  stm32f10x_adc.o(i.ADC_Init)
    ADC_RegularChannelConfig                 0x08000559   Thumb Code   184  stm32f10x_adc.o(i.ADC_RegularChannelConfig)
    ADC_ResetCalibration                     0x08000611   Thumb Code    10  stm32f10x_adc.o(i.ADC_ResetCalibration)
    ADC_SoftwareStartConvCmd                 0x0800061b   Thumb Code    22  stm32f10x_adc.o(i.ADC_SoftwareStartConvCmd)
    ADC_StartCalibration                     0x08000631   Thumb Code    10  stm32f10x_adc.o(i.ADC_StartCalibration)
    AD_Init                                  0x08000671   Thumb Code   328  ad.o(i.AD_Init)
    AD_Restart                               0x080007cd   Thumb Code    42  ad.o(i.AD_Restart)
    Build_Exception_Response                 0x08000811   Thumb Code    58  spi_proto.o(i.Build_Exception_Response)
    BusFault_Handler                         0x08000855   Thumb Code     4  stm32f10x_it.o(i.BusFault_Handler)
    Check_System_Status                      0x080014c1   Thumb Code    28  main.o(i.Check_System_Status)
    DMA1_Channel1_IRQHandler                 0x08001601   Thumb Code   280  stm32f10x_it.o(i.DMA1_Channel1_IRQHandler)
    DMA_ClearITPendingBit                    0x08001739   Thumb Code    18  stm32f10x_dma.o(i.DMA_ClearITPendingBit)
    DMA_Cmd                                  0x08001755   Thumb Code    24  stm32f10x_dma.o(i.DMA_Cmd)
    DMA_DeInit                               0x0800176d   Thumb Code   324  stm32f10x_dma.o(i.DMA_DeInit)
    DMA_GetITStatus                          0x080018b9   Thumb Code    36  stm32f10x_dma.o(i.DMA_GetITStatus)
    DMA_ITConfig                             0x080018e5   Thumb Code    18  stm32f10x_dma.o(i.DMA_ITConfig)
    DMA_Init                                 0x080018f7   Thumb Code    60  stm32f10x_dma.o(i.DMA_Init)
    DMA_SetCurrDataCounter                   0x08001933   Thumb Code     4  stm32f10x_dma.o(i.DMA_SetCurrDataCounter)
    DebugMon_Handler                         0x08001937   Thumb Code     2  stm32f10x_it.o(i.DebugMon_Handler)
    Delay_Init                               0x08001939   Thumb Code    12  delay.o(i.Delay_Init)
    Delay_ms                                 0x08001945   Thumb Code    24  delay.o(i.Delay_ms)
    Delay_us                                 0x0800195d   Thumb Code    54  delay.o(i.Delay_us)
    EXTI4_IRQHandler                         0x08001993   Thumb Code     8  stm32f10x_it.o(i.EXTI4_IRQHandler)
    EXTI_ClearITPendingBit                   0x0800199d   Thumb Code     6  stm32f10x_exti.o(i.EXTI_ClearITPendingBit)
    EXTI_GetITStatus                         0x080019a9   Thumb Code    34  stm32f10x_exti.o(i.EXTI_GetITStatus)
    EXTI_Init                                0x080019d1   Thumb Code   142  stm32f10x_exti.o(i.EXTI_Init)
    GPIO_EXTILineConfig                      0x08001eb1   Thumb Code    60  stm32f10x_gpio.o(i.GPIO_EXTILineConfig)
    GPIO_Init                                0x08001ef1   Thumb Code   278  stm32f10x_gpio.o(i.GPIO_Init)
    GPIO_ReadInputDataBit                    0x08002007   Thumb Code    18  stm32f10x_gpio.o(i.GPIO_ReadInputDataBit)
    GPIO_WriteBit                            0x08002019   Thumb Code    10  stm32f10x_gpio.o(i.GPIO_WriteBit)
    HardFault_Handler                        0x08002065   Thumb Code     4  stm32f10x_it.o(i.HardFault_Handler)
    IWDG_Enable                              0x08002069   Thumb Code    10  stm32f10x_iwdg.o(i.IWDG_Enable)
    IWDG_GetFlagStatus                       0x08002079   Thumb Code    20  stm32f10x_iwdg.o(i.IWDG_GetFlagStatus)
    IWDG_ReloadCounter                       0x080020dd   Thumb Code    10  stm32f10x_iwdg.o(i.IWDG_ReloadCounter)
    IWDG_SetPrescaler                        0x080020ed   Thumb Code     6  stm32f10x_iwdg.o(i.IWDG_SetPrescaler)
    IWDG_SetReload                           0x080020f9   Thumb Code     6  stm32f10x_iwdg.o(i.IWDG_SetReload)
    IWDG_WriteAccessCmd                      0x08002105   Thumb Code     6  stm32f10x_iwdg.o(i.IWDG_WriteAccessCmd)
    MemManage_Handler                        0x08002111   Thumb Code     4  stm32f10x_it.o(i.MemManage_Handler)
    Modbus_Slave_1msTick                     0x080023d5   Thumb Code    12  modbus_slave.o(i.Modbus_Slave_1msTick)
    Modbus_Slave_Init                        0x080023e5   Thumb Code   284  modbus_slave.o(i.Modbus_Slave_Init)
    Modbus_Slave_Process                     0x0800250d   Thumb Code   110  modbus_slave.o(i.Modbus_Slave_Process)
    Modbus_Slave_RX_IRQHandler               0x08002591   Thumb Code    50  modbus_slave.o(i.Modbus_Slave_RX_IRQHandler)
    NMI_Handler                              0x080025d9   Thumb Code     2  stm32f10x_it.o(i.NMI_Handler)
    NVIC_Init                                0x080025dd   Thumb Code   100  misc.o(i.NVIC_Init)
    OLED_Clear                               0x0800264d   Thumb Code    42  oled.o(i.OLED_Clear)
    OLED_I2C_Init                            0x08002679   Thumb Code    58  oled.o(i.OLED_I2C_Init)
    OLED_I2C_SendByte                        0x080026b9   Thumb Code   120  oled.o(i.OLED_I2C_SendByte)
    OLED_I2C_Start                           0x08002735   Thumb Code    66  oled.o(i.OLED_I2C_Start)
    OLED_I2C_Stop                            0x0800277d   Thumb Code    54  oled.o(i.OLED_I2C_Stop)
    OLED_Init                                0x080027b9   Thumb Code   180  oled.o(i.OLED_Init)
    OLED_Pow                                 0x0800286d   Thumb Code    20  oled.o(i.OLED_Pow)
    OLED_SetCursor                           0x08002881   Thumb Code    36  oled.o(i.OLED_SetCursor)
    OLED_ShowChar                            0x080028a5   Thumb Code   110  oled.o(i.OLED_ShowChar)
    OLED_ShowNum                             0x08002919   Thumb Code    68  oled.o(i.OLED_ShowNum)
    OLED_ShowString                          0x0800295d   Thumb Code    40  oled.o(i.OLED_ShowString)
    OLED_WriteCommand                        0x08002985   Thumb Code    32  oled.o(i.OLED_WriteCommand)
    OLED_WriteData                           0x080029a5   Thumb Code    32  oled.o(i.OLED_WriteData)
    Parse_And_Build_Response                 0x080029c5   Thumb Code   774  spi_proto.o(i.Parse_And_Build_Response)
    PendSV_Handler                           0x08002cd9   Thumb Code     2  stm32f10x_it.o(i.PendSV_Handler)
    RCC_ADCCLKConfig                         0x08002cdd   Thumb Code    18  stm32f10x_rcc.o(i.RCC_ADCCLKConfig)
    RCC_AHBPeriphClockCmd                    0x08002cf5   Thumb Code    26  stm32f10x_rcc.o(i.RCC_AHBPeriphClockCmd)
    RCC_APB1PeriphClockCmd                   0x08002d15   Thumb Code    26  stm32f10x_rcc.o(i.RCC_APB1PeriphClockCmd)
    RCC_APB1PeriphResetCmd                   0x08002d35   Thumb Code    26  stm32f10x_rcc.o(i.RCC_APB1PeriphResetCmd)
    RCC_APB2PeriphClockCmd                   0x08002d55   Thumb Code    26  stm32f10x_rcc.o(i.RCC_APB2PeriphClockCmd)
    RCC_APB2PeriphResetCmd                   0x08002d75   Thumb Code    26  stm32f10x_rcc.o(i.RCC_APB2PeriphResetCmd)
    RCC_GetClocksFreq                        0x08002d95   Thumb Code   192  stm32f10x_rcc.o(i.RCC_GetClocksFreq)
    Raindrop_AddVolume                       0x08002e69   Thumb Code    14  raindrop.o(i.Raindrop_AddVolume)
    Raindrop_GetTotalVolume_0p01mm3          0x08002e7d   Thumb Code     6  raindrop.o(i.Raindrop_GetTotalVolume_0p01mm3)
    Raindrop_ImpulseToVolume                 0x08002e89   Thumb Code   116  raindrop.o(i.Raindrop_ImpulseToVolume)
    Raindrop_Init                            0x08002f05   Thumb Code    12  raindrop.o(i.Raindrop_Init)
    Raindrop_UpdateRefractory                0x08002f19   Thumb Code    18  raindrop.o(i.Raindrop_UpdateRefractory)
    RegisterMap_GetSlaveAddr                 0x08002f51   Thumb Code     6  registermap.o(i.RegisterMap_GetSlaveAddr)
    RegisterMap_Init                         0x08002f5d   Thumb Code    10  registermap.o(i.RegisterMap_Init)
    RegisterMap_ReadHolding                  0x08002f6d   Thumb Code    26  registermap.o(i.RegisterMap_ReadHolding)
    RegisterMap_ReadInput                    0x08002f8d   Thumb Code   392  registermap.o(i.RegisterMap_ReadInput)
    RegisterMap_WriteHolding                 0x08003125   Thumb Code    46  registermap.o(i.RegisterMap_WriteHolding)
    SPI1_IRQHandler                          0x08003159   Thumb Code     8  stm32f10x_it.o(i.SPI1_IRQHandler)
    SPI_Cmd                                  0x08003161   Thumb Code    24  stm32f10x_spi.o(i.SPI_Cmd)
    SPI_I2S_DeInit                           0x08003179   Thumb Code    76  stm32f10x_spi.o(i.SPI_I2S_DeInit)
    SPI_I2S_GetITStatus                      0x080031d1   Thumb Code    52  stm32f10x_spi.o(i.SPI_I2S_GetITStatus)
    SPI_I2S_ITConfig                         0x08003205   Thumb Code    32  stm32f10x_spi.o(i.SPI_I2S_ITConfig)
    SPI_Init                                 0x08003225   Thumb Code    60  stm32f10x_spi.o(i.SPI_Init)
    SPI_SlaveLink_EXTI4_IRQHandler           0x08003261   Thumb Code   216  spi_slavelink.o(i.SPI_SlaveLink_EXTI4_IRQHandler)
    SPI_SlaveLink_Init                       0x08003355   Thumb Code   328  spi_slavelink.o(i.SPI_SlaveLink_Init)
    SPI_SlaveLink_SPI1_IRQHandler            0x080034b9   Thumb Code   352  spi_slavelink.o(i.SPI_SlaveLink_SPI1_IRQHandler)
    SVC_Handler                              0x08003645   Thumb Code     2  stm32f10x_it.o(i.SVC_Handler)
    SysTick_CLKSourceConfig                  0x08003b9d   Thumb Code    40  misc.o(i.SysTick_CLKSourceConfig)
    SysTick_Handler                          0x08003bc5   Thumb Code     2  stm32f10x_it.o(i.SysTick_Handler)
    SystemInit                               0x08003bc9   Thumb Code    78  system_stm32f10x.o(i.SystemInit)
    TF_Comm_Init                             0x08003c29   Thumb Code   204  tf_comm.o(i.TF_Comm_Init)
    TF_Comm_SendEvent                        0x08003d09   Thumb Code   402  tf_comm.o(i.TF_Comm_SendEvent)
    TF_Comm_TX_IRQHandler                    0x08003ead   Thumb Code   140  tf_comm.o(i.TF_Comm_TX_IRQHandler)
    TIM2_IRQHandler                          0x08003f41   Thumb Code    36  stm32f10x_it.o(i.TIM2_IRQHandler)
    TIM_ClearFlag                            0x08003f69   Thumb Code     6  stm32f10x_tim.o(i.TIM_ClearFlag)
    TIM_ClearITPendingBit                    0x08003f6f   Thumb Code     6  stm32f10x_tim.o(i.TIM_ClearITPendingBit)
    TIM_Cmd                                  0x08003f75   Thumb Code    24  stm32f10x_tim.o(i.TIM_Cmd)
    TIM_GetITStatus                          0x08003f8d   Thumb Code    34  stm32f10x_tim.o(i.TIM_GetITStatus)
    TIM_ITConfig                             0x08003faf   Thumb Code    18  stm32f10x_tim.o(i.TIM_ITConfig)
    TIM_TimeBaseInit                         0x08003fc1   Thumb Code   122  stm32f10x_tim.o(i.TIM_TimeBaseInit)
    TIM_TimeBaseStructInit                   0x08004065   Thumb Code    18  stm32f10x_tim.o(i.TIM_TimeBaseStructInit)
    USART2_IRQHandler                        0x08004225   Thumb Code    32  stm32f10x_it.o(i.USART2_IRQHandler)
    USART3_IRQHandler                        0x08004249   Thumb Code     8  stm32f10x_it.o(i.USART3_IRQHandler)
    USART_Cmd                                0x08004251   Thumb Code    24  stm32f10x_usart.o(i.USART_Cmd)
    USART_GetFlagStatus                      0x08004269   Thumb Code    26  stm32f10x_usart.o(i.USART_GetFlagStatus)
    USART_GetITStatus                        0x08004283   Thumb Code    84  stm32f10x_usart.o(i.USART_GetITStatus)
    USART_ITConfig                           0x080042d7   Thumb Code    74  stm32f10x_usart.o(i.USART_ITConfig)
    USART_Init                               0x08004321   Thumb Code   210  stm32f10x_usart.o(i.USART_Init)
    USART_ReceiveData                        0x080043f9   Thumb Code    10  stm32f10x_usart.o(i.USART_ReceiveData)
    USART_SendData                           0x08004403   Thumb Code     8  stm32f10x_usart.o(i.USART_SendData)
    USART_StructInit                         0x0800440b   Thumb Code    24  stm32f10x_usart.o(i.USART_StructInit)
    UsageFault_Handler                       0x08004423   Thumb Code     4  stm32f10x_it.o(i.UsageFault_Handler)
    WaveletEnergy_GetBaselineEnergy          0x08004427   Thumb Code     6  waveletenergy.o(i.WaveletEnergy_GetBaselineEnergy)
    WaveletEnergy_GetCurrentEnergy           0x0800442d   Thumb Code     6  waveletenergy.o(i.WaveletEnergy_GetCurrentEnergy)
    WaveletEnergy_GetHFRatio                 0x08004433   Thumb Code     6  waveletenergy.o(i.WaveletEnergy_GetHFRatio)
    WaveletEnergy_GetLearningProgress        0x08004439   Thumb Code    42  waveletenergy.o(i.WaveletEnergy_GetLearningProgress)
    WaveletEnergy_GetNormRatio               0x08004463   Thumb Code    56  waveletenergy.o(i.WaveletEnergy_GetNormRatio)
    WaveletEnergy_GetThreshold               0x0800449b   Thumb Code     6  waveletenergy.o(i.WaveletEnergy_GetThreshold)
    WaveletEnergy_InitWithSampleRate         0x080044a1   Thumb Code    74  waveletenergy.o(i.WaveletEnergy_InitWithSampleRate)
    WaveletEnergy_PopNoiseEvent              0x080044f1   Thumb Code    22  waveletenergy.o(i.WaveletEnergy_PopNoiseEvent)
    WaveletEnergy_PopVibEvent                0x08004507   Thumb Code    22  waveletenergy.o(i.WaveletEnergy_PopVibEvent)
    WaveletEnergy_ProcessNewSamples          0x0800451d   Thumb Code   248  waveletenergy.o(i.WaveletEnergy_ProcessNewSamples)
    WaveletEnergy_Update                     0x08004625   Thumb Code   866  waveletenergy.o(i.WaveletEnergy_Update)
    main                                     0x080049b5   Thumb Code   666  main.o(i.main)
    __aeabi_fadd                             0x08004ccd   Thumb Code     0  faddsub_clz.o(x$fpl$fadd)
    _fadd                                    0x08004ccd   Thumb Code   196  faddsub_clz.o(x$fpl$fadd)
    __fpl_fcmp_Inf                           0x08004d91   Thumb Code    24  fcmpi.o(x$fpl$fcmpinf)
    __aeabi_fdiv                             0x08004da9   Thumb Code     0  fdiv.o(x$fpl$fdiv)
    _fdiv                                    0x08004da9   Thumb Code   384  fdiv.o(x$fpl$fdiv)
    __aeabi_f2uiz                            0x08004f2d   Thumb Code     0  ffixu.o(x$fpl$ffixu)
    _ffixu                                   0x08004f2d   Thumb Code    62  ffixu.o(x$fpl$ffixu)
    __aeabi_i2f                              0x08004f6d   Thumb Code     0  fflt_clz.o(x$fpl$fflt)
    _fflt                                    0x08004f6d   Thumb Code    48  fflt_clz.o(x$fpl$fflt)
    __aeabi_ui2f                             0x08004f9d   Thumb Code     0  fflt_clz.o(x$fpl$ffltu)
    _ffltu                                   0x08004f9d   Thumb Code    38  fflt_clz.o(x$fpl$ffltu)
    __aeabi_cfcmple                          0x08004fc5   Thumb Code     0  fleqf.o(x$fpl$fleqf)
    _fcmple                                  0x08004fc5   Thumb Code   104  fleqf.o(x$fpl$fleqf)
    __fpl_fcmple_InfNaN                      0x08005017   Thumb Code     0  fleqf.o(x$fpl$fleqf)
    __aeabi_fmul                             0x0800502d   Thumb Code     0  fmul.o(x$fpl$fmul)
    _fmul                                    0x0800502d   Thumb Code   258  fmul.o(x$fpl$fmul)
    __fpl_fnaninf                            0x0800512f   Thumb Code   140  fnaninf.o(x$fpl$fnaninf)
    __fpl_fretinf                            0x080051bb   Thumb Code    10  fretinf.o(x$fpl$fretinf)
    __aeabi_fsub                             0x080051c5   Thumb Code     0  faddsub_clz.o(x$fpl$fsub)
    _fsub                                    0x080051c5   Thumb Code   234  faddsub_clz.o(x$fpl$fsub)
    OLED_F8x16                               0x080052ae   Data        1520  oled.o(.constdata)
    __I$use$fp                               0x080052ae   Number         0  usenofp.o(x$fpl$usenofp)
    Region$$Table$$Base                      0x080058ec   Number         0  anon$$obj.o(Region$$Table)
    Region$$Table$$Limit                     0x0800590c   Number         0  anon$$obj.o(Region$$Table)
    ring_write_index_ch0                     0x20000014   Data           2  ad.o(.data)
    ring_write_index_ch1                     0x20000016   Data           2  ad.o(.data)
    ring_write_total_ch0                     0x20000018   Data           4  ad.o(.data)
    ring_write_total_ch1                     0x2000001c   Data           4  ad.o(.data)
    ADC_Visualize_Index                      0x20000020   Data           2  ad.o(.data)
    snapshot_ready                           0x20000022   Data           1  ad.o(.data)
    snapshot_write_index                     0x20000024   Data           2  ad.o(.data)
    snapshot_collecting                      0x20000026   Data           1  ad.o(.data)
    snapshot_peak_value                      0x20000028   Data           2  ad.o(.data)
    snapshot_peak_index                      0x2000002a   Data           2  ad.o(.data)
    snapshot_trigger_index_ch0               0x2000002c   Data           2  ad.o(.data)
    sampling_tick_counter                    0x20000030   Data           4  ad.o(.data)
    ADC_Threshold                            0x20000034   Data           2  ad.o(.data)
    resp_len                                 0x20000052   Data           2  spi_slavelink.o(.data)
    sec_index                                0x20000060   Data           1  main.o(.data)
    current_intensity_mmh                    0x20000074   Data           4  main.o(.data)
    g_total_volume_0p01mm3                   0x20000078   Data           4  main.o(.data)
    watchdog_trigger_count                   0x2000007c   Data           4  main.o(.data)
    g_cal_drop_count                         0x20000084   Data           4  main.o(.data)
    g_cal_detected_count                     0x20000088   Data           4  main.o(.data)
    g_cal_vib_count                          0x2000008c   Data           4  main.o(.data)
    g_sys_time_ms                            0x200000a8   Data           4  main.o(.data)
    g_V_sum_0p01mm3                          0x200000b0   Data           4  raindrop.o(.data)
    AD_Value                                 0x200000b8   Data         400  ad.o(.bss)
    adc_ring_buffer_ch0                      0x20000248   Data        1024  ad.o(.bss)
    adc_ring_buffer_ch1                      0x20000648   Data        1024  ad.o(.bss)
    ADC_Visualize_Buffer                     0x20000a48   Data         128  ad.o(.bss)
    snapshot_buffer_high                     0x20000ac8   Data         128  ad.o(.bss)
    snapshot_buffer_low                      0x20000b48   Data         128  ad.o(.bss)
    rx_buf                                   0x20000fb8   Data          80  spi_slavelink.o(.bss)
    tx_resp                                  0x20001008   Data          80  spi_slavelink.o(.bss)
    drops_per_second                         0x20001058   Data         120  main.o(.bss)
    g_we_ctx                                 0x200010d0   Data         712  main.o(.bss)
    __libspace_start                         0x20002cd4   Data          96  libspace.o(.bss)
    __temporary_stack_top$libspace           0x20002d34   Data           0  libspace.o(.bss)



==============================================================================

Memory Map of the image

  Image Entry point : 0x080000ed

  Load Region LR_IROM1 (Base: 0x08000000, Size: 0x000059c4, Max: 0x00010000, ABSOLUTE)

    Execution Region ER_IROM1 (Exec base: 0x08000000, Load base: 0x08000000, Size: 0x0000590c, Max: 0x00010000, ABSOLUTE)

    Exec Addr    Load Addr    Size         Type   Attr      Idx    E Section Name        Object

    0x08000000   0x08000000   0x000000ec   Data   RO            3    RESET               startup_stm32f10x_md.o
    0x080000ec   0x080000ec   0x00000008   Code   RO         4118  * !!!main             c_w.l(__main.o)
    0x080000f4   0x080000f4   0x00000034   Code   RO         4316    !!!scatter          c_w.l(__scatter.o)
    0x08000128   0x08000128   0x0000001a   Code   RO         4318    !!handler_copy      c_w.l(__scatter_copy.o)
    0x08000142   0x08000142   0x00000002   PAD
    0x08000144   0x08000144   0x0000001c   Code   RO         4320    !!handler_zi        c_w.l(__scatter_zi.o)
    0x08000160   0x08000160   0x00000002   Code   RO         4186    .ARM.Collect$$libinit$$00000000  c_w.l(libinit.o)
    0x08000162   0x08000162   0x00000000   Code   RO         4199    .ARM.Collect$$libinit$$00000002  c_w.l(libinit2.o)
    0x08000162   0x08000162   0x00000000   Code   RO         4201    .ARM.Collect$$libinit$$00000004  c_w.l(libinit2.o)
    0x08000162   0x08000162   0x00000000   Code   RO         4204    .ARM.Collect$$libinit$$0000000A  c_w.l(libinit2.o)
    0x08000162   0x08000162   0x00000000   Code   RO         4206    .ARM.Collect$$libinit$$0000000C  c_w.l(libinit2.o)
    0x08000162   0x08000162   0x00000000   Code   RO         4208    .ARM.Collect$$libinit$$0000000E  c_w.l(libinit2.o)
    0x08000162   0x08000162   0x00000000   Code   RO         4211    .ARM.Collect$$libinit$$00000011  c_w.l(libinit2.o)
    0x08000162   0x08000162   0x00000000   Code   RO         4213    .ARM.Collect$$libinit$$00000013  c_w.l(libinit2.o)
    0x08000162   0x08000162   0x00000000   Code   RO         4215    .ARM.Collect$$libinit$$00000015  c_w.l(libinit2.o)
    0x08000162   0x08000162   0x00000000   Code   RO         4217    .ARM.Collect$$libinit$$00000017  c_w.l(libinit2.o)
    0x08000162   0x08000162   0x00000000   Code   RO         4219    .ARM.Collect$$libinit$$00000019  c_w.l(libinit2.o)
    0x08000162   0x08000162   0x00000000   Code   RO         4221    .ARM.Collect$$libinit$$0000001B  c_w.l(libinit2.o)
    0x08000162   0x08000162   0x00000000   Code   RO         4223    .ARM.Collect$$libinit$$0000001D  c_w.l(libinit2.o)
    0x08000162   0x08000162   0x00000000   Code   RO         4225    .ARM.Collect$$libinit$$0000001F  c_w.l(libinit2.o)
    0x08000162   0x08000162   0x00000000   Code   RO         4227    .ARM.Collect$$libinit$$00000021  c_w.l(libinit2.o)
    0x08000162   0x08000162   0x00000000   Code   RO         4229    .ARM.Collect$$libinit$$00000023  c_w.l(libinit2.o)
    0x08000162   0x08000162   0x00000000   Code   RO         4231    .ARM.Collect$$libinit$$00000025  c_w.l(libinit2.o)
    0x08000162   0x08000162   0x00000000   Code   RO         4235    .ARM.Collect$$libinit$$0000002C  c_w.l(libinit2.o)
    0x08000162   0x08000162   0x00000000   Code   RO         4237    .ARM.Collect$$libinit$$0000002E  c_w.l(libinit2.o)
    0x08000162   0x08000162   0x00000000   Code   RO         4239    .ARM.Collect$$libinit$$00000030  c_w.l(libinit2.o)
    0x08000162   0x08000162   0x00000000   Code   RO         4241    .ARM.Collect$$libinit$$00000032  c_w.l(libinit2.o)
    0x08000162   0x08000162   0x00000002   Code   RO         4242    .ARM.Collect$$libinit$$00000033  c_w.l(libinit2.o)
    0x08000164   0x08000164   0x00000002   Code   RO         4273    .ARM.Collect$$libshutdown$$00000000  c_w.l(libshutdown.o)
    0x08000166   0x08000166   0x00000000   Code   RO         4299    .ARM.Collect$$libshutdown$$00000002  c_w.l(libshutdown2.o)
    0x08000166   0x08000166   0x00000000   Code   RO         4301    .ARM.Collect$$libshutdown$$00000004  c_w.l(libshutdown2.o)
    0x08000166   0x08000166   0x00000000   Code   RO         4304    .ARM.Collect$$libshutdown$$00000007  c_w.l(libshutdown2.o)
    0x08000166   0x08000166   0x00000000   Code   RO         4307    .ARM.Collect$$libshutdown$$0000000A  c_w.l(libshutdown2.o)
    0x08000166   0x08000166   0x00000000   Code   RO         4309    .ARM.Collect$$libshutdown$$0000000C  c_w.l(libshutdown2.o)
    0x08000166   0x08000166   0x00000000   Code   RO         4312    .ARM.Collect$$libshutdown$$0000000F  c_w.l(libshutdown2.o)
    0x08000166   0x08000166   0x00000002   Code   RO         4313    .ARM.Collect$$libshutdown$$00000010  c_w.l(libshutdown2.o)
    0x08000168   0x08000168   0x00000000   Code   RO         4144    .ARM.Collect$$rtentry$$00000000  c_w.l(__rtentry.o)
    0x08000168   0x08000168   0x00000000   Code   RO         4157    .ARM.Collect$$rtentry$$00000002  c_w.l(__rtentry2.o)
    0x08000168   0x08000168   0x00000006   Code   RO         4169    .ARM.Collect$$rtentry$$00000004  c_w.l(__rtentry4.o)
    0x0800016e   0x0800016e   0x00000000   Code   RO         4159    .ARM.Collect$$rtentry$$00000009  c_w.l(__rtentry2.o)
    0x0800016e   0x0800016e   0x00000004   Code   RO         4160    .ARM.Collect$$rtentry$$0000000A  c_w.l(__rtentry2.o)
    0x08000172   0x08000172   0x00000000   Code   RO         4162    .ARM.Collect$$rtentry$$0000000C  c_w.l(__rtentry2.o)
    0x08000172   0x08000172   0x00000008   Code   RO         4163    .ARM.Collect$$rtentry$$0000000D  c_w.l(__rtentry2.o)
    0x0800017a   0x0800017a   0x00000002   Code   RO         4190    .ARM.Collect$$rtexit$$00000000  c_w.l(rtexit.o)
    0x0800017c   0x0800017c   0x00000000   Code   RO         4246    .ARM.Collect$$rtexit$$00000002  c_w.l(rtexit2.o)
    0x0800017c   0x0800017c   0x00000004   Code   RO         4247    .ARM.Collect$$rtexit$$00000003  c_w.l(rtexit2.o)
    0x08000180   0x08000180   0x00000006   Code   RO         4248    .ARM.Collect$$rtexit$$00000004  c_w.l(rtexit2.o)
    0x08000186   0x08000186   0x00000002   PAD
    0x08000188   0x08000188   0x00000040   Code   RO            4    .text               startup_stm32f10x_md.o
    0x080001c8   0x080001c8   0x000000ee   Code   RO         4108    .text               c_w.l(lludivv7m.o)
    0x080002b6   0x080002b6   0x00000096   Code   RO         4112    .text               c_w.l(strncmp.o)
    0x0800034c   0x0800034c   0x0000004e   Code   RO         4114    .text               c_w.l(rt_memclr_w.o)
    0x0800039a   0x0800039a   0x00000006   Code   RO         4116    .text               c_w.l(heapauxi.o)
    0x080003a0   0x080003a0   0x0000004a   Code   RO         4173    .text               c_w.l(sys_stackheap_outer.o)
    0x080003ea   0x080003ea   0x00000012   Code   RO         4175    .text               c_w.l(exit.o)
    0x080003fc   0x080003fc   0x00000008   Code   RO         4187    .text               c_w.l(libspace.o)
    0x08000404   0x08000404   0x0000000c   Code   RO         4243    .text               c_w.l(sys_exit.o)
    0x08000410   0x08000410   0x00000002   Code   RO         4262    .text               c_w.l(use_no_semi.o)
    0x08000412   0x08000412   0x00000000   Code   RO         4264    .text               c_w.l(indicate_semi.o)
    0x08000412   0x08000412   0x00000002   PAD
    0x08000414   0x08000414   0x00000030   Code   RO         3929    i.ADC1_2_IRQHandler  stm32f10x_it.o
    0x08000444   0x08000444   0x00000014   Code   RO          196    i.ADC_AnalogWatchdogCmd  stm32f10x_adc.o
    0x08000458   0x08000458   0x00000010   Code   RO          197    i.ADC_AnalogWatchdogSingleChannelConfig  stm32f10x_adc.o
    0x08000468   0x08000468   0x00000006   Code   RO          198    i.ADC_AnalogWatchdogThresholdsConfig  stm32f10x_adc.o
    0x0800046e   0x0800046e   0x0000000a   Code   RO          201    i.ADC_ClearITPendingBit  stm32f10x_adc.o
    0x08000478   0x08000478   0x00000016   Code   RO          202    i.ADC_Cmd           stm32f10x_adc.o
    0x0800048e   0x0800048e   0x00000016   Code   RO          203    i.ADC_DMACmd        stm32f10x_adc.o
    0x080004a4   0x080004a4   0x00000014   Code   RO          210    i.ADC_GetCalibrationStatus  stm32f10x_adc.o
    0x080004b8   0x080004b8   0x00000024   Code   RO          214    i.ADC_GetITStatus   stm32f10x_adc.o
    0x080004dc   0x080004dc   0x00000014   Code   RO          216    i.ADC_GetResetCalibrationStatus  stm32f10x_adc.o
    0x080004f0   0x080004f0   0x00000018   Code   RO          219    i.ADC_ITConfig      stm32f10x_adc.o
    0x08000508   0x08000508   0x00000050   Code   RO          220    i.ADC_Init          stm32f10x_adc.o
    0x08000558   0x08000558   0x000000b8   Code   RO          224    i.ADC_RegularChannelConfig  stm32f10x_adc.o
    0x08000610   0x08000610   0x0000000a   Code   RO          225    i.ADC_ResetCalibration  stm32f10x_adc.o
    0x0800061a   0x0800061a   0x00000016   Code   RO          227    i.ADC_SoftwareStartConvCmd  stm32f10x_adc.o
    0x08000630   0x08000630   0x0000000a   Code   RO          229    i.ADC_StartCalibration  stm32f10x_adc.o
    0x0800063a   0x0800063a   0x00000002   PAD
    0x0800063c   0x0800063c   0x00000034   Code   RO         3331    i.AD_ConfigAWD      ad.o
    0x08000670   0x08000670   0x0000015c   Code   RO         3332    i.AD_Init           ad.o
    0x080007cc   0x080007cc   0x00000034   Code   RO         3333    i.AD_Restart        ad.o
    0x08000800   0x08000800   0x00000010   Code   RO         3418    i.Abs_I16           waveletenergy.o
    0x08000810   0x08000810   0x00000044   Code   RO         3726    i.Build_Exception_Response  spi_proto.o
    0x08000854   0x08000854   0x00000004   Code   RO         3930    i.BusFault_Handler  stm32f10x_it.o
    0x08000858   0x08000858   0x00000134   Code   RO         3797    i.CAL_PrintADCStatus  main.o
    0x0800098c   0x0800098c   0x000006dc   Code   RO         3798    i.CAL_ProcessCommand  main.o
    0x08001068   0x08001068   0x000001b0   Code   RO         3799    i.CAL_RecordDrop    main.o
    0x08001218   0x08001218   0x00000228   Code   RO         3800    i.CAL_UpdateDisplay  main.o
    0x08001440   0x08001440   0x00000044   Code   RO         3367    i.CRC16_CCITT_FALSE  tf_comm.o
    0x08001484   0x08001484   0x0000003a   Code   RO         3727    i.CRC16_Modbus      spi_proto.o
    0x080014be   0x080014be   0x00000002   PAD
    0x080014c0   0x080014c0   0x00000024   Code   RO         3801    i.Check_System_Status  main.o
    0x080014e4   0x080014e4   0x00000020   Code   RO         3419    i.Clip_To_Int16     waveletenergy.o
    0x08001504   0x08001504   0x00000034   Code   RO         3420    i.Compute_DC_Baseline  waveletenergy.o
    0x08001538   0x08001538   0x00000010   Code   RO         3421    i.Compute_Deadtime_RawSamples  waveletenergy.o
    0x08001548   0x08001548   0x00000032   Code   RO         3422    i.Compute_Energy_SumSquares  waveletenergy.o
    0x0800157a   0x0800157a   0x00000002   PAD
    0x0800157c   0x0800157c   0x00000030   Code   RO         3802    i.Compute_Intensity_MMH  main.o
    0x080015ac   0x080015ac   0x00000054   Code   RO         3423    i.Compute_RawSamples_FromUs  waveletenergy.o
    0x08001600   0x08001600   0x00000138   Code   RO         3931    i.DMA1_Channel1_IRQHandler  stm32f10x_it.o
    0x08001738   0x08001738   0x0000001c   Code   RO          910    i.DMA_ClearITPendingBit  stm32f10x_dma.o
    0x08001754   0x08001754   0x00000018   Code   RO          911    i.DMA_Cmd           stm32f10x_dma.o
    0x0800176c   0x0800176c   0x0000014c   Code   RO          912    i.DMA_DeInit        stm32f10x_dma.o
    0x080018b8   0x080018b8   0x0000002c   Code   RO          915    i.DMA_GetITStatus   stm32f10x_dma.o
    0x080018e4   0x080018e4   0x00000012   Code   RO          916    i.DMA_ITConfig      stm32f10x_dma.o
    0x080018f6   0x080018f6   0x0000003c   Code   RO          917    i.DMA_Init          stm32f10x_dma.o
    0x08001932   0x08001932   0x00000004   Code   RO          918    i.DMA_SetCurrDataCounter  stm32f10x_dma.o
    0x08001936   0x08001936   0x00000002   Code   RO         3932    i.DebugMon_Handler  stm32f10x_it.o
    0x08001938   0x08001938   0x0000000c   Code   RO         3196    i.Delay_Init        delay.o
    0x08001944   0x08001944   0x00000018   Code   RO         3197    i.Delay_ms          delay.o
    0x0800195c   0x0800195c   0x00000036   Code   RO         3199    i.Delay_us          delay.o
    0x08001992   0x08001992   0x00000008   Code   RO         3933    i.EXTI4_IRQHandler  stm32f10x_it.o
    0x0800199a   0x0800199a   0x00000002   PAD
    0x0800199c   0x0800199c   0x0000000c   Code   RO          985    i.EXTI_ClearITPendingBit  stm32f10x_exti.o
    0x080019a8   0x080019a8   0x00000028   Code   RO          989    i.EXTI_GetITStatus  stm32f10x_exti.o
    0x080019d0   0x080019d0   0x00000094   Code   RO          990    i.EXTI_Init         stm32f10x_exti.o
    0x08001a64   0x08001a64   0x0000005c   Code   RO         3424    i.EventEnvelope_Finalize  waveletenergy.o
    0x08001ac0   0x08001ac0   0x0000002c   Code   RO         3425    i.EventEnvelope_Reset  waveletenergy.o
    0x08001aec   0x08001aec   0x0000016a   Code   RO         3426    i.EventSnapshot_Analyze  waveletenergy.o
    0x08001c56   0x08001c56   0x0000007a   Code   RO         3427    i.EventSnapshot_Append  waveletenergy.o
    0x08001cd0   0x08001cd0   0x0000006e   Code   RO         3428    i.EventSnapshot_Start  waveletenergy.o
    0x08001d3e   0x08001d3e   0x00000016   Code   RO         3429    i.Event_IsActiveSample  waveletenergy.o
    0x08001d54   0x08001d54   0x000000e0   Code   RO         3430    i.Extract_Energy    waveletenergy.o
    0x08001e34   0x08001e34   0x00000042   Code   RO         3431    i.Fill_Window_Centered  waveletenergy.o
    0x08001e76   0x08001e76   0x0000003a   Code   RO         3803    i.Float_To_U32_Clamp  main.o
    0x08001eb0   0x08001eb0   0x00000040   Code   RO         1344    i.GPIO_EXTILineConfig  stm32f10x_gpio.o
    0x08001ef0   0x08001ef0   0x00000116   Code   RO         1347    i.GPIO_Init         stm32f10x_gpio.o
    0x08002006   0x08002006   0x00000012   Code   RO         1351    i.GPIO_ReadInputDataBit  stm32f10x_gpio.o
    0x08002018   0x08002018   0x0000000a   Code   RO         1358    i.GPIO_WriteBit     stm32f10x_gpio.o
    0x08002022   0x08002022   0x00000042   Code   RO         3432    i.Haar_DWT_Step     waveletenergy.o
    0x08002064   0x08002064   0x00000004   Code   RO         3934    i.HardFault_Handler  stm32f10x_it.o
    0x08002068   0x08002068   0x00000010   Code   RO         1665    i.IWDG_Enable       stm32f10x_iwdg.o
    0x08002078   0x08002078   0x00000018   Code   RO         1666    i.IWDG_GetFlagStatus  stm32f10x_iwdg.o
    0x08002090   0x08002090   0x0000004a   Code   RO         3804    i.IWDG_Init         main.o
    0x080020da   0x080020da   0x00000002   PAD
    0x080020dc   0x080020dc   0x00000010   Code   RO         1667    i.IWDG_ReloadCounter  stm32f10x_iwdg.o
    0x080020ec   0x080020ec   0x0000000c   Code   RO         1668    i.IWDG_SetPrescaler  stm32f10x_iwdg.o
    0x080020f8   0x080020f8   0x0000000c   Code   RO         1669    i.IWDG_SetReload    stm32f10x_iwdg.o
    0x08002104   0x08002104   0x0000000c   Code   RO         1670    i.IWDG_WriteAccessCmd  stm32f10x_iwdg.o
    0x08002110   0x08002110   0x00000004   Code   RO         3935    i.MemManage_Handler  stm32f10x_it.o
    0x08002114   0x08002114   0x0000003a   Code   RO         3612    i.Modbus_CRC16      modbus_slave.o
    0x0800214e   0x0800214e   0x00000002   PAD
    0x08002150   0x08002150   0x00000248   Code   RO         3613    i.Modbus_Handle_Frame  modbus_slave.o
    0x08002398   0x08002398   0x0000003c   Code   RO         3614    i.Modbus_Send_Response  modbus_slave.o
    0x080023d4   0x080023d4   0x00000010   Code   RO         3615    i.Modbus_Slave_1msTick  modbus_slave.o
    0x080023e4   0x080023e4   0x00000128   Code   RO         3616    i.Modbus_Slave_Init  modbus_slave.o
    0x0800250c   0x0800250c   0x00000084   Code   RO         3617    i.Modbus_Slave_Process  modbus_slave.o
    0x08002590   0x08002590   0x00000048   Code   RO         3618    i.Modbus_Slave_RX_IRQHandler  modbus_slave.o
    0x080025d8   0x080025d8   0x00000002   Code   RO         3936    i.NMI_Handler       stm32f10x_it.o
    0x080025da   0x080025da   0x00000002   PAD
    0x080025dc   0x080025dc   0x00000070   Code   RO          137    i.NVIC_Init         misc.o
    0x0800264c   0x0800264c   0x0000002a   Code   RO         3226    i.OLED_Clear        oled.o
    0x08002676   0x08002676   0x00000002   PAD
    0x08002678   0x08002678   0x00000040   Code   RO         3227    i.OLED_I2C_Init     oled.o
    0x080026b8   0x080026b8   0x0000007c   Code   RO         3228    i.OLED_I2C_SendByte  oled.o
    0x08002734   0x08002734   0x00000048   Code   RO         3229    i.OLED_I2C_Start    oled.o
    0x0800277c   0x0800277c   0x0000003c   Code   RO         3230    i.OLED_I2C_Stop     oled.o
    0x080027b8   0x080027b8   0x000000b4   Code   RO         3231    i.OLED_Init         oled.o
    0x0800286c   0x0800286c   0x00000014   Code   RO         3232    i.OLED_Pow          oled.o
    0x08002880   0x08002880   0x00000024   Code   RO         3233    i.OLED_SetCursor    oled.o
    0x080028a4   0x080028a4   0x00000074   Code   RO         3234    i.OLED_ShowChar     oled.o
    0x08002918   0x08002918   0x00000044   Code   RO         3236    i.OLED_ShowNum      oled.o
    0x0800295c   0x0800295c   0x00000028   Code   RO         3238    i.OLED_ShowString   oled.o
    0x08002984   0x08002984   0x00000020   Code   RO         3239    i.OLED_WriteCommand  oled.o
    0x080029a4   0x080029a4   0x00000020   Code   RO         3240    i.OLED_WriteData    oled.o
    0x080029c4   0x080029c4   0x00000314   Code   RO         3728    i.Parse_And_Build_Response  spi_proto.o
    0x08002cd8   0x08002cd8   0x00000002   Code   RO         3937    i.PendSV_Handler    stm32f10x_it.o
    0x08002cda   0x08002cda   0x00000002   PAD
    0x08002cdc   0x08002cdc   0x00000018   Code   RO         1773    i.RCC_ADCCLKConfig  stm32f10x_rcc.o
    0x08002cf4   0x08002cf4   0x00000020   Code   RO         1774    i.RCC_AHBPeriphClockCmd  stm32f10x_rcc.o
    0x08002d14   0x08002d14   0x00000020   Code   RO         1775    i.RCC_APB1PeriphClockCmd  stm32f10x_rcc.o
    0x08002d34   0x08002d34   0x00000020   Code   RO         1776    i.RCC_APB1PeriphResetCmd  stm32f10x_rcc.o
    0x08002d54   0x08002d54   0x00000020   Code   RO         1777    i.RCC_APB2PeriphClockCmd  stm32f10x_rcc.o
    0x08002d74   0x08002d74   0x00000020   Code   RO         1778    i.RCC_APB2PeriphResetCmd  stm32f10x_rcc.o
    0x08002d94   0x08002d94   0x000000d4   Code   RO         1785    i.RCC_GetClocksFreq  stm32f10x_rcc.o
    0x08002e68   0x08002e68   0x00000014   Code   RO         4037    i.Raindrop_AddVolume  raindrop.o
    0x08002e7c   0x08002e7c   0x0000000c   Code   RO         4038    i.Raindrop_GetTotalVolume_0p01mm3  raindrop.o
    0x08002e88   0x08002e88   0x0000007c   Code   RO         4039    i.Raindrop_ImpulseToVolume  raindrop.o
    0x08002f04   0x08002f04   0x00000014   Code   RO         4040    i.Raindrop_Init     raindrop.o
    0x08002f18   0x08002f18   0x00000018   Code   RO         4043    i.Raindrop_UpdateRefractory  raindrop.o
    0x08002f30   0x08002f30   0x00000010   Code   RO         3619    i.Read_Holding_Reg  modbus_slave.o
    0x08002f40   0x08002f40   0x00000010   Code   RO         3620    i.Read_Input_Reg    modbus_slave.o
    0x08002f50   0x08002f50   0x0000000c   Code   RO         3681    i.RegisterMap_GetSlaveAddr  registermap.o
    0x08002f5c   0x08002f5c   0x00000010   Code   RO         3682    i.RegisterMap_Init  registermap.o
    0x08002f6c   0x08002f6c   0x00000020   Code   RO         3683    i.RegisterMap_ReadHolding  registermap.o
    0x08002f8c   0x08002f8c   0x00000198   Code   RO         3684    i.RegisterMap_ReadInput  registermap.o
    0x08003124   0x08003124   0x00000034   Code   RO         3686    i.RegisterMap_WriteHolding  registermap.o
    0x08003158   0x08003158   0x00000008   Code   RO         3938    i.SPI1_IRQHandler   stm32f10x_it.o
    0x08003160   0x08003160   0x00000018   Code   RO         2263    i.SPI_Cmd           stm32f10x_spi.o
    0x08003178   0x08003178   0x00000058   Code   RO         2270    i.SPI_I2S_DeInit    stm32f10x_spi.o
    0x080031d0   0x080031d0   0x00000034   Code   RO         2272    i.SPI_I2S_GetITStatus  stm32f10x_spi.o
    0x08003204   0x08003204   0x00000020   Code   RO         2273    i.SPI_I2S_ITConfig  stm32f10x_spi.o
    0x08003224   0x08003224   0x0000003c   Code   RO         2276    i.SPI_Init          stm32f10x_spi.o
    0x08003260   0x08003260   0x000000f4   Code   RO         3753    i.SPI_SlaveLink_EXTI4_IRQHandler  spi_slavelink.o
    0x08003354   0x08003354   0x00000164   Code   RO         3754    i.SPI_SlaveLink_Init  spi_slavelink.o
    0x080034b8   0x080034b8   0x0000018c   Code   RO         3755    i.SPI_SlaveLink_SPI1_IRQHandler  spi_slavelink.o
    0x08003644   0x08003644   0x00000002   Code   RO         3939    i.SVC_Handler       stm32f10x_it.o
    0x08003646   0x08003646   0x00000002   PAD
    0x08003648   0x08003648   0x00000034   Code   RO         3805    i.Samples_To_Ms     main.o
    0x0800367c   0x0800367c   0x00000018   Code   RO         3433    i.Saturate_U64_To_U32  waveletenergy.o
    0x08003694   0x08003694   0x00000378   Code   RO         3806    i.Send_Debug_Statistics  main.o
    0x08003a0c   0x08003a0c   0x000000a8   Code   RO         3807    i.Send_Live_Stream  main.o
    0x08003ab4   0x08003ab4   0x00000008   Code   RO           24    i.SetSysClock       system_stm32f10x.o
    0x08003abc   0x08003abc   0x000000e0   Code   RO           25    i.SetSysClockTo72   system_stm32f10x.o
    0x08003b9c   0x08003b9c   0x00000028   Code   RO          141    i.SysTick_CLKSourceConfig  misc.o
    0x08003bc4   0x08003bc4   0x00000002   Code   RO         3940    i.SysTick_Handler   stm32f10x_it.o
    0x08003bc6   0x08003bc6   0x00000002   PAD
    0x08003bc8   0x08003bc8   0x00000060   Code   RO           27    i.SystemInit        system_stm32f10x.o
    0x08003c28   0x08003c28   0x000000e0   Code   RO         3369    i.TF_Comm_Init      tf_comm.o
    0x08003d08   0x08003d08   0x000001a4   Code   RO         3370    i.TF_Comm_SendEvent  tf_comm.o
    0x08003eac   0x08003eac   0x00000094   Code   RO         3371    i.TF_Comm_TX_IRQHandler  tf_comm.o
    0x08003f40   0x08003f40   0x00000028   Code   RO         3941    i.TIM2_IRQHandler   stm32f10x_it.o
    0x08003f68   0x08003f68   0x00000006   Code   RO         2415    i.TIM_ClearFlag     stm32f10x_tim.o
    0x08003f6e   0x08003f6e   0x00000006   Code   RO         2416    i.TIM_ClearITPendingBit  stm32f10x_tim.o
    0x08003f74   0x08003f74   0x00000018   Code   RO         2421    i.TIM_Cmd           stm32f10x_tim.o
    0x08003f8c   0x08003f8c   0x00000022   Code   RO         2442    i.TIM_GetITStatus   stm32f10x_tim.o
    0x08003fae   0x08003fae   0x00000012   Code   RO         2446    i.TIM_ITConfig      stm32f10x_tim.o
    0x08003fc0   0x08003fc0   0x000000a4   Code   RO         2492    i.TIM_TimeBaseInit  stm32f10x_tim.o
    0x08004064   0x08004064   0x00000012   Code   RO         2493    i.TIM_TimeBaseStructInit  stm32f10x_tim.o
    0x08004076   0x08004076   0x00000002   PAD
    0x08004078   0x08004078   0x0000001c   Code   RO         3756    i.TXE_Disable       spi_slavelink.o
    0x08004094   0x08004094   0x0000001c   Code   RO         3757    i.TXE_Enable        spi_slavelink.o
    0x080040b0   0x080040b0   0x00000088   Code   RO         3808    i.USART1_Config     main.o
    0x08004138   0x08004138   0x00000020   Code   RO         3809    i.USART1_SendByte   main.o
    0x08004158   0x08004158   0x00000054   Code   RO         3810    i.USART1_SendFloat_WithTail  main.o
    0x080041ac   0x080041ac   0x00000016   Code   RO         3812    i.USART1_SendString  main.o
    0x080041c2   0x080041c2   0x00000062   Code   RO         3813    i.USART1_SendUint32  main.o
    0x08004224   0x08004224   0x00000024   Code   RO         3942    i.USART2_IRQHandler  stm32f10x_it.o
    0x08004248   0x08004248   0x00000008   Code   RO         3943    i.USART3_IRQHandler  stm32f10x_it.o
    0x08004250   0x08004250   0x00000018   Code   RO         2960    i.USART_Cmd         stm32f10x_usart.o
    0x08004268   0x08004268   0x0000001a   Code   RO         2963    i.USART_GetFlagStatus  stm32f10x_usart.o
    0x08004282   0x08004282   0x00000054   Code   RO         2964    i.USART_GetITStatus  stm32f10x_usart.o
    0x080042d6   0x080042d6   0x0000004a   Code   RO         2966    i.USART_ITConfig    stm32f10x_usart.o
    0x08004320   0x08004320   0x000000d8   Code   RO         2967    i.USART_Init        stm32f10x_usart.o
    0x080043f8   0x080043f8   0x0000000a   Code   RO         2974    i.USART_ReceiveData  stm32f10x_usart.o
    0x08004402   0x08004402   0x00000008   Code   RO         2977    i.USART_SendData    stm32f10x_usart.o
    0x0800440a   0x0800440a   0x00000018   Code   RO         2983    i.USART_StructInit  stm32f10x_usart.o
    0x08004422   0x08004422   0x00000004   Code   RO         3944    i.UsageFault_Handler  stm32f10x_it.o
    0x08004426   0x08004426   0x00000006   Code   RO         3436    i.WaveletEnergy_GetBaselineEnergy  waveletenergy.o
    0x0800442c   0x0800442c   0x00000006   Code   RO         3437    i.WaveletEnergy_GetCurrentEnergy  waveletenergy.o
    0x08004432   0x08004432   0x00000006   Code   RO         3439    i.WaveletEnergy_GetHFRatio  waveletenergy.o
    0x08004438   0x08004438   0x0000002a   Code   RO         3440    i.WaveletEnergy_GetLearningProgress  waveletenergy.o
    0x08004462   0x08004462   0x00000038   Code   RO         3441    i.WaveletEnergy_GetNormRatio  waveletenergy.o
    0x0800449a   0x0800449a   0x00000006   Code   RO         3443    i.WaveletEnergy_GetThreshold  waveletenergy.o
    0x080044a0   0x080044a0   0x00000050   Code   RO         3445    i.WaveletEnergy_InitWithSampleRate  waveletenergy.o
    0x080044f0   0x080044f0   0x00000016   Code   RO         3446    i.WaveletEnergy_PopNoiseEvent  waveletenergy.o
    0x08004506   0x08004506   0x00000016   Code   RO         3447    i.WaveletEnergy_PopVibEvent  waveletenergy.o
    0x0800451c   0x0800451c   0x00000108   Code   RO         3448    i.WaveletEnergy_ProcessNewSamples  waveletenergy.o
    0x08004624   0x08004624   0x00000368   Code   RO         3449    i.WaveletEnergy_Update  waveletenergy.o
    0x0800498c   0x0800498c   0x00000028   Code   RO         3621    i.Write_Holding_Reg  modbus_slave.o
    0x080049b4   0x080049b4   0x00000300   Code   RO         3815    i.main              main.o
    0x08004cb4   0x08004cb4   0x00000008   Code   RO         3372    i.put_u16_be        tf_comm.o
    0x08004cbc   0x08004cbc   0x00000010   Code   RO         3373    i.put_u32_be        tf_comm.o
    0x08004ccc   0x08004ccc   0x000000c4   Code   RO         4120    x$fpl$fadd          fz_ws.l(faddsub_clz.o)
    0x08004d90   0x08004d90   0x00000018   Code   RO         4149    x$fpl$fcmpinf       fz_ws.l(fcmpi.o)
    0x08004da8   0x08004da8   0x00000184   Code   RO         4127    x$fpl$fdiv          fz_ws.l(fdiv.o)
    0x08004f2c   0x08004f2c   0x0000003e   Code   RO         4130    x$fpl$ffixu         fz_ws.l(ffixu.o)
    0x08004f6a   0x08004f6a   0x00000002   PAD
    0x08004f6c   0x08004f6c   0x00000030   Code   RO         4135    x$fpl$fflt          fz_ws.l(fflt_clz.o)
    0x08004f9c   0x08004f9c   0x00000026   Code   RO         4134    x$fpl$ffltu         fz_ws.l(fflt_clz.o)
    0x08004fc2   0x08004fc2   0x00000002   PAD
    0x08004fc4   0x08004fc4   0x00000068   Code   RO         4140    x$fpl$fleqf         fz_ws.l(fleqf.o)
    0x0800502c   0x0800502c   0x00000102   Code   RO         4142    x$fpl$fmul          fz_ws.l(fmul.o)
    0x0800512e   0x0800512e   0x0000008c   Code   RO         4151    x$fpl$fnaninf       fz_ws.l(fnaninf.o)
    0x080051ba   0x080051ba   0x0000000a   Code   RO         4153    x$fpl$fretinf       fz_ws.l(fretinf.o)
    0x080051c4   0x080051c4   0x000000ea   Code   RO         4122    x$fpl$fsub          fz_ws.l(faddsub_clz.o)
    0x080052ae   0x080052ae   0x00000000   Code   RO         4155    x$fpl$usenofp       fz_ws.l(usenofp.o)
    0x080052ae   0x080052ae   0x000005f0   Data   RO         3241    .constdata          oled.o
    0x0800589e   0x0800589e   0x00000002   PAD
    0x080058a0   0x080058a0   0x0000004c   Data   RO         3817    .conststring        main.o
    0x080058ec   0x080058ec   0x00000020   Data   RO         4314    Region$$Table       anon$$obj.o


    Execution Region RW_IRAM1 (Exec base: 0x20000000, Load base: 0x0800590c, Size: 0x00003338, Max: 0x00005000, ABSOLUTE)

    Exec Addr    Load Addr    Size         Type   Attr      Idx    E Section Name        Object

    0x20000000   0x0800590c   0x00000014   Data   RW         1805    .data               stm32f10x_rcc.o
    0x20000014   0x08005920   0x00000022   Data   RW         3336    .data               ad.o
    0x20000036   0x08005942   0x00000003   Data   RW         3375    .data               tf_comm.o
    0x20000039   0x08005945   0x00000003   PAD
    0x2000003c   0x08005948   0x00000004   Data   RW         3451    .data               waveletenergy.o
    0x20000040   0x0800594c   0x00000010   Data   RW         3623    .data               modbus_slave.o
    0x20000050   0x0800595c   0x00000001   Data   RW         3687    .data               registermap.o
    0x20000051   0x0800595d   0x00000001   PAD
    0x20000052   0x0800595e   0x0000000d   Data   RW         3759    .data               spi_slavelink.o
    0x2000005f   0x0800596b   0x00000001   PAD
    0x20000060   0x0800596c   0x0000004e   Data   RW         3818    .data               main.o
    0x200000ae   0x080059ba   0x00000002   PAD
    0x200000b0   0x080059bc   0x00000008   Data   RW         4046    .data               raindrop.o
    0x200000b8        -       0x00000b10   Zero   RW         3335    .bss                ad.o
    0x20000bc8        -       0x00000210   Zero   RW         3374    .bss                tf_comm.o
    0x20000dd8        -       0x000000e0   Zero   RW         3450    .bss                waveletenergy.o
    0x20000eb8        -       0x00000100   Zero   RW         3622    .bss                modbus_slave.o
    0x20000fb8        -       0x000000a0   Zero   RW         3758    .bss                spi_slavelink.o
    0x20001058        -       0x00001c7c   Zero   RW         3816    .bss                main.o
    0x20002cd4        -       0x00000060   Zero   RW         4188    .bss                c_w.l(libspace.o)
    0x20002d34   0x080059c4   0x00000004   PAD
    0x20002d38        -       0x00000200   Zero   RW            2    HEAP                startup_stm32f10x_md.o
    0x20002f38        -       0x00000400   Zero   RW            1    STACK               startup_stm32f10x_md.o


==============================================================================

Image component sizes


      Code (inc. data)   RO Data    RW Data    ZI Data      Debug   Object Name

       452         38          0         34       2832       3243   ad.o
         0          0          0          0          0       4516   core_cm3.o
        90          0          0          0          0       1375   delay.o
      5512       1632         76         78       7292      16503   main.o
       152         12          0          0          0     215890   misc.o
      1290         72          0         16        256       8027   modbus_slave.o
       886         28       1520          0          0       7513   oled.o
       200         34          0          8          0       3332   raindrop.o
       520         88          0          1          0       3718   registermap.o
       914         24          0          0          0       3594   spi_proto.o
      1052        116          0         13        160       4288   spi_slavelink.o
        64         26        236          0       1536        812   startup_stm32f10x_md.o
       502         14          0          0          0      21131   stm32f10x_adc.o
       510         26          0          0          0      15156   stm32f10x_dma.o
       200         18          0          0          0       4068   stm32f10x_exti.o
       370          4          0          0          0      11890   stm32f10x_gpio.o
       486         50          0          0          0       7508   stm32f10x_it.o
        92         34          0          0          0       2811   stm32f10x_iwdg.o
       396         56          0         20          0      15047   stm32f10x_rcc.o
       256         12          0          0          0      10751   stm32f10x_spi.o
       270         42          0          0          0      24603   stm32f10x_tim.o
       466          6          0          0          0      12324   stm32f10x_usart.o
       328         28          0          0          0      61853   system_stm32f10x.o
       884         46          0          3        528       4911   tf_comm.o
      2764         62          0          4        224      21522   waveletenergy.o

    ----------------------------------------------------------------------
     18680       2468       1866        184      12828     486386   Object Totals
         0          0         32          0          0          0   (incl. Generated)
        24          0          2          7          0          0   (incl. Padding)

    ----------------------------------------------------------------------

      Code (inc. data)   RO Data    RW Data    ZI Data      Debug   Library Member Name

         8          0          0          0          0         68   __main.o
         0          0          0          0          0          0   __rtentry.o
        12          0          0          0          0          0   __rtentry2.o
         6          0          0          0          0          0   __rtentry4.o
        52          8          0          0          0          0   __scatter.o
        26          0          0          0          0          0   __scatter_copy.o
        28          0          0          0          0          0   __scatter_zi.o
        18          0          0          0          0         80   exit.o
         6          0          0          0          0        152   heapauxi.o
         0          0          0          0          0          0   indicate_semi.o
         2          0          0          0          0          0   libinit.o
         2          0          0          0          0          0   libinit2.o
         2          0          0          0          0          0   libshutdown.o
         2          0          0          0          0          0   libshutdown2.o
         8          4          0          0         96         68   libspace.o
       238          0          0          0          0        100   lludivv7m.o
        78          0          0          0          0         80   rt_memclr_w.o
         2          0          0          0          0          0   rtexit.o
        10          0          0          0          0          0   rtexit2.o
       150          0          0          0          0         80   strncmp.o
        12          4          0          0          0         68   sys_exit.o
        74          0          0          0          0         80   sys_stackheap_outer.o
         2          0          0          0          0         68   use_no_semi.o
       430          8          0          0          0        168   faddsub_clz.o
        24          0          0          0          0         68   fcmpi.o
       388         76          0          0          0         96   fdiv.o
        62          4          0          0          0         84   ffixu.o
        86          0          0          0          0        136   fflt_clz.o
       104          4          0          0          0         84   fleqf.o
       258          4          0          0          0         84   fmul.o
       140          4          0          0          0         84   fnaninf.o
        10          0          0          0          0         68   fretinf.o
         0          0          0          0          0          0   usenofp.o

    ----------------------------------------------------------------------
      2250        116          0          0        100       1716   Library Totals
        10          0          0          0          4          0   (incl. Padding)

    ----------------------------------------------------------------------

      Code (inc. data)   RO Data    RW Data    ZI Data      Debug   Library Name

       738         16          0          0         96        844   c_w.l
      1502        100          0          0          0        872   fz_ws.l

    ----------------------------------------------------------------------
      2250        116          0          0        100       1716   Library Totals

    ----------------------------------------------------------------------

==============================================================================


      Code (inc. data)   RO Data    RW Data    ZI Data      Debug   

     20930       2584       1866        184      12928     478114   Grand Totals
     20930       2584       1866        184      12928     478114   ELF Image Totals
     20930       2584       1866        184          0          0   ROM Totals

==============================================================================

    Total RO  Size (Code + RO Data)                22796 (  22.26kB)
    Total RW  Size (RW Data + ZI Data)             13112 (  12.80kB)
    Total ROM Size (Code + RO Data + RW Data)      22980 (  22.44kB)

==============================================================================

