Component: ARM Compiler 5.06 update 5 (build 528) Tool: armlink [4d35e2]

==============================================================================

Section Cross References

    startup_stm32f10x_md.o(STACK) refers (Special) to heapauxi.o(.text) for __use_two_region_memory
    startup_stm32f10x_md.o(HEAP) refers (Special) to heapauxi.o(.text) for __use_two_region_memory
    startup_stm32f10x_md.o(RESET) refers (Special) to heapauxi.o(.text) for __use_two_region_memory
    startup_stm32f10x_md.o(RESET) refers to startup_stm32f10x_md.o(STACK) for __initial_sp
    startup_stm32f10x_md.o(RESET) refers to startup_stm32f10x_md.o(.text) for Reset_Handler
    startup_stm32f10x_md.o(RESET) refers to stm32f10x_it.o(i.NMI_Handler) for NMI_Handler
    startup_stm32f10x_md.o(RESET) refers to stm32f10x_it.o(i.HardFault_Handler) for HardFault_Handler
    startup_stm32f10x_md.o(RESET) refers to stm32f10x_it.o(i.MemManage_Handler) for MemManage_Handler
    startup_stm32f10x_md.o(RESET) refers to stm32f10x_it.o(i.BusFault_Handler) for BusFault_Handler
    startup_stm32f10x_md.o(RESET) refers to stm32f10x_it.o(i.UsageFault_Handler) for UsageFault_Handler
    startup_stm32f10x_md.o(RESET) refers to stm32f10x_it.o(i.SVC_Handler) for SVC_Handler
    startup_stm32f10x_md.o(RESET) refers to stm32f10x_it.o(i.DebugMon_Handler) for DebugMon_Handler
    startup_stm32f10x_md.o(RESET) refers to stm32f10x_it.o(i.PendSV_Handler) for PendSV_Handler
    startup_stm32f10x_md.o(RESET) refers to stm32f10x_it.o(i.SysTick_Handler) for SysTick_Handler
    startup_stm32f10x_md.o(RESET) refers to stm32f10x_it.o(i.EXTI4_IRQHandler) for EXTI4_IRQHandler
    startup_stm32f10x_md.o(RESET) refers to stm32f10x_it.o(i.DMA1_Channel1_IRQHandler) for DMA1_Channel1_IRQHandler
    startup_stm32f10x_md.o(RESET) refers to stm32f10x_it.o(i.ADC1_2_IRQHandler) for ADC1_2_IRQHandler
    startup_stm32f10x_md.o(RESET) refers to stm32f10x_it.o(i.TIM2_IRQHandler) for TIM2_IRQHandler
    startup_stm32f10x_md.o(RESET) refers to stm32f10x_it.o(i.SPI1_IRQHandler) for SPI1_IRQHandler
    startup_stm32f10x_md.o(RESET) refers to stm32f10x_it.o(i.USART2_IRQHandler) for USART2_IRQHandler
    startup_stm32f10x_md.o(RESET) refers to stm32f10x_it.o(i.USART3_IRQHandler) for USART3_IRQHandler
    startup_stm32f10x_md.o(.text) refers (Special) to heapauxi.o(.text) for __use_two_region_memory
    startup_stm32f10x_md.o(.text) refers to system_stm32f10x.o(i.SystemInit) for SystemInit
    startup_stm32f10x_md.o(.text) refers to __main.o(!!!main) for __main
    startup_stm32f10x_md.o(.text) refers to startup_stm32f10x_md.o(HEAP) for Heap_Mem
    startup_stm32f10x_md.o(.text) refers to startup_stm32f10x_md.o(STACK) for Stack_Mem
    system_stm32f10x.o(i.SetSysClock) refers to system_stm32f10x.o(i.SetSysClockTo72) for SetSysClockTo72
    system_stm32f10x.o(i.SystemCoreClockUpdate) refers to system_stm32f10x.o(.data) for SystemCoreClock
    system_stm32f10x.o(i.SystemInit) refers to system_stm32f10x.o(i.SetSysClock) for SetSysClock
    stm32f10x_adc.o(i.ADC_DeInit) refers to stm32f10x_rcc.o(i.RCC_APB2PeriphResetCmd) for RCC_APB2PeriphResetCmd
    stm32f10x_bkp.o(i.BKP_DeInit) refers to stm32f10x_rcc.o(i.RCC_BackupResetCmd) for RCC_BackupResetCmd
    stm32f10x_can.o(i.CAN_DeInit) refers to stm32f10x_rcc.o(i.RCC_APB1PeriphResetCmd) for RCC_APB1PeriphResetCmd
    stm32f10x_can.o(i.CAN_GetITStatus) refers to stm32f10x_can.o(i.CheckITStatus) for CheckITStatus
    stm32f10x_cec.o(i.CEC_DeInit) refers to stm32f10x_rcc.o(i.RCC_APB1PeriphResetCmd) for RCC_APB1PeriphResetCmd
    stm32f10x_dac.o(i.DAC_DeInit) refers to stm32f10x_rcc.o(i.RCC_APB1PeriphResetCmd) for RCC_APB1PeriphResetCmd
    stm32f10x_flash.o(i.FLASH_EnableWriteProtection) refers to stm32f10x_flash.o(i.FLASH_WaitForLastOperation) for FLASH_WaitForLastOperation
    stm32f10x_flash.o(i.FLASH_EraseAllBank1Pages) refers to stm32f10x_flash.o(i.FLASH_WaitForLastBank1Operation) for FLASH_WaitForLastBank1Operation
    stm32f10x_flash.o(i.FLASH_EraseAllPages) refers to stm32f10x_flash.o(i.FLASH_WaitForLastOperation) for FLASH_WaitForLastOperation
    stm32f10x_flash.o(i.FLASH_EraseOptionBytes) refers to stm32f10x_flash.o(i.FLASH_GetReadOutProtectionStatus) for FLASH_GetReadOutProtectionStatus
    stm32f10x_flash.o(i.FLASH_EraseOptionBytes) refers to stm32f10x_flash.o(i.FLASH_WaitForLastOperation) for FLASH_WaitForLastOperation
    stm32f10x_flash.o(i.FLASH_ErasePage) refers to stm32f10x_flash.o(i.FLASH_WaitForLastOperation) for FLASH_WaitForLastOperation
    stm32f10x_flash.o(i.FLASH_ProgramHalfWord) refers to stm32f10x_flash.o(i.FLASH_WaitForLastOperation) for FLASH_WaitForLastOperation
    stm32f10x_flash.o(i.FLASH_ProgramOptionByteData) refers to stm32f10x_flash.o(i.FLASH_WaitForLastOperation) for FLASH_WaitForLastOperation
    stm32f10x_flash.o(i.FLASH_ProgramWord) refers to stm32f10x_flash.o(i.FLASH_WaitForLastOperation) for FLASH_WaitForLastOperation
[...]
    i.Samples_To_Ms                          0x08004a3c   Section        0  main.o(i.Samples_To_Ms)
    Samples_To_Ms                            0x08004a3d   Thumb Code    46  main.o(i.Samples_To_Ms)
    i.Saturate_U64_To_U32                    0x08004a70   Section        0  waveletenergy.o(i.Saturate_U64_To_U32)
    Saturate_U64_To_U32                      0x08004a71   Thumb Code    24  waveletenergy.o(i.Saturate_U64_To_U32)
    i.Send_Debug_Statistics                  0x08004a88   Section        0  main.o(i.Send_Debug_Statistics)
    Send_Debug_Statistics                    0x08004a89   Thumb Code   808  main.o(i.Send_Debug_Statistics)
    i.Send_Live_Stream                       0x08005030   Section        0  main.o(i.Send_Live_Stream)
    Send_Live_Stream                         0x08005031   Thumb Code   148  main.o(i.Send_Live_Stream)
    i.SetSysClock                            0x080050d8   Section        0  system_stm32f10x.o(i.SetSysClock)
    SetSysClock                              0x080050d9   Thumb Code     8  system_stm32f10x.o(i.SetSysClock)
    i.SetSysClockTo72                        0x080050e0   Section        0  system_stm32f10x.o(i.SetSysClockTo72)
    SetSysClockTo72                          0x080050e1   Thumb Code   214  system_stm32f10x.o(i.SetSysClockTo72)
    i.SysTick_CLKSourceConfig                0x080051c0   Section        0  misc.o(i.SysTick_CLKSourceConfig)
    i.SysTick_Handler                        0x080051e8   Section        0  stm32f10x_it.o(i.SysTick_Handler)
    i.SystemInit                             0x080051ec   Section        0  system_stm32f10x.o(i.SystemInit)
    i.TF_Comm_Init                           0x0800524c   Section        0  tf_comm.o(i.TF_Comm_Init)
    i.TF_Comm_SendEvent                      0x0800532c   Section        0  tf_comm.o(i.TF_Comm_SendEvent)
    i.TF_Comm_TX_IRQHandler                  0x080054d0   Section        0  tf_comm.o(i.TF_Comm_TX_IRQHandler)
    i.TIM2_IRQHandler                        0x08005564   Section        0  stm32f10x_it.o(i.TIM2_IRQHandler)
    i.TIM_ClearFlag                          0x0800558c   Section        0  stm32f10x_tim.o(i.TIM_ClearFlag)
    i.TIM_ClearITPendingBit                  0x08005592   Section        0  stm32f10x_tim.o(i.TIM_ClearITPendingBit)
    i.TIM_Cmd                                0x08005598   Section        0  stm32f10x_tim.o(i.TIM_Cmd)
    i.TIM_GetITStatus                        0x080055b0   Section        0  stm32f10x_tim.o(i.TIM_GetITStatus)
    i.TIM_ITConfig                           0x080055d2   Section        0  stm32f10x_tim.o(i.TIM_ITConfig)
    i.TIM_TimeBaseInit                       0x080055e4   Section        0  stm32f10x_tim.o(i.TIM_TimeBaseInit)
    i.TIM_TimeBaseStructInit                 0x08005688   Section        0  stm32f10x_tim.o(i.TIM_TimeBaseStructInit)
    i.TXE_Disable                            0x0800569c   Section        0  spi_slavelink.o(i.TXE_Disable)
    TXE_Disable                              0x0800569d   Thumb Code    20  spi_slavelink.o(i.TXE_Disable)
    i.TXE_Enable                             0x080056b8   Section        0  spi_slavelink.o(i.TXE_Enable)
    TXE_Enable                               0x080056b9   Thumb Code    20  spi_slavelink.o(i.TXE_Enable)
    i.USART1_Config                          0x080056d4   Section        0  main.o(i.USART1_Config)
    USART1_Config                            0x080056d5   Thumb Code   128  main.o(i.USART1_Config)
    i.USART1_SendByte                        0x0800575c   Section        0  main.o(i.USART1_SendByte)
    USART1_SendByte                          0x0800575d   Thumb Code    28  main.o(i.USART1_SendByte)
    i.USART1_SendFloat_WithTail              0x0800577c   Section        0  main.o(i.USART1_SendFloat_WithTail)
    USART1_SendFloat_WithTail                0x0800577d   Thumb Code    78  main.o(i.USART1_SendFloat_WithTail)
    i.USART1_SendString                      0x080057d0   Section        0  main.o(i.USART1_SendString)
    USART1_SendString                        0x080057d1   Thumb Code    22  main.o(i.USART1_SendString)
    i.USART1_SendUint32                      0x080057e6   Section        0  main.o(i.USART1_SendUint32)
    USART1_SendUint32                        0x080057e7   Thumb Code    98  main.o(i.USART1_SendUint32)
    i.USART2_IRQHandler                      0x08005848   Section        0  stm32f10x_it.o(i.USART2_IRQHandler)
    i.USART3_IRQHandler                      0x0800586c   Section        0  stm32f10x_it.o(i.USART3_IRQHandler)
    i.USART_Cmd                              0x08005874   Section        0  stm32f10x_usart.o(i.USART_Cmd)
    i.USART_GetFlagStatus                    0x0800588c   Section        0  stm32f10x_usart.o(i.USART_GetFlagStatus)
    i.USART_GetITStatus                      0x080058a6   Section        0  stm32f10x_usart.o(i.USART_GetITStatus)
    i.USART_ITConfig                         0x080058fa   Section        0  stm32f10x_usart.o(i.USART_ITConfig)
    i.USART_Init                             0x08005944   Section        0  stm32f10x_usart.o(i.USART_Init)
    i.USART_ReceiveData                      0x08005a1c   Section        0  stm32f10x_usart.o(i.USART_ReceiveData)
    i.USART_SendData                         0x08005a26   Section        0  stm32f10x_usart.o(i.USART_SendData)
    i.USART_StructInit                       0x08005a2e   Section        0  stm32f10x_usart.o(i.USART_StructInit)
    i.UsageFault_Handler                     0x08005a46   Section        0  stm32f10x_it.o(i.UsageFault_Handler)
    i.WaveletEnergy_GetBaselineEnergy        0x08005a4a   Section        0  waveletenergy.o(i.WaveletEnergy_GetBaselineEnergy)
    i.WaveletEnergy_GetCurrentEnergy         0x08005a50   Section        0  waveletenergy.o(i.WaveletEnergy_GetCurrentEnergy)
    i.WaveletEnergy_GetHFRatio               0x08005a56   Section        0  waveletenergy.o(i.WaveletEnergy_GetHFRatio)
    i.WaveletEnergy_GetLearningProgress      0x08005a5c   Section        0  waveletenergy.o(i.WaveletEnergy_GetLearningProgress)
    i.WaveletEnergy_GetNormRatio             0x08005a86   Section        0  waveletenergy.o(i.WaveletEnergy_GetNormRatio)
    i.WaveletEnergy_GetThreshold             0x08005abe   Section        0  waveletenergy.o(i.WaveletEnergy_GetThreshold)
    i.WaveletEnergy_InitWithSampleRate       0x08005ac4   Section        0  waveletenergy.o(i.WaveletEnergy_InitWithSampleRate)
    i.WaveletEnergy_PopNoiseEvent            0x08005b28   Section        0  waveletenergy.o(i.WaveletEnergy_PopNoiseEvent)
    i.WaveletEnergy_PopVibEvent              0x08005b3e   Section        0  waveletenergy.o(i.WaveletEnergy_PopVibEvent)
    i.WaveletEnergy_ProcessNewSamples        0x08005b54   Section        0  waveletenergy.o(i.WaveletEnergy_ProcessNewSamples)
    i.WaveletEnergy_Update                   0x08005c5c   Section        0  waveletenergy.o(i.WaveletEnergy_Update)
    i.Write_Holding_Reg                      0x08005ea0   Section        0  modbus_slave.o(i.Write_Holding_Reg)
    Write_Holding_Reg                        0x08005ea1   Thumb Code    36  modbus_slave.o(i.Write_Holding_Reg)
    i.main                                   0x08005ec8   Section        0  main.o(i.main)
    i.put_u16_be                             0x08006250   Section        0  tf_comm.o(i.put_u16_be)
    put_u16_be                               0x08006251   Thumb Code     8  tf_comm.o(i.put_u16_be)
    i.put_u32_be                             0x08006258   Section        0  tf_comm.o(i.put_u32_be)
    put_u32_be                               0x08006259   Thumb Code    16  tf_comm.o(i.put_u32_be)
    x$fpl$fadd                               0x08006268   Section      196  faddsub_clz.o(x$fpl$fadd)
    _fadd1                                   0x08006277   Thumb Code     0  faddsub_clz.o(x$fpl$fadd)
    x$fpl$fcmpinf                            0x0800632c   Section       24  fcmpi.o(x$fpl$fcmpinf)
    x$fpl$fdiv                               0x08006344   Section      388  fdiv.o(x$fpl$fdiv)
    _fdiv1                                   0x08006345   Thumb Code     0  fdiv.o(x$fpl$fdiv)
    x$fpl$ffixu                              0x080064c8   Section       62  ffixu.o(x$fpl$ffixu)
    x$fpl$fflt                               0x08006508   Section       48  fflt_clz.o(x$fpl$fflt)
    x$fpl$ffltu                              0x08006538   Section       38  fflt_clz.o(x$fpl$ffltu)
    x$fpl$fleqf                              0x08006560   Section      104  fleqf.o(x$fpl$fleqf)
    x$fpl$fmul                               0x080065c8   Section      258  fmul.o(x$fpl$fmul)
    x$fpl$fnaninf                            0x080066ca   Section      140  fnaninf.o(x$fpl$fnaninf)
    x$fpl$fretinf                            0x08006756   Section       10  fretinf.o(x$fpl$fretinf)
    x$fpl$frleqf                             0x08006760   Section       98  frleqf.o(x$fpl$frleqf)
    x$fpl$fsub                               0x080067c4   Section      234  faddsub_clz.o(x$fpl$fsub)
    _fsub1                                   0x080067d3   Thumb Code     0  faddsub_clz.o(x$fpl$fsub)
    .constdata                               0x080068ae   Section     1520  oled.o(.constdata)
    x$fpl$usenofp                            0x080068ae   Section        0  usenofp.o(x$fpl$usenofp)
    .constdata                               0x08006ea0   Section       84  raindrop.o(.constdata)
    U_tab_mv                                 0x08006ea0   Data          28  raindrop.o(.constdata)
    V_tab_0p01mm3                            0x08006ebc   Data          56  raindrop.o(.constdata)
    .conststring                             0x08006ef4   Section      114  main.o(.conststring)
    .data                                    0x20000000   Section       20  stm32f10x_rcc.o(.data)
    APBAHBPrescTable                         0x20000000   Data          16  stm32f10x_rcc.o(.data)
    ADCPrescTable                            0x20000010   Data           4  stm32f10x_rcc.o(.data)
    .data                                    0x20000014   Section       34  ad.o(.data)
    .data                                    0x20000036   Section        3  tf_comm.o(.data)
    sequence_counter                         0x20000036   Data           2  tf_comm.o(.data)
    tx_queue_initialized                     0x20000038   Data           1  tf_comm.o(.data)
    .data                                    0x2000003c   Section        4  waveletenergy.o(.data)
    last_write_total                         0x2000003c   Data           4  waveletenergy.o(.data)
    .data                                    0x20000040   Section       16  modbus_slave.o(.data)
    modbus_slave_addr                        0x20000040   Data           1  modbus_slave.o(.data)
    modbus_rx_len                            0x20000042   Data           2  modbus_slave.o(.data)
    modbus_last_rx_ms                        0x20000044   Data           4  modbus_slave.o(.data)
    modbus_frame_busy                        0x20000048   Data           1  modbus_slave.o(.data)
    modbus_ms_counter                        0x2000004c   Data           4  modbus_slave.o(.data)
    .data                                    0x20000050   Section        1  registermap.o(.data)
    s_slave_addr                             0x20000050   Data           1  registermap.o(.data)
    .data                                    0x20000052   Section       13  spi_slavelink.o(.data)
    s_state                                  0x20000054   Data           1  spi_slavelink.o(.data)
    s_rx_idx                                 0x20000056   Data           2  spi_slavelink.o(.data)
    s_expected                               0x20000058   Data           2  spi_slavelink.o(.data)
    s_resp_ready                             0x2000005a   Data           1  spi_slavelink.o(.data)
    s_txe_enabled                            0x2000005b   Data           1  spi_slavelink.o(.data)
    s_tx_idx                                 0x2000005c   Data           2  spi_slavelink.o(.data)
    s_self_node_id                           0x2000005e   Data           1  spi_slavelink.o(.data)
    .data                                    0x20000060   Section       82  main.o(.data)
    last_sec_index_update_ms                 0x20000064   Data           4  main.o(.data)
    last_display_update_ms                   0x20000068   Data           4  main.o(.data)
    last_syscheck_update_ms                  0x2000006c   Data           4  main.o(.data)
    last_debug_counter_ms                    0x20000070   Data           4  main.o(.data)
    g_last_peak_volume_0p01mm3               0x20000078   Data           4  main.o(.data)
    last_sampling_tick                       0x20000084   Data           4  main.o(.data)
    g_cal_record_count                       0x20000094   Data           2  main.o(.data)
    g_cal_group_name                         0x20000096   Data          16  main.o(.data)
    g_cal_group_idx                          0x200000a6   Data           2  main.o(.data)
    g_cal_group_drop_count                   0x200000a8   Data           2  main.o(.data)
    g_usart_cmd_len                          0x200000aa   Data           1  main.o(.data)
    g_live_stream_enable                     0x200000ab   Data           1  main.o(.data)
    last_index                               0x200000b0   Data           2  main.o(.data)
    .data                                    0x200000b4   Section        8  raindrop.o(.data)
    g_refractory_counter                     0x200000b8   Data           4  raindrop.o(.data)
    .bss                                     0x200000bc   Section     2832  ad.o(.bss)
    .bss                                     0x20000bcc   Section      528  tf_comm.o(.bss)
    tx_queue                                 0x20000bcc   Data         528  tf_comm.o(.bss)
    .bss                                     0x20000ddc   Section      224  waveletenergy.o(.bss)
    approx1                                  0x20000ddc   Data          64  waveletenergy.o(.bss)
    detail1                                  0x20000e1c   Data          64  waveletenergy.o(.bss)
    approx2                                  0x20000e5c   Data          32  waveletenergy.o(.bss)
    detail2                                  0x20000e7c   Data          32  waveletenergy.o(.bss)
    approx3                                  0x20000e9c   Data          16  waveletenergy.o(.bss)
    detail3                                  0x20000eac   Data          16  waveletenergy.o(.bss)
    .bss                                     0x20000ebc   Section      256  modbus_slave.o(.bss)
    modbus_rx_buf                            0x20000ebc   Data         256  modbus_slave.o(.bss)
    .bss                                     0x20000fbc   Section      160  spi_slavelink.o(.bss)
    .bss                                     0x20001060   Section    11272  main.o(.bss)
    g_cal_records                            0x200019cc   Data        8800  main.o(.bss)
    g_usart_cmd_buf                          0x20003c2c   Data          32  main.o(.bss)
    g_oled                                   0x20003c4c   Data          28  main.o(.bss)
    .bss                                     0x20003c68   Section       96  libspace.o(.bss)
    HEAP                                     0x20003cc8   Section      512  startup_stm32f10x_md.o(HEAP)
    Heap_Mem                                 0x20003cc8   Data         512  startup_stm32f10x_md.o(HEAP)
    STACK                                    0x20003ec8   Section     1024  startup_stm32f10x_md.o(STACK)
    Stack_Mem                                0x20003ec8   Data        1024  startup_stm32f10x_md.o(STACK)
    __initial_sp                             0x200042c8   Data           0  startup_stm32f10x_md.o(STACK)

    Global Symbols

    Symbol Name                              Value     Ov Type        Size  Object(Section)

    BuildAttributes$$THM_ISAv4$P$D$K$B$S$PE$A:L22UL41UL21$X:L11$S22US41US21$IEEE1$IW$USESV6$~STKCKD$USESV7$~SHL$OSPACE$ROPI$EBA8$UX$STANDARDLIB$REQ8$PRES8$EABIv2 0x00000000   Number         0  anon$$obj.o ABSOLUTE
    __ARM_use_no_argv                        0x00000000   Number         0  main.o ABSOLUTE
    __ARM_exceptions_init                     - Undefined Weak Reference
    __alloca_initialize                       - Undefined Weak Reference
    __arm_preinit_                            - Undefined Weak Reference
    __cpp_initialize__aeabi_                  - Undefined Weak Reference
    __cxa_finalize                            - Undefined Weak Reference
    __rt_locale                               - Undefined Weak Reference
    __sigvec_lookup                           - Undefined Weak Reference
    _atexit_init                              - Undefined Weak Reference
    _call_atexit_fns                          - Undefined Weak Reference
    _clock_init                               - Undefined Weak Reference
    _fp_trap_init                             - Undefined Weak Reference
    _fp_trap_shutdown                         - Undefined Weak Reference
    _get_lc_collate                           - Undefined Weak Reference
    _get_lc_ctype                             - Undefined Weak Reference
    _get_lc_monetary                          - Undefined Weak Reference
    _get_lc_numeric                           - Undefined Weak Reference
    _get_lc_time                              - Undefined Weak Reference
    _getenv_init                              - Undefined Weak Reference
    _handle_redirection                       - Undefined Weak Reference
    _init_alloc                               - Undefined Weak Reference
    _init_user_alloc                          - Undefined Weak Reference
    _initio                                   - Undefined Weak Reference
    _rand_init                                - Undefined Weak Reference
    _signal_finish                            - Undefined Weak Reference
    _signal_init                              - Undefined Weak Reference
    _terminate_alloc                          - Undefined Weak Reference
    _terminate_user_alloc                     - Undefined Weak Reference
    _terminateio                              - Undefined Weak Reference
    __Vectors_Size                           0x000000ec   Number         0  startup_stm32f10x_md.o ABSOLUTE
    __Vectors                                0x08000000   Data           4  startup_stm32f10x_md.o(RESET)
    __Vectors_End                            0x080000ec   Data           0  startup_stm32f10x_md.o(RESET)
    __main                                   0x080000ed   Thumb Code     8  __main.o(!!!main)
    __scatterload                            0x080000f5   Thumb Code     0  __scatter.o(!!!scatter)
    __scatterload_rt2                        0x080000f5   Thumb Code    44  __scatter.o(!!!scatter)
    __scatterload_rt2_thumb_only             0x080000f5   Thumb Code     0  __scatter.o(!!!scatter)
    __scatterload_null                       0x08000103   Thumb Code     0  __scatter.o(!!!scatter)
    __scatterload_copy                       0x08000129   Thumb Code    26  __scatter_copy.o(!!handler_copy)
    __scatterload_zeroinit                   0x08000145   Thumb Code    28  __scatter_zi.o(!!handler_zi)
    __rt_lib_init                            0x08000161   Thumb Code     0  libinit.o(.ARM.Collect$$libinit$$00000000)
    __rt_lib_init_alloca_1                   0x08000163   Thumb Code     0  libinit2.o(.ARM.Collect$$libinit$$0000002E)
    __rt_lib_init_argv_1                     0x08000163   Thumb Code     0  libinit2.o(.ARM.Collect$$libinit$$0000002C)
    __rt_lib_init_atexit_1                   0x08000163   Thumb Code     0  libinit2.o(.ARM.Collect$$libinit$$0000001B)
    __rt_lib_init_clock_1                    0x08000163   Thumb Code     0  libinit2.o(.ARM.Collect$$libinit$$00000021)
    __rt_lib_init_cpp_1                      0x08000163   Thumb Code     0  libinit2.o(.ARM.Collect$$libinit$$00000032)
    __rt_lib_init_exceptions_1               0x08000163   Thumb Code     0  libinit2.o(.ARM.Collect$$libinit$$00000030)
    __rt_lib_init_fp_1                       0x08000163   Thumb Code     0  libinit2.o(.ARM.Collect$$libinit$$00000002)
    __rt_lib_init_fp_trap_1                  0x08000163   Thumb Code     0  libinit2.o(.ARM.Collect$$libinit$$0000001F)
    __rt_lib_init_getenv_1                   0x08000163   Thumb Code     0  libinit2.o(.ARM.Collect$$libinit$$00000023)
    __rt_lib_init_heap_1                     0x08000163   Thumb Code     0  libinit2.o(.ARM.Collect$$libinit$$0000000A)
    __rt_lib_init_lc_collate_1               0x08000163   Thumb Code     0  libinit2.o(.ARM.Collect$$libinit$$00000011)
    __rt_lib_init_lc_ctype_1                 0x08000163   Thumb Code     0  libinit2.o(.ARM.Collect$$libinit$$00000013)
    __rt_lib_init_lc_monetary_1              0x08000163   Thumb Code     0  libinit2.o(.ARM.Collect$$libinit$$00000015)
    __rt_lib_init_lc_numeric_1               0x08000163   Thumb Code     0  libinit2.o(.ARM.Collect$$libinit$$00000017)
    __rt_lib_init_lc_time_1                  0x08000163   Thumb Code     0  libinit2.o(.ARM.Collect$$libinit$$00000019)
    __rt_lib_init_preinit_1                  0x08000163   Thumb Code     0  libinit2.o(.ARM.Collect$$libinit$$00000004)
    __rt_lib_init_rand_1                     0x08000163   Thumb Code     0  libinit2.o(.ARM.Collect$$libinit$$0000000E)
    __rt_lib_init_return                     0x08000163   Thumb Code     0  libinit2.o(.ARM.Collect$$libinit$$00000033)
    __rt_lib_init_signal_1                   0x08000163   Thumb Code     0  libinit2.o(.ARM.Collect$$libinit$$0000001D)
    __rt_lib_init_stdio_1                    0x08000163   Thumb Code     0  libinit2.o(.ARM.Collect$$libinit$$00000025)
    __rt_lib_init_user_alloc_1               0x08000163   Thumb Code     0  libinit2.o(.ARM.Collect$$libinit$$0000000C)
    __rt_lib_shutdown                        0x08000165   Thumb Code     0  libshutdown.o(.ARM.Collect$$libshutdown$$00000000)
    __rt_lib_shutdown_cpp_1                  0x08000167   Thumb Code     0  libshutdown2.o(.ARM.Collect$$libshutdown$$00000002)
    __rt_lib_shutdown_fp_trap_1              0x08000167   Thumb Code     0  libshutdown2.o(.ARM.Collect$$libshutdown$$00000007)
    __rt_lib_shutdown_heap_1                 0x08000167   Thumb Code     0  libshutdown2.o(.ARM.Collect$$libshutdown$$0000000F)
    __rt_lib_shutdown_return                 0x08000167   Thumb Code     0  libshutdown2.o(.ARM.Collect$$libshutdown$$00000010)
    __rt_lib_shutdown_signal_1               0x08000167   Thumb Code     0  libshutdown2.o(.ARM.Collect$$libshutdown$$0000000A)
    __rt_lib_shutdown_stdio_1                0x08000167   Thumb Code     0  libshutdown2.o(.ARM.Collect$$libshutdown$$00000004)
    __rt_lib_shutdown_user_alloc_1           0x08000167   Thumb Code     0  libshutdown2.o(.ARM.Collect$$libshutdown$$0000000C)
    __rt_entry                               0x08000169   Thumb Code     0  __rtentry.o(.ARM.Collect$$rtentry$$00000000)
    __rt_entry_presh_1                       0x08000169   Thumb Code     0  __rtentry2.o(.ARM.Collect$$rtentry$$00000002)
    __rt_entry_sh                            0x08000169   Thumb Code     0  __rtentry4.o(.ARM.Collect$$rtentry$$00000004)
    __rt_entry_li                            0x0800016f   Thumb Code     0  __rtentry2.o(.ARM.Collect$$rtentry$$0000000A)
    __rt_entry_postsh_1                      0x0800016f   Thumb Code     0  __rtentry2.o(.ARM.Collect$$rtentry$$00000009)
    __rt_entry_main                          0x08000173   Thumb Code     0  __rtentry2.o(.ARM.Collect$$rtentry$$0000000D)
    __rt_entry_postli_1                      0x08000173   Thumb Code     0  __rtentry2.o(.ARM.Collect$$rtentry$$0000000C)
    __rt_exit                                0x0800017b   Thumb Code     0  rtexit.o(.ARM.Collect$$rtexit$$00000000)
    __rt_exit_ls                             0x0800017d   Thumb Code     0  rtexit2.o(.ARM.Collect$$rtexit$$00000003)
    __rt_exit_prels_1                        0x0800017d   Thumb Code     0  rtexit2.o(.ARM.Collect$$rtexit$$00000002)
    __rt_exit_exit                           0x08000181   Thumb Code     0  rtexit2.o(.ARM.Collect$$rtexit$$00000004)
    Reset_Handler                            0x08000189   Thumb Code     8  startup_stm32f10x_md.o(.text)
    CAN1_RX1_IRQHandler                      0x080001a3   Thumb Code     0  startup_stm32f10x_md.o(.text)
    CAN1_SCE_IRQHandler                      0x080001a3   Thumb Code     0  startup_stm32f10x_md.o(.text)
    DMA1_Channel2_IRQHandler                 0x080001a3   Thumb Code     0  startup_stm32f10x_md.o(.text)
    DMA1_Channel3_IRQHandler                 0x080001a3   Thumb Code     0  startup_stm32f10x_md.o(.text)
    DMA1_Channel4_IRQHandler                 0x080001a3   Thumb Code     0  startup_stm32f10x_md.o(.text)
    DMA1_Channel5_IRQHandler                 0x080001a3   Thumb Code     0  startup_stm32f10x_md.o(.text)
    DMA1_Channel6_IRQHandler                 0x080001a3   Thumb Code     0  startup_stm32f10x_md.o(.text)
    DMA1_Channel7_IRQHandler                 0x080001a3   Thumb Code     0  startup_stm32f10x_md.o(.text)
    EXTI0_IRQHandler                         0x080001a3   Thumb Code     0  startup_stm32f10x_md.o(.text)
    EXTI15_10_IRQHandler                     0x080001a3   Thumb Code     0  startup_stm32f10x_md.o(.text)
    EXTI1_IRQHandler                         0x080001a3   Thumb Code     0  startup_stm32f10x_md.o(.text)
    EXTI2_IRQHandler                         0x080001a3   Thumb Code     0  startup_stm32f10x_md.o(.text)
    EXTI3_IRQHandler                         0x080001a3   Thumb Code     0  startup_stm32f10x_md.o(.text)
    EXTI9_5_IRQHandler                       0x080001a3   Thumb Code     0  startup_stm32f10x_md.o(.text)
    FLASH_IRQHandler                         0x080001a3   Thumb Code     0  startup_stm32f10x_md.o(.text)
    I2C1_ER_IRQHandler                       0x080001a3   Thumb Code     0  startup_stm32f10x_md.o(.text)
    I2C1_EV_IRQHandler                       0x080001a3   Thumb Code     0  startup_stm32f10x_md.o(.text)
    I2C2_ER_IRQHandler                       0x080001a3   Thumb Code     0  startup_stm32f10x_md.o(.text)
    I2C2_EV_IRQHandler                       0x080001a3   Thumb Code     0  startup_stm32f10x_md.o(.text)
    PVD_IRQHandler                           0x080001a3   Thumb Code     0  startup_stm32f10x_md.o(.text)
    RCC_IRQHandler                           0x080001a3   Thumb Code     0  startup_stm32f10x_md.o(.text)
    RTCAlarm_IRQHandler                      0x080001a3   Thumb Code     0  startup_stm32f10x_md.o(.text)
    RTC_IRQHandler                           0x080001a3   Thumb Code     0  startup_stm32f10x_md.o(.text)
    SPI2_IRQHandler                          0x080001a3   Thumb Code     0  startup_stm32f10x_md.o(.text)
    TAMPER_IRQHandler                        0x080001a3   Thumb Code     0  startup_stm32f10x_md.o(.text)
    TIM1_BRK_IRQHandler                      0x080001a3   Thumb Code     0  startup_stm32f10x_md.o(.text)
    TIM1_CC_IRQHandler                       0x080001a3   Thumb Code     0  startup_stm32f10x_md.o(.text)
    TIM1_TRG_COM_IRQHandler                  0x080001a3   Thumb Code     0  startup_stm32f10x_md.o(.text)
    TIM1_UP_IRQHandler                       0x080001a3   Thumb Code     0  startup_stm32f10x_md.o(.text)
    TIM3_IRQHandler                          0x080001a3   Thumb Code     0  startup_stm32f10x_md.o(.text)
    TIM4_IRQHandler                          0x080001a3   Thumb Code     0  startup_stm32f10x_md.o(.text)
    USART1_IRQHandler                        0x080001a3   Thumb Code     0  startup_stm32f10x_md.o(.text)
    USBWakeUp_IRQHandler                     0x080001a3   Thumb Code     0  startup_stm32f10x_md.o(.text)
    USB_HP_CAN1_TX_IRQHandler                0x080001a3   Thumb Code     0  startup_stm32f10x_md.o(.text)
    USB_LP_CAN1_RX0_IRQHandler               0x080001a3   Thumb Code     0  startup_stm32f10x_md.o(.text)
    WWDG_IRQHandler                          0x080001a3   Thumb Code     0  startup_stm32f10x_md.o(.text)
    __user_initial_stackheap                 0x080001a5   Thumb Code     0  startup_stm32f10x_md.o(.text)
    __aeabi_uldivmod                         0x080001c9   Thumb Code     0  lludivv7m.o(.text)
    _ll_udiv                                 0x080001c9   Thumb Code   238  lludivv7m.o(.text)
    __aeabi_ldivmod                          0x080002b7   Thumb Code     0  llsdiv.o(.text)
    _ll_sdiv                                 0x080002b7   Thumb Code    72  llsdiv.o(.text)
    strncmp                                  0x080002ff   Thumb Code   150  strncmp.o(.text)
    __aeabi_memcpy4                          0x08000395   Thumb Code     0  rt_memcpy_w.o(.text)
    __aeabi_memcpy8                          0x08000395   Thumb Code     0  rt_memcpy_w.o(.text)
    __rt_memcpy_w                            0x08000395   Thumb Code   100  rt_memcpy_w.o(.text)
    _memcpy_lastbytes_aligned                0x080003dd   Thumb Code     0  rt_memcpy_w.o(.text)
    __aeabi_memclr4                          0x080003f9   Thumb Code     0  rt_memclr_w.o(.text)
    __aeabi_memclr8                          0x080003f9   Thumb Code     0  rt_memclr_w.o(.text)
    __rt_memclr_w                            0x080003f9   Thumb Code    78  rt_memclr_w.o(.text)
    _memset_w                                0x080003fd   Thumb Code     0  rt_memclr_w.o(.text)
    __use_two_region_memory                  0x08000447   Thumb Code     2  heapauxi.o(.text)
    __rt_heap_escrow$2region                 0x08000449   Thumb Code     2  heapauxi.o(.text)
    __rt_heap_expand$2region                 0x0800044b   Thumb Code     2  heapauxi.o(.text)
    __user_setup_stackheap                   0x0800044d   Thumb Code    74  sys_stackheap_outer.o(.text)
    exit                                     0x08000497   Thumb Code    18  exit.o(.text)
    __user_libspace                          0x080004a9   Thumb Code     8  libspace.o(.text)
    __user_perproc_libspace                  0x080004a9   Thumb Code     0  libspace.o(.text)
    __user_perthread_libspace                0x080004a9   Thumb Code     0  libspace.o(.text)
    _sys_exit                                0x080004b1   Thumb Code     8  sys_exit.o(.text)
    __I$use$semihosting                      0x080004bd   Thumb Code     0  use_no_semi.o(.text)
    __use_no_semihosting_swi                 0x080004bd   Thumb Code     2  use_no_semi.o(.text)
    __semihosting_library_function           0x080004bf   Thumb Code     0  indicate_semi.o(.text)
    ADC1_2_IRQHandler                        0x080004c1   Thumb Code    38  stm32f10x_it.o(i.ADC1_2_IRQHandler)
    ADC_AnalogWatchdogCmd                    0x080004f1   Thumb Code    16  stm32f10x_adc.o(i.ADC_AnalogWatchdogCmd)
    ADC_AnalogWatchdogSingleChannelConfig    0x08000505   Thumb Code    16  stm32f10x_adc.o(i.ADC_AnalogWatchdogSingleChannelConfig)
    ADC_AnalogWatchdogThresholdsConfig       0x08000515   Thumb Code     6  stm32f10x_adc.o(i.ADC_AnalogWatchdogThresholdsConfig)
    ADC_ClearITPendingBit                    0x0800051b   Thumb Code    10  stm32f10x_adc.o(i.ADC_ClearITPendingBit)
    ADC_Cmd                                  0x08000525   Thumb Code    22  stm32f10x_adc.o(i.ADC_Cmd)
    ADC_DMACmd                               0x0800053b   Thumb Code    22  stm32f10x_adc.o(i.ADC_DMACmd)
    ADC_GetCalibrationStatus                 0x08000551   Thumb Code    20  stm32f10x_adc.o(i.ADC_GetCalibrationStatus)
    ADC_GetITStatus                          0x08000565   Thumb Code    36  stm32f10x_adc.o(i.ADC_GetITStatus)
    ADC_GetResetCalibrationStatus            0x08000589   Thumb Code    20  stm32f10x_adc.o(i.ADC_GetResetCalibrationStatus)
    ADC_ITConfig                             0x0800059d   Thumb Code    24  stm32f10x_adc.o(i.ADC_ITConfig)
    ADC_Init                                 0x080005b5   Thumb Code    70  stm32f10x_adc.o(i.ADC_Init)
    ADC_RegularChannelConfig                 0x08000605   Thumb Code   184  stm32f10x_adc.o(i.ADC_RegularChannelConfig)
    ADC_ResetCalibration                     0x080006bd   Thumb Code    10  stm32f10x_adc.o(i.ADC_ResetCalibration)
    ADC_SoftwareStartConvCmd                 0x080006c7   Thumb Code    22  stm32f10x_adc.o(i.ADC_SoftwareStartConvCmd)
    ADC_StartCalibration                     0x080006dd   Thumb Code    10  stm32f10x_adc.o(i.ADC_StartCalibration)
    AD_Init                                  0x0800071d   Thumb Code   328  ad.o(i.AD_Init)
    AD_Restart                               0x08000879   Thumb Code    42  ad.o(i.AD_Restart)
    Build_Exception_Response                 0x08000909   Thumb Code    58  spi_proto.o(i.Build_Exception_Response)
    BusFault_Handler                         0x0800094d   Thumb Code     4  stm32f10x_it.o(i.BusFault_Handler)
    Check_System_Status                      0x08001979   Thumb Code    28  main.o(i.Check_System_Status)
    DMA1_Channel1_IRQHandler                 0x08001ab9   Thumb Code   280  stm32f10x_it.o(i.DMA1_Channel1_IRQHandler)
    DMA_ClearITPendingBit                    0x08001bf1   Thumb Code    18  stm32f10x_dma.o(i.DMA_ClearITPendingBit)
    DMA_Cmd                                  0x08001c0d   Thumb Code    24  stm32f10x_dma.o(i.DMA_Cmd)
    DMA_DeInit                               0x08001c25   Thumb Code   324  stm32f10x_dma.o(i.DMA_DeInit)
    DMA_GetITStatus                          0x08001d71   Thumb Code    36  stm32f10x_dma.o(i.DMA_GetITStatus)
    DMA_ITConfig                             0x08001d9d   Thumb Code    18  stm32f10x_dma.o(i.DMA_ITConfig)
    DMA_Init                                 0x08001daf   Thumb Code    60  stm32f10x_dma.o(i.DMA_Init)
    DMA_SetCurrDataCounter                   0x08001deb   Thumb Code     4  stm32f10x_dma.o(i.DMA_SetCurrDataCounter)
    DebugMon_Handler                         0x08001def   Thumb Code     2  stm32f10x_it.o(i.DebugMon_Handler)
    Delay_Init                               0x08001df1   Thumb Code    12  delay.o(i.Delay_Init)
    Delay_ms                                 0x08001dfd   Thumb Code    24  delay.o(i.Delay_ms)
    Delay_us                                 0x08001e15   Thumb Code    54  delay.o(i.Delay_us)
    EXTI4_IRQHandler                         0x08001e4b   Thumb Code     8  stm32f10x_it.o(i.EXTI4_IRQHandler)
    EXTI_ClearITPendingBit                   0x08001e55   Thumb Code     6  stm32f10x_exti.o(i.EXTI_ClearITPendingBit)
    EXTI_GetITStatus                         0x08001e61   Thumb Code    34  stm32f10x_exti.o(i.EXTI_GetITStatus)
    EXTI_Init                                0x08001e89   Thumb Code   142  stm32f10x_exti.o(i.EXTI_Init)
    GPIO_EXTILineConfig                      0x080024a1   Thumb Code    60  stm32f10x_gpio.o(i.GPIO_EXTILineConfig)
    GPIO_Init                                0x080024e1   Thumb Code   278  stm32f10x_gpio.o(i.GPIO_Init)
    GPIO_ReadInputDataBit                    0x080025f7   Thumb Code    18  stm32f10x_gpio.o(i.GPIO_ReadInputDataBit)
    GPIO_WriteBit                            0x08002609   Thumb Code    10  stm32f10x_gpio.o(i.GPIO_WriteBit)
    HardFault_Handler                        0x08002655   Thumb Code     4  stm32f10x_it.o(i.HardFault_Handler)
    IWDG_Enable                              0x08002659   Thumb Code    10  stm32f10x_iwdg.o(i.IWDG_Enable)
    IWDG_GetFlagStatus                       0x08002669   Thumb Code    20  stm32f10x_iwdg.o(i.IWDG_GetFlagStatus)
    IWDG_ReloadCounter                       0x080026cd   Thumb Code    10  stm32f10x_iwdg.o(i.IWDG_ReloadCounter)
    IWDG_SetPrescaler                        0x080026dd   Thumb Code     6  stm32f10x_iwdg.o(i.IWDG_SetPrescaler)
    IWDG_SetReload                           0x080026e9   Thumb Code     6  stm32f10x_iwdg.o(i.IWDG_SetReload)
    IWDG_WriteAccessCmd                      0x080026f5   Thumb Code     6  stm32f10x_iwdg.o(i.IWDG_WriteAccessCmd)
    MemManage_Handler                        0x08002701   Thumb Code     4  stm32f10x_it.o(i.MemManage_Handler)
    Modbus_Slave_1msTick                     0x080029c5   Thumb Code    12  modbus_slave.o(i.Modbus_Slave_1msTick)
    Modbus_Slave_Init                        0x080029d5   Thumb Code   284  modbus_slave.o(i.Modbus_Slave_Init)
    Modbus_Slave_Process                     0x08002afd   Thumb Code   110  modbus_slave.o(i.Modbus_Slave_Process)
    Modbus_Slave_RX_IRQHandler               0x08002b81   Thumb Code    50  modbus_slave.o(i.Modbus_Slave_RX_IRQHandler)
    NMI_Handler                              0x08002bc9   Thumb Code     2  stm32f10x_it.o(i.NMI_Handler)
    NVIC_Init                                0x08002bcd   Thumb Code   100  misc.o(i.NVIC_Init)
    OLED_Clear                               0x08002c3d   Thumb Code    42  oled.o(i.OLED_Clear)
    OLED_I2C_Init                            0x08002c69   Thumb Code    58  oled.o(i.OLED_I2C_Init)
    OLED_I2C_SendByte                        0x08002ca9   Thumb Code   120  oled.o(i.OLED_I2C_SendByte)
    OLED_I2C_Start                           0x08002d25   Thumb Code    66  oled.o(i.OLED_I2C_Start)
    OLED_I2C_Stop                            0x08002d6d   Thumb Code    54  oled.o(i.OLED_I2C_Stop)
    OLED_Init                                0x08002da9   Thumb Code   180  oled.o(i.OLED_Init)
    OLED_Pow                                 0x08002e5d   Thumb Code    20  oled.o(i.OLED_Pow)
    OLED_SetCursor                           0x08002e71   Thumb Code    36  oled.o(i.OLED_SetCursor)
    OLED_ShowChar                            0x08002e95   Thumb Code   110  oled.o(i.OLED_ShowChar)
    OLED_ShowNum                             0x08002f09   Thumb Code    68  oled.o(i.OLED_ShowNum)
    OLED_ShowString                          0x08002f4d   Thumb Code    40  oled.o(i.OLED_ShowString)
    OLED_WriteCommand                        0x08002f75   Thumb Code    32  oled.o(i.OLED_WriteCommand)
    OLED_WriteData                           0x08002f95   Thumb Code    32  oled.o(i.OLED_WriteData)
    Parse_And_Build_Response                 0x08002fb5   Thumb Code   774  spi_proto.o(i.Parse_And_Build_Response)
    PendSV_Handler                           0x080032c9   Thumb Code     2  stm32f10x_it.o(i.PendSV_Handler)
    RCC_ADCCLKConfig                         0x080032cd   Thumb Code    18  stm32f10x_rcc.o(i.RCC_ADCCLKConfig)
    RCC_AHBPeriphClockCmd                    0x080032e5   Thumb Code    26  stm32f10x_rcc.o(i.RCC_AHBPeriphClockCmd)
    RCC_APB1PeriphClockCmd                   0x08003305   Thumb Code    26  stm32f10x_rcc.o(i.RCC_APB1PeriphClockCmd)
    RCC_APB1PeriphResetCmd                   0x08003325   Thumb Code    26  stm32f10x_rcc.o(i.RCC_APB1PeriphResetCmd)
    RCC_APB2PeriphClockCmd                   0x08003345   Thumb Code    26  stm32f10x_rcc.o(i.RCC_APB2PeriphClockCmd)
    RCC_APB2PeriphResetCmd                   0x08003365   Thumb Code    26  stm32f10x_rcc.o(i.RCC_APB2PeriphResetCmd)
    RCC_GetClocksFreq                        0x08003385   Thumb Code   192  stm32f10x_rcc.o(i.RCC_GetClocksFreq)
    RainPeakTracker_AdcDeltaToMv             0x08003b95   Thumb Code    70  rainpeaktracker.o(i.RainPeakTracker_AdcDeltaToMv)
    RainPeakTracker_AreaAdcSamplesToMvUs     0x08003be1   Thumb Code   158  rainpeaktracker.o(i.RainPeakTracker_AreaAdcSamplesToMvUs)
    RainPeakTracker_CalibrateImpulse         0x08003c89   Thumb Code    66  rainpeaktracker.o(i.RainPeakTracker_CalibrateImpulse)
    RainPeakTracker_Init                     0x08003ccd   Thumb Code    92  rainpeaktracker.o(i.RainPeakTracker_Init)
    RainPeakTracker_MvToAdcDelta             0x08003d2d   Thumb Code    92  rainpeaktracker.o(i.RainPeakTracker_MvToAdcDelta)
    RainPeakTracker_PopEvent                 0x08003d8d   Thumb Code    70  rainpeaktracker.o(i.RainPeakTracker_PopEvent)
    RainPeakTracker_ProcessNewSamples        0x08003dd5   Thumb Code   112  rainpeaktracker.o(i.RainPeakTracker_ProcessNewSamples)
    RainPeakTracker_SamplesToUs              0x08003e51   Thumb Code    44  rainpeaktracker.o(i.RainPeakTracker_SamplesToUs)
    RainPeakTracker_SetImpulseCalibration    0x08003e81   Thumb Code    14  rainpeaktracker.o(i.RainPeakTracker_SetImpulseCalibration)
    RainPeakTracker_Update                   0x08003e8f   Thumb Code   410  rainpeaktracker.o(i.RainPeakTracker_Update)
    Raindrop_AddVolume                       0x08004029   Thumb Code    14  raindrop.o(i.Raindrop_AddVolume)
    Raindrop_GetTotalVolume_0p01mm3          0x0800403d   Thumb Code     6  raindrop.o(i.Raindrop_GetTotalVolume_0p01mm3)
    Raindrop_Init                            0x08004049   Thumb Code    12  raindrop.o(i.Raindrop_Init)
    Raindrop_PeakMvToVolume_0p01mm3          0x0800405d   Thumb Code    16  raindrop.o(i.Raindrop_PeakMvToVolume_0p01mm3)
    Raindrop_UpdateRefractory                0x0800406d   Thumb Code    18  raindrop.o(i.Raindrop_UpdateRefractory)
    Raindrop_VoltageToVolume_0p01mm3         0x08004085   Thumb Code   154  raindrop.o(i.Raindrop_VoltageToVolume_0p01mm3)
    RegisterMap_GetSlaveAddr                 0x08004149   Thumb Code     6  registermap.o(i.RegisterMap_GetSlaveAddr)
    RegisterMap_Init                         0x08004155   Thumb Code    10  registermap.o(i.RegisterMap_Init)
    RegisterMap_ReadHolding                  0x08004165   Thumb Code    26  registermap.o(i.RegisterMap_ReadHolding)
    RegisterMap_ReadInput                    0x08004185   Thumb Code   890  registermap.o(i.RegisterMap_ReadInput)
    RegisterMap_WriteHolding                 0x08004519   Thumb Code    46  registermap.o(i.RegisterMap_WriteHolding)
    SPI1_IRQHandler                          0x0800454d   Thumb Code     8  stm32f10x_it.o(i.SPI1_IRQHandler)
    SPI_Cmd                                  0x08004555   Thumb Code    24  stm32f10x_spi.o(i.SPI_Cmd)
    SPI_I2S_DeInit                           0x0800456d   Thumb Code    76  stm32f10x_spi.o(i.SPI_I2S_DeInit)
    SPI_I2S_GetITStatus                      0x080045c5   Thumb Code    52  stm32f10x_spi.o(i.SPI_I2S_GetITStatus)
    SPI_I2S_ITConfig                         0x080045f9   Thumb Code    32  stm32f10x_spi.o(i.SPI_I2S_ITConfig)
    SPI_Init                                 0x08004619   Thumb Code    60  stm32f10x_spi.o(i.SPI_Init)
    SPI_SlaveLink_EXTI4_IRQHandler           0x08004655   Thumb Code   216  spi_slavelink.o(i.SPI_SlaveLink_EXTI4_IRQHandler)
    SPI_SlaveLink_Init                       0x08004749   Thumb Code   328  spi_slavelink.o(i.SPI_SlaveLink_Init)
    SPI_SlaveLink_SPI1_IRQHandler            0x080048ad   Thumb Code   352  spi_slavelink.o(i.SPI_SlaveLink_SPI1_IRQHandler)
    SVC_Handler                              0x08004a39   Thumb Code     2  stm32f10x_it.o(i.SVC_Handler)
    SysTick_CLKSourceConfig                  0x080051c1   Thumb Code    40  misc.o(i.SysTick_CLKSourceConfig)
    SysTick_Handler                          0x080051e9   Thumb Code     2  stm32f10x_it.o(i.SysTick_Handler)
    SystemInit                               0x080051ed   Thumb Code    78  system_stm32f10x.o(i.SystemInit)
    TF_Comm_Init                             0x0800524d   Thumb Code   204  tf_comm.o(i.TF_Comm_Init)
    TF_Comm_SendEvent                        0x0800532d   Thumb Code   402  tf_comm.o(i.TF_Comm_SendEvent)
    TF_Comm_TX_IRQHandler                    0x080054d1   Thumb Code   140  tf_comm.o(i.TF_Comm_TX_IRQHandler)
    TIM2_IRQHandler                          0x08005565   Thumb Code    36  stm32f10x_it.o(i.TIM2_IRQHandler)
    TIM_ClearFlag                            0x0800558d   Thumb Code     6  stm32f10x_tim.o(i.TIM_ClearFlag)
    TIM_ClearITPendingBit                    0x08005593   Thumb Code     6  stm32f10x_tim.o(i.TIM_ClearITPendingBit)
    TIM_Cmd                                  0x08005599   Thumb Code    24  stm32f10x_tim.o(i.TIM_Cmd)
    TIM_GetITStatus                          0x080055b1   Thumb Code    34  stm32f10x_tim.o(i.TIM_GetITStatus)
    TIM_ITConfig                             0x080055d3   Thumb Code    18  stm32f10x_tim.o(i.TIM_ITConfig)
    TIM_TimeBaseInit                         0x080055e5   Thumb Code   122  stm32f10x_tim.o(i.TIM_TimeBaseInit)
    TIM_TimeBaseStructInit                   0x08005689   Thumb Code    18  stm32f10x_tim.o(i.TIM_TimeBaseStructInit)
    USART2_IRQHandler                        0x08005849   Thumb Code    32  stm32f10x_it.o(i.USART2_IRQHandler)
    USART3_IRQHandler                        0x0800586d   Thumb Code     8  stm32f10x_it.o(i.USART3_IRQHandler)
    USART_Cmd                                0x08005875   Thumb Code    24  stm32f10x_usart.o(i.USART_Cmd)
    USART_GetFlagStatus                      0x0800588d   Thumb Code    26  stm32f10x_usart.o(i.USART_GetFlagStatus)
    USART_GetITStatus                        0x080058a7   Thumb Code    84  stm32f10x_usart.o(i.USART_GetITStatus)
    USART_ITConfig                           0x080058fb   Thumb Code    74  stm32f10x_usart.o(i.USART_ITConfig)
    USART_Init                               0x08005945   Thumb Code   210  stm32f10x_usart.o(i.USART_Init)
    USART_ReceiveData                        0x08005a1d   Thumb Code    10  stm32f10x_usart.o(i.USART_ReceiveData)
    USART_SendData                           0x08005a27   Thumb Code     8  stm32f10x_usart.o(i.USART_SendData)
    USART_StructInit                         0x08005a2f   Thumb Code    24  stm32f10x_usart.o(i.USART_StructInit)
    UsageFault_Handler                       0x08005a47   Thumb Code     4  stm32f10x_it.o(i.UsageFault_Handler)
    WaveletEnergy_GetBaselineEnergy          0x08005a4b   Thumb Code     6  waveletenergy.o(i.WaveletEnergy_GetBaselineEnergy)
    WaveletEnergy_GetCurrentEnergy           0x08005a51   Thumb Code     6  waveletenergy.o(i.WaveletEnergy_GetCurrentEnergy)
    WaveletEnergy_GetHFRatio                 0x08005a57   Thumb Code     6  waveletenergy.o(i.WaveletEnergy_GetHFRatio)
    WaveletEnergy_GetLearningProgress        0x08005a5d   Thumb Code    42  waveletenergy.o(i.WaveletEnergy_GetLearningProgress)
    WaveletEnergy_GetNormRatio               0x08005a87   Thumb Code    56  waveletenergy.o(i.WaveletEnergy_GetNormRatio)
    WaveletEnergy_GetThreshold               0x08005abf   Thumb Code     6  waveletenergy.o(i.WaveletEnergy_GetThreshold)
    WaveletEnergy_InitWithSampleRate         0x08005ac5   Thumb Code    96  waveletenergy.o(i.WaveletEnergy_InitWithSampleRate)
    WaveletEnergy_PopNoiseEvent              0x08005b29   Thumb Code    22  waveletenergy.o(i.WaveletEnergy_PopNoiseEvent)
    WaveletEnergy_PopVibEvent                0x08005b3f   Thumb Code    22  waveletenergy.o(i.WaveletEnergy_PopVibEvent)
    WaveletEnergy_ProcessNewSamples          0x08005b55   Thumb Code   248  waveletenergy.o(i.WaveletEnergy_ProcessNewSamples)
    WaveletEnergy_Update                     0x08005c5d   Thumb Code   576  waveletenergy.o(i.WaveletEnergy_Update)
    main                                     0x08005ec9   Thumb Code   790  main.o(i.main)
    __aeabi_fadd                             0x08006269   Thumb Code     0  faddsub_clz.o(x$fpl$fadd)
    _fadd                                    0x08006269   Thumb Code   196  faddsub_clz.o(x$fpl$fadd)
    __fpl_fcmp_Inf                           0x0800632d   Thumb Code    24  fcmpi.o(x$fpl$fcmpinf)
    __aeabi_fdiv                             0x08006345   Thumb Code     0  fdiv.o(x$fpl$fdiv)
    _fdiv                                    0x08006345   Thumb Code   384  fdiv.o(x$fpl$fdiv)
    __aeabi_f2uiz                            0x080064c9   Thumb Code     0  ffixu.o(x$fpl$ffixu)
    _ffixu                                   0x080064c9   Thumb Code    62  ffixu.o(x$fpl$ffixu)
    __aeabi_i2f                              0x08006509   Thumb Code     0  fflt_clz.o(x$fpl$fflt)
    _fflt                                    0x08006509   Thumb Code    48  fflt_clz.o(x$fpl$fflt)
    __aeabi_ui2f                             0x08006539   Thumb Code     0  fflt_clz.o(x$fpl$ffltu)
    _ffltu                                   0x08006539   Thumb Code    38  fflt_clz.o(x$fpl$ffltu)
    __aeabi_cfcmple                          0x08006561   Thumb Code     0  fleqf.o(x$fpl$fleqf)
    _fcmple                                  0x08006561   Thumb Code   104  fleqf.o(x$fpl$fleqf)
    __fpl_fcmple_InfNaN                      0x080065b3   Thumb Code     0  fleqf.o(x$fpl$fleqf)
    __aeabi_fmul                             0x080065c9   Thumb Code     0  fmul.o(x$fpl$fmul)
    _fmul                                    0x080065c9   Thumb Code   258  fmul.o(x$fpl$fmul)
    __fpl_fnaninf                            0x080066cb   Thumb Code   140  fnaninf.o(x$fpl$fnaninf)
    __fpl_fretinf                            0x08006757   Thumb Code    10  fretinf.o(x$fpl$fretinf)
    __aeabi_cfrcmple                         0x08006761   Thumb Code     0  frleqf.o(x$fpl$frleqf)
    _frcmple                                 0x08006761   Thumb Code    98  frleqf.o(x$fpl$frleqf)
    __aeabi_fsub                             0x080067c5   Thumb Code     0  faddsub_clz.o(x$fpl$fsub)
    _fsub                                    0x080067c5   Thumb Code   234  faddsub_clz.o(x$fpl$fsub)
    OLED_F8x16                               0x080068ae   Data        1520  oled.o(.constdata)
    __I$use$fp                               0x080068ae   Number         0  usenofp.o(x$fpl$usenofp)
    Region$$Table$$Base                      0x08006f68   Number         0  anon$$obj.o(Region$$Table)
    Region$$Table$$Limit                     0x08006f88   Number         0  anon$$obj.o(Region$$Table)
    ring_write_index_ch0                     0x20000014   Data           2  ad.o(.data)
    ring_write_index_ch1                     0x20000016   Data           2  ad.o(.data)
    ring_write_total_ch0                     0x20000018   Data           4  ad.o(.data)
    ring_write_total_ch1                     0x2000001c   Data           4  ad.o(.data)
    ADC_Visualize_Index                      0x20000020   Data           2  ad.o(.data)
    snapshot_ready                           0x20000022   Data           1  ad.o(.data)
    snapshot_write_index                     0x20000024   Data           2  ad.o(.data)
    snapshot_collecting                      0x20000026   Data           1  ad.o(.data)
    snapshot_peak_value                      0x20000028   Data           2  ad.o(.data)
    snapshot_peak_index                      0x2000002a   Data           2  ad.o(.data)
    snapshot_trigger_index_ch0               0x2000002c   Data           2  ad.o(.data)
    sampling_tick_counter                    0x20000030   Data           4  ad.o(.data)
    ADC_Threshold                            0x20000034   Data           2  ad.o(.data)
    resp_len                                 0x20000052   Data           2  spi_slavelink.o(.data)
    sec_index                                0x20000060   Data           1  main.o(.data)
    current_intensity_mmh                    0x20000074   Data           4  main.o(.data)
    g_total_volume_0p01mm3                   0x2000007c   Data           4  main.o(.data)
    watchdog_trigger_count                   0x20000080   Data           4  main.o(.data)
    g_cal_drop_count                         0x20000088   Data           4  main.o(.data)
    g_cal_detected_count                     0x2000008c   Data           4  main.o(.data)
    g_cal_vib_count                          0x20000090   Data           4  main.o(.data)
    g_sys_time_ms                            0x200000ac   Data           4  main.o(.data)
    g_V_sum_0p01mm3                          0x200000b4   Data           4  raindrop.o(.data)
    AD_Value                                 0x200000bc   Data         400  ad.o(.bss)
    adc_ring_buffer_ch0                      0x2000024c   Data        1024  ad.o(.bss)
    adc_ring_buffer_ch1                      0x2000064c   Data        1024  ad.o(.bss)
    ADC_Visualize_Buffer                     0x20000a4c   Data         128  ad.o(.bss)
    snapshot_buffer_high                     0x20000acc   Data         128  ad.o(.bss)
    snapshot_buffer_low                      0x20000b4c   Data         128  ad.o(.bss)
    rx_buf                                   0x20000fbc   Data          80  spi_slavelink.o(.bss)
    tx_resp                                  0x2000100c   Data          80  spi_slavelink.o(.bss)
    drops_per_second                         0x20001060   Data         120  main.o(.bss)
    g_we_ctx                                 0x200010d8   Data         712  main.o(.bss)
    g_peak_ctx                               0x200013a0   Data        1512  main.o(.bss)
    g_last_peak_event                        0x20001988   Data          68  main.o(.bss)
    __libspace_start                         0x20003c68   Data          96  libspace.o(.bss)
    __temporary_stack_top$libspace           0x20003cc8   Data           0  libspace.o(.bss)



==============================================================================

Memory Map of the image

  Image Entry point : 0x080000ed

  Load Region LR_IROM1 (Base: 0x08000000, Size: 0x00007044, Max: 0x00010000, ABSOLUTE)

    Execution Region ER_IROM1 (Exec base: 0x08000000, Load base: 0x08000000, Size: 0x00006f88, Max: 0x00010000, ABSOLUTE)

    Exec Addr    Load Addr    Size         Type   Attr      Idx    E Section Name        Object

    0x08000000   0x08000000   0x000000ec   Data   RO            3    RESET               startup_stm32f10x_md.o
    0x080000ec   0x080000ec   0x00000008   Code   RO         4273  * !!!main             c_w.l(__main.o)
    0x080000f4   0x080000f4   0x00000034   Code   RO         4473    !!!scatter          c_w.l(__scatter.o)
    0x08000128   0x08000128   0x0000001a   Code   RO         4475    !!handler_copy      c_w.l(__scatter_copy.o)
    0x08000142   0x08000142   0x00000002   PAD
    0x08000144   0x08000144   0x0000001c   Code   RO         4477    !!handler_zi        c_w.l(__scatter_zi.o)
    0x08000160   0x08000160   0x00000002   Code   RO         4343    .ARM.Collect$$libinit$$00000000  c_w.l(libinit.o)
    0x08000162   0x08000162   0x00000000   Code   RO         4356    .ARM.Collect$$libinit$$00000002  c_w.l(libinit2.o)
    0x08000162   0x08000162   0x00000000   Code   RO         4358    .ARM.Collect$$libinit$$00000004  c_w.l(libinit2.o)
    0x08000162   0x08000162   0x00000000   Code   RO         4361    .ARM.Collect$$libinit$$0000000A  c_w.l(libinit2.o)
    0x08000162   0x08000162   0x00000000   Code   RO         4363    .ARM.Collect$$libinit$$0000000C  c_w.l(libinit2.o)
    0x08000162   0x08000162   0x00000000   Code   RO         4365    .ARM.Collect$$libinit$$0000000E  c_w.l(libinit2.o)
    0x08000162   0x08000162   0x00000000   Code   RO         4368    .ARM.Collect$$libinit$$00000011  c_w.l(libinit2.o)
    0x08000162   0x08000162   0x00000000   Code   RO         4370    .ARM.Collect$$libinit$$00000013  c_w.l(libinit2.o)
    0x08000162   0x08000162   0x00000000   Code   RO         4372    .ARM.Collect$$libinit$$00000015  c_w.l(libinit2.o)
    0x08000162   0x08000162   0x00000000   Code   RO         4374    .ARM.Collect$$libinit$$00000017  c_w.l(libinit2.o)
    0x08000162   0x08000162   0x00000000   Code   RO         4376    .ARM.Collect$$libinit$$00000019  c_w.l(libinit2.o)
    0x08000162   0x08000162   0x00000000   Code   RO         4378    .ARM.Collect$$libinit$$0000001B  c_w.l(libinit2.o)
    0x08000162   0x08000162   0x00000000   Code   RO         4380    .ARM.Collect$$libinit$$0000001D  c_w.l(libinit2.o)
    0x08000162   0x08000162   0x00000000   Code   RO         4382    .ARM.Collect$$libinit$$0000001F  c_w.l(libinit2.o)
    0x08000162   0x08000162   0x00000000   Code   RO         4384    .ARM.Collect$$libinit$$00000021  c_w.l(libinit2.o)
    0x08000162   0x08000162   0x00000000   Code   RO         4386    .ARM.Collect$$libinit$$00000023  c_w.l(libinit2.o)
    0x08000162   0x08000162   0x00000000   Code   RO         4388    .ARM.Collect$$libinit$$00000025  c_w.l(libinit2.o)
    0x08000162   0x08000162   0x00000000   Code   RO         4392    .ARM.Collect$$libinit$$0000002C  c_w.l(libinit2.o)
    0x08000162   0x08000162   0x00000000   Code   RO         4394    .ARM.Collect$$libinit$$0000002E  c_w.l(libinit2.o)
    0x08000162   0x08000162   0x00000000   Code   RO         4396    .ARM.Collect$$libinit$$00000030  c_w.l(libinit2.o)
    0x08000162   0x08000162   0x00000000   Code   RO         4398    .ARM.Collect$$libinit$$00000032  c_w.l(libinit2.o)
    0x08000162   0x08000162   0x00000002   Code   RO         4399    .ARM.Collect$$libinit$$00000033  c_w.l(libinit2.o)
    0x08000164   0x08000164   0x00000002   Code   RO         4430    .ARM.Collect$$libshutdown$$00000000  c_w.l(libshutdown.o)
    0x08000166   0x08000166   0x00000000   Code   RO         4456    .ARM.Collect$$libshutdown$$00000002  c_w.l(libshutdown2.o)
    0x08000166   0x08000166   0x00000000   Code   RO         4458    .ARM.Collect$$libshutdown$$00000004  c_w.l(libshutdown2.o)
    0x08000166   0x08000166   0x00000000   Code   RO         4461    .ARM.Collect$$libshutdown$$00000007  c_w.l(libshutdown2.o)
    0x08000166   0x08000166   0x00000000   Code   RO         4464    .ARM.Collect$$libshutdown$$0000000A  c_w.l(libshutdown2.o)
    0x08000166   0x08000166   0x00000000   Code   RO         4466    .ARM.Collect$$libshutdown$$0000000C  c_w.l(libshutdown2.o)
    0x08000166   0x08000166   0x00000000   Code   RO         4469    .ARM.Collect$$libshutdown$$0000000F  c_w.l(libshutdown2.o)
    0x08000166   0x08000166   0x00000002   Code   RO         4470    .ARM.Collect$$libshutdown$$00000010  c_w.l(libshutdown2.o)
    0x08000168   0x08000168   0x00000000   Code   RO         4301    .ARM.Collect$$rtentry$$00000000  c_w.l(__rtentry.o)
    0x08000168   0x08000168   0x00000000   Code   RO         4314    .ARM.Collect$$rtentry$$00000002  c_w.l(__rtentry2.o)
    0x08000168   0x08000168   0x00000006   Code   RO         4326    .ARM.Collect$$rtentry$$00000004  c_w.l(__rtentry4.o)
    0x0800016e   0x0800016e   0x00000000   Code   RO         4316    .ARM.Collect$$rtentry$$00000009  c_w.l(__rtentry2.o)
    0x0800016e   0x0800016e   0x00000004   Code   RO         4317    .ARM.Collect$$rtentry$$0000000A  c_w.l(__rtentry2.o)
    0x08000172   0x08000172   0x00000000   Code   RO         4319    .ARM.Collect$$rtentry$$0000000C  c_w.l(__rtentry2.o)
    0x08000172   0x08000172   0x00000008   Code   RO         4320    .ARM.Collect$$rtentry$$0000000D  c_w.l(__rtentry2.o)
    0x0800017a   0x0800017a   0x00000002   Code   RO         4347    .ARM.Collect$$rtexit$$00000000  c_w.l(rtexit.o)
    0x0800017c   0x0800017c   0x00000000   Code   RO         4403    .ARM.Collect$$rtexit$$00000002  c_w.l(rtexit2.o)
    0x0800017c   0x0800017c   0x00000004   Code   RO         4404    .ARM.Collect$$rtexit$$00000003  c_w.l(rtexit2.o)
    0x08000180   0x08000180   0x00000006   Code   RO         4405    .ARM.Collect$$rtexit$$00000004  c_w.l(rtexit2.o)
    0x08000186   0x08000186   0x00000002   PAD
    0x08000188   0x08000188   0x00000040   Code   RO            4    .text               startup_stm32f10x_md.o
    0x080001c8   0x080001c8   0x000000ee   Code   RO         4261    .text               c_w.l(lludivv7m.o)
    0x080002b6   0x080002b6   0x00000048   Code   RO         4263    .text               c_w.l(llsdiv.o)
    0x080002fe   0x080002fe   0x00000096   Code   RO         4265    .text               c_w.l(strncmp.o)
    0x08000394   0x08000394   0x00000064   Code   RO         4267    .text               c_w.l(rt_memcpy_w.o)
    0x080003f8   0x080003f8   0x0000004e   Code   RO         4269    .text               c_w.l(rt_memclr_w.o)
    0x08000446   0x08000446   0x00000006   Code   RO         4271    .text               c_w.l(heapauxi.o)
    0x0800044c   0x0800044c   0x0000004a   Code   RO         4330    .text               c_w.l(sys_stackheap_outer.o)
    0x08000496   0x08000496   0x00000012   Code   RO         4332    .text               c_w.l(exit.o)
    0x080004a8   0x080004a8   0x00000008   Code   RO         4344    .text               c_w.l(libspace.o)
    0x080004b0   0x080004b0   0x0000000c   Code   RO         4400    .text               c_w.l(sys_exit.o)
    0x080004bc   0x080004bc   0x00000002   Code   RO         4419    .text               c_w.l(use_no_semi.o)
    0x080004be   0x080004be   0x00000000   Code   RO         4421    .text               c_w.l(indicate_semi.o)
    0x080004be   0x080004be   0x00000002   PAD
    0x080004c0   0x080004c0   0x00000030   Code   RO         4076    i.ADC1_2_IRQHandler  stm32f10x_it.o
    0x080004f0   0x080004f0   0x00000014   Code   RO          196    i.ADC_AnalogWatchdogCmd  stm32f10x_adc.o
    0x08000504   0x08000504   0x00000010   Code   RO          197    i.ADC_AnalogWatchdogSingleChannelConfig  stm32f10x_adc.o
    0x08000514   0x08000514   0x00000006   Code   RO          198    i.ADC_AnalogWatchdogThresholdsConfig  stm32f10x_adc.o
    0x0800051a   0x0800051a   0x0000000a   Code   RO          201    i.ADC_ClearITPendingBit  stm32f10x_adc.o
    0x08000524   0x08000524   0x00000016   Code   RO          202    i.ADC_Cmd           stm32f10x_adc.o
    0x0800053a   0x0800053a   0x00000016   Code   RO          203    i.ADC_DMACmd        stm32f10x_adc.o
    0x08000550   0x08000550   0x00000014   Code   RO          210    i.ADC_GetCalibrationStatus  stm32f10x_adc.o
    0x08000564   0x08000564   0x00000024   Code   RO          214    i.ADC_GetITStatus   stm32f10x_adc.o
    0x08000588   0x08000588   0x00000014   Code   RO          216    i.ADC_GetResetCalibrationStatus  stm32f10x_adc.o
    0x0800059c   0x0800059c   0x00000018   Code   RO          219    i.ADC_ITConfig      stm32f10x_adc.o
    0x080005b4   0x080005b4   0x00000050   Code   RO          220    i.ADC_Init          stm32f10x_adc.o
    0x08000604   0x08000604   0x000000b8   Code   RO          224    i.ADC_RegularChannelConfig  stm32f10x_adc.o
    0x080006bc   0x080006bc   0x0000000a   Code   RO          225    i.ADC_ResetCalibration  stm32f10x_adc.o
    0x080006c6   0x080006c6   0x00000016   Code   RO          227    i.ADC_SoftwareStartConvCmd  stm32f10x_adc.o
    0x080006dc   0x080006dc   0x0000000a   Code   RO          229    i.ADC_StartCalibration  stm32f10x_adc.o
    0x080006e6   0x080006e6   0x00000002   PAD
    0x080006e8   0x080006e8   0x00000034   Code   RO         3331    i.AD_ConfigAWD      ad.o
    0x0800071c   0x0800071c   0x0000015c   Code   RO         3332    i.AD_Init           ad.o
    0x08000878   0x08000878   0x00000034   Code   RO         3333    i.AD_Restart        ad.o
    0x080008ac   0x080008ac   0x00000010   Code   RO         3566    i.Abs_I16           waveletenergy.o
    0x080008bc   0x080008bc   0x0000004c   Code   RO         4183    i.BinarySearch_Voltage  raindrop.o
    0x08000908   0x08000908   0x00000044   Code   RO         3870    i.Build_Exception_Response  spi_proto.o
    0x0800094c   0x0800094c   0x00000004   Code   RO         4077    i.BusFault_Handler  stm32f10x_it.o
    0x08000950   0x08000950   0x00000134   Code   RO         3941    i.CAL_PrintADCStatus  main.o
    0x08000a84   0x08000a84   0x000002b0   Code   RO         3942    i.CAL_PrintPeakStatus  main.o
    0x08000d34   0x08000d34   0x00000810   Code   RO         3943    i.CAL_ProcessCommand  main.o
    0x08001544   0x08001544   0x0000018c   Code   RO         3944    i.CAL_RecordDrop    main.o
    0x080016d0   0x080016d0   0x00000228   Code   RO         3945    i.CAL_UpdateDisplay  main.o
    0x080018f8   0x080018f8   0x00000044   Code   RO         3515    i.CRC16_CCITT_FALSE  tf_comm.o
    0x0800193c   0x0800193c   0x0000003a   Code   RO         3871    i.CRC16_Modbus      spi_proto.o
    0x08001976   0x08001976   0x00000002   PAD
    0x08001978   0x08001978   0x00000024   Code   RO         3946    i.Check_System_Status  main.o
    0x0800199c   0x0800199c   0x00000020   Code   RO         3567    i.Clip_To_Int16     waveletenergy.o
    0x080019bc   0x080019bc   0x00000034   Code   RO         3568    i.Compute_DC_Baseline  waveletenergy.o
    0x080019f0   0x080019f0   0x00000010   Code   RO         3569    i.Compute_Deadtime_RawSamples  waveletenergy.o
    0x08001a00   0x08001a00   0x00000032   Code   RO         3570    i.Compute_Energy_SumSquares  waveletenergy.o
    0x08001a32   0x08001a32   0x00000002   PAD
    0x08001a34   0x08001a34   0x00000030   Code   RO         3947    i.Compute_Intensity_MMH  main.o
    0x08001a64   0x08001a64   0x00000054   Code   RO         3571    i.Compute_RawSamples_FromUs  waveletenergy.o
    0x08001ab8   0x08001ab8   0x00000138   Code   RO         4078    i.DMA1_Channel1_IRQHandler  stm32f10x_it.o
    0x08001bf0   0x08001bf0   0x0000001c   Code   RO          910    i.DMA_ClearITPendingBit  stm32f10x_dma.o
    0x08001c0c   0x08001c0c   0x00000018   Code   RO          911    i.DMA_Cmd           stm32f10x_dma.o
    0x08001c24   0x08001c24   0x0000014c   Code   RO          912    i.DMA_DeInit        stm32f10x_dma.o
    0x08001d70   0x08001d70   0x0000002c   Code   RO          915    i.DMA_GetITStatus   stm32f10x_dma.o
    0x08001d9c   0x08001d9c   0x00000012   Code   RO          916    i.DMA_ITConfig      stm32f10x_dma.o
    0x08001dae   0x08001dae   0x0000003c   Code   RO          917    i.DMA_Init          stm32f10x_dma.o
    0x08001dea   0x08001dea   0x00000004   Code   RO          918    i.DMA_SetCurrDataCounter  stm32f10x_dma.o
    0x08001dee   0x08001dee   0x00000002   Code   RO         4079    i.DebugMon_Handler  stm32f10x_it.o
    0x08001df0   0x08001df0   0x0000000c   Code   RO         3196    i.Delay_Init        delay.o
    0x08001dfc   0x08001dfc   0x00000018   Code   RO         3197    i.Delay_ms          delay.o
    0x08001e14   0x08001e14   0x00000036   Code   RO         3199    i.Delay_us          delay.o
    0x08001e4a   0x08001e4a   0x00000008   Code   RO         4080    i.EXTI4_IRQHandler  stm32f10x_it.o
    0x08001e52   0x08001e52   0x00000002   PAD
    0x08001e54   0x08001e54   0x0000000c   Code   RO          985    i.EXTI_ClearITPendingBit  stm32f10x_exti.o
    0x08001e60   0x08001e60   0x00000028   Code   RO          989    i.EXTI_GetITStatus  stm32f10x_exti.o
    0x08001e88   0x08001e88   0x00000094   Code   RO          990    i.EXTI_Init         stm32f10x_exti.o
    0x08001f1c   0x08001f1c   0x0000008c   Code   RO         3572    i.EventEnvelope_Finalize  waveletenergy.o
    0x08001fa8   0x08001fa8   0x0000002c   Code   RO         3573    i.EventEnvelope_Reset  waveletenergy.o
    0x08001fd4   0x08001fd4   0x00000270   Code   RO         3574    i.EventSnapshot_Analyze  waveletenergy.o
    0x08002244   0x08002244   0x0000007c   Code   RO         3575    i.EventSnapshot_Append  waveletenergy.o
    0x080022c0   0x080022c0   0x0000006e   Code   RO         3576    i.EventSnapshot_Start  waveletenergy.o
    0x0800232e   0x0800232e   0x00000016   Code   RO         3577    i.Event_IsActiveSample  waveletenergy.o
    0x08002344   0x08002344   0x000000e0   Code   RO         3578    i.Extract_Energy    waveletenergy.o
    0x08002424   0x08002424   0x00000042   Code   RO         3579    i.Fill_Window_Centered  waveletenergy.o
    0x08002466   0x08002466   0x0000003a   Code   RO         3948    i.Float_To_U32_Clamp  main.o
    0x080024a0   0x080024a0   0x00000040   Code   RO         1344    i.GPIO_EXTILineConfig  stm32f10x_gpio.o
    0x080024e0   0x080024e0   0x00000116   Code   RO         1347    i.GPIO_Init         stm32f10x_gpio.o
    0x080025f6   0x080025f6   0x00000012   Code   RO         1351    i.GPIO_ReadInputDataBit  stm32f10x_gpio.o
    0x08002608   0x08002608   0x0000000a   Code   RO         1358    i.GPIO_WriteBit     stm32f10x_gpio.o
    0x08002612   0x08002612   0x00000042   Code   RO         3580    i.Haar_DWT_Step     waveletenergy.o
    0x08002654   0x08002654   0x00000004   Code   RO         4081    i.HardFault_Handler  stm32f10x_it.o
    0x08002658   0x08002658   0x00000010   Code   RO         1665    i.IWDG_Enable       stm32f10x_iwdg.o
    0x08002668   0x08002668   0x00000018   Code   RO         1666    i.IWDG_GetFlagStatus  stm32f10x_iwdg.o
    0x08002680   0x08002680   0x0000004a   Code   RO         3949    i.IWDG_Init         main.o
    0x080026ca   0x080026ca   0x00000002   PAD
    0x080026cc   0x080026cc   0x00000010   Code   RO         1667    i.IWDG_ReloadCounter  stm32f10x_iwdg.o
    0x080026dc   0x080026dc   0x0000000c   Code   RO         1668    i.IWDG_SetPrescaler  stm32f10x_iwdg.o
    0x080026e8   0x080026e8   0x0000000c   Code   RO         1669    i.IWDG_SetReload    stm32f10x_iwdg.o
    0x080026f4   0x080026f4   0x0000000c   Code   RO         1670    i.IWDG_WriteAccessCmd  stm32f10x_iwdg.o
    0x08002700   0x08002700   0x00000004   Code   RO         4082    i.MemManage_Handler  stm32f10x_it.o
    0x08002704   0x08002704   0x0000003a   Code   RO         3756    i.Modbus_CRC16      modbus_slave.o
    0x0800273e   0x0800273e   0x00000002   PAD
    0x08002740   0x08002740   0x00000248   Code   RO         3757    i.Modbus_Handle_Frame  modbus_slave.o
    0x08002988   0x08002988   0x0000003c   Code   RO         3758    i.Modbus_Send_Response  modbus_slave.o
    0x080029c4   0x080029c4   0x00000010   Code   RO         3759    i.Modbus_Slave_1msTick  modbus_slave.o
    0x080029d4   0x080029d4   0x00000128   Code   RO         3760    i.Modbus_Slave_Init  modbus_slave.o
    0x08002afc   0x08002afc   0x00000084   Code   RO         3761    i.Modbus_Slave_Process  modbus_slave.o
    0x08002b80   0x08002b80   0x00000048   Code   RO         3762    i.Modbus_Slave_RX_IRQHandler  modbus_slave.o
    0x08002bc8   0x08002bc8   0x00000002   Code   RO         4083    i.NMI_Handler       stm32f10x_it.o
    0x08002bca   0x08002bca   0x00000002   PAD
    0x08002bcc   0x08002bcc   0x00000070   Code   RO          137    i.NVIC_Init         misc.o
    0x08002c3c   0x08002c3c   0x0000002a   Code   RO         3226    i.OLED_Clear        oled.o
    0x08002c66   0x08002c66   0x00000002   PAD
    0x08002c68   0x08002c68   0x00000040   Code   RO         3227    i.OLED_I2C_Init     oled.o
    0x08002ca8   0x08002ca8   0x0000007c   Code   RO         3228    i.OLED_I2C_SendByte  oled.o
    0x08002d24   0x08002d24   0x00000048   Code   RO         3229    i.OLED_I2C_Start    oled.o
    0x08002d6c   0x08002d6c   0x0000003c   Code   RO         3230    i.OLED_I2C_Stop     oled.o
    0x08002da8   0x08002da8   0x000000b4   Code   RO         3231    i.OLED_Init         oled.o
    0x08002e5c   0x08002e5c   0x00000014   Code   RO         3232    i.OLED_Pow          oled.o
    0x08002e70   0x08002e70   0x00000024   Code   RO         3233    i.OLED_SetCursor    oled.o
    0x08002e94   0x08002e94   0x00000074   Code   RO         3234    i.OLED_ShowChar     oled.o
    0x08002f08   0x08002f08   0x00000044   Code   RO         3236    i.OLED_ShowNum      oled.o
    0x08002f4c   0x08002f4c   0x00000028   Code   RO         3238    i.OLED_ShowString   oled.o
    0x08002f74   0x08002f74   0x00000020   Code   RO         3239    i.OLED_WriteCommand  oled.o
    0x08002f94   0x08002f94   0x00000020   Code   RO         3240    i.OLED_WriteData    oled.o
    0x08002fb4   0x08002fb4   0x00000314   Code   RO         3872    i.Parse_And_Build_Response  spi_proto.o
    0x080032c8   0x080032c8   0x00000002   Code   RO         4084    i.PendSV_Handler    stm32f10x_it.o
    0x080032ca   0x080032ca   0x00000002   PAD
    0x080032cc   0x080032cc   0x00000018   Code   RO         1773    i.RCC_ADCCLKConfig  stm32f10x_rcc.o
    0x080032e4   0x080032e4   0x00000020   Code   RO         1774    i.RCC_AHBPeriphClockCmd  stm32f10x_rcc.o
    0x08003304   0x08003304   0x00000020   Code   RO         1775    i.RCC_APB1PeriphClockCmd  stm32f10x_rcc.o
    0x08003324   0x08003324   0x00000020   Code   RO         1776    i.RCC_APB1PeriphResetCmd  stm32f10x_rcc.o
    0x08003344   0x08003344   0x00000020   Code   RO         1777    i.RCC_APB2PeriphClockCmd  stm32f10x_rcc.o
    0x08003364   0x08003364   0x00000020   Code   RO         1778    i.RCC_APB2PeriphResetCmd  stm32f10x_rcc.o
    0x08003384   0x08003384   0x000000d4   Code   RO         1785    i.RCC_GetClocksFreq  stm32f10x_rcc.o
    0x08003458   0x08003458   0x00000012   Code   RO         3367    i.RPT_AbsDelta      rainpeaktracker.o
    0x0800346a   0x0800346a   0x00000036   Code   RO         3368    i.RPT_AppendEventSample  rainpeaktracker.o
    0x080034a0   0x080034a0   0x000000b0   Code   RO         3369    i.RPT_BeginActive   rainpeaktracker.o
    0x08003550   0x08003550   0x00000132   Code   RO         3370    i.RPT_BuildSegmentEvent  rainpeaktracker.o
    0x08003682   0x08003682   0x00000002   PAD
    0x08003684   0x08003684   0x00000020   Code   RO         3371    i.RPT_ClipInt16     rainpeaktracker.o
    0x080036a4   0x080036a4   0x0000001c   Code   RO         3372    i.RPT_FillEventDerivedArea  rainpeaktracker.o
    0x080036c0   0x080036c0   0x00000060   Code   RO         3373    i.RPT_FinalizeEvent  rainpeaktracker.o
    0x08003720   0x08003720   0x00000192   Code   RO         3374    i.RPT_FinalizeValidEvent  rainpeaktracker.o
    0x080038b2   0x080038b2   0x000000a2   Code   RO         3375    i.RPT_FindLocalPeaks  rainpeaktracker.o
    0x08003954   0x08003954   0x00000038   Code   RO         3376    i.RPT_FindValleyIndex  rainpeaktracker.o
    0x0800398c   0x0800398c   0x00000098   Code   RO         3377    i.RPT_PushEvent     rainpeaktracker.o
    0x08003a24   0x08003a24   0x0000002a   Code   RO         3378    i.RPT_ResetActiveFields  rainpeaktracker.o
    0x08003a4e   0x08003a4e   0x00000006   Code   RO         3379    i.RPT_ResetTriggerFields  rainpeaktracker.o
    0x08003a54   0x08003a54   0x000000ec   Code   RO         3380    i.RPT_StoreRejected  rainpeaktracker.o
    0x08003b40   0x08003b40   0x00000054   Code   RO         3381    i.RPT_UsToSamples   rainpeaktracker.o
    0x08003b94   0x08003b94   0x0000004c   Code   RO         3382    i.RainPeakTracker_AdcDeltaToMv  rainpeaktracker.o
    0x08003be0   0x08003be0   0x000000a8   Code   RO         3383    i.RainPeakTracker_AreaAdcSamplesToMvUs  rainpeaktracker.o
    0x08003c88   0x08003c88   0x00000042   Code   RO         3384    i.RainPeakTracker_CalibrateImpulse  rainpeaktracker.o
    0x08003cca   0x08003cca   0x00000002   PAD
    0x08003ccc   0x08003ccc   0x00000060   Code   RO         3385    i.RainPeakTracker_Init  rainpeaktracker.o
    0x08003d2c   0x08003d2c   0x00000060   Code   RO         3386    i.RainPeakTracker_MvToAdcDelta  rainpeaktracker.o
    0x08003d8c   0x08003d8c   0x00000046   Code   RO         3387    i.RainPeakTracker_PopEvent  rainpeaktracker.o
    0x08003dd2   0x08003dd2   0x00000002   PAD
    0x08003dd4   0x08003dd4   0x0000007c   Code   RO         3388    i.RainPeakTracker_ProcessNewSamples  rainpeaktracker.o
    0x08003e50   0x08003e50   0x00000030   Code   RO         3389    i.RainPeakTracker_SamplesToUs  rainpeaktracker.o
    0x08003e80   0x08003e80   0x0000000e   Code   RO         3390    i.RainPeakTracker_SetImpulseCalibration  rainpeaktracker.o
    0x08003e8e   0x08003e8e   0x0000019a   Code   RO         3391    i.RainPeakTracker_Update  rainpeaktracker.o
    0x08004028   0x08004028   0x00000014   Code   RO         4184    i.Raindrop_AddVolume  raindrop.o
    0x0800403c   0x0800403c   0x0000000c   Code   RO         4185    i.Raindrop_GetTotalVolume_0p01mm3  raindrop.o
    0x08004048   0x08004048   0x00000014   Code   RO         4187    i.Raindrop_Init     raindrop.o
    0x0800405c   0x0800405c   0x00000010   Code   RO         4188    i.Raindrop_PeakMvToVolume_0p01mm3  raindrop.o
    0x0800406c   0x0800406c   0x00000018   Code   RO         4191    i.Raindrop_UpdateRefractory  raindrop.o
    0x08004084   0x08004084   0x000000a4   Code   RO         4192    i.Raindrop_VoltageToVolume_0p01mm3  raindrop.o
    0x08004128   0x08004128   0x00000010   Code   RO         3763    i.Read_Holding_Reg  modbus_slave.o
    0x08004138   0x08004138   0x00000010   Code   RO         3764    i.Read_Input_Reg    modbus_slave.o
    0x08004148   0x08004148   0x0000000c   Code   RO         3825    i.RegisterMap_GetSlaveAddr  registermap.o
    0x08004154   0x08004154   0x00000010   Code   RO         3826    i.RegisterMap_Init  registermap.o
    0x08004164   0x08004164   0x00000020   Code   RO         3827    i.RegisterMap_ReadHolding  registermap.o
    0x08004184   0x08004184   0x00000394   Code   RO         3828    i.RegisterMap_ReadInput  registermap.o
    0x08004518   0x08004518   0x00000034   Code   RO         3830    i.RegisterMap_WriteHolding  registermap.o
    0x0800454c   0x0800454c   0x00000008   Code   RO         4085    i.SPI1_IRQHandler   stm32f10x_it.o
    0x08004554   0x08004554   0x00000018   Code   RO         2263    i.SPI_Cmd           stm32f10x_spi.o
    0x0800456c   0x0800456c   0x00000058   Code   RO         2270    i.SPI_I2S_DeInit    stm32f10x_spi.o
    0x080045c4   0x080045c4   0x00000034   Code   RO         2272    i.SPI_I2S_GetITStatus  stm32f10x_spi.o
    0x080045f8   0x080045f8   0x00000020   Code   RO         2273    i.SPI_I2S_ITConfig  stm32f10x_spi.o
    0x08004618   0x08004618   0x0000003c   Code   RO         2276    i.SPI_Init          stm32f10x_spi.o
    0x08004654   0x08004654   0x000000f4   Code   RO         3897    i.SPI_SlaveLink_EXTI4_IRQHandler  spi_slavelink.o
    0x08004748   0x08004748   0x00000164   Code   RO         3898    i.SPI_SlaveLink_Init  spi_slavelink.o
    0x080048ac   0x080048ac   0x0000018c   Code   RO         3899    i.SPI_SlaveLink_SPI1_IRQHandler  spi_slavelink.o
    0x08004a38   0x08004a38   0x00000002   Code   RO         4086    i.SVC_Handler       stm32f10x_it.o
    0x08004a3a   0x08004a3a   0x00000002   PAD
    0x08004a3c   0x08004a3c   0x00000034   Code   RO         3950    i.Samples_To_Ms     main.o
    0x08004a70   0x08004a70   0x00000018   Code   RO         3581    i.Saturate_U64_To_U32  waveletenergy.o
    0x08004a88   0x08004a88   0x000005a8   Code   RO         3951    i.Send_Debug_Statistics  main.o
    0x08005030   0x08005030   0x000000a8   Code   RO         3952    i.Send_Live_Stream  main.o
    0x080050d8   0x080050d8   0x00000008   Code   RO           24    i.SetSysClock       system_stm32f10x.o
    0x080050e0   0x080050e0   0x000000e0   Code   RO           25    i.SetSysClockTo72   system_stm32f10x.o
    0x080051c0   0x080051c0   0x00000028   Code   RO          141    i.SysTick_CLKSourceConfig  misc.o
    0x080051e8   0x080051e8   0x00000002   Code   RO         4087    i.SysTick_Handler   stm32f10x_it.o
    0x080051ea   0x080051ea   0x00000002   PAD
    0x080051ec   0x080051ec   0x00000060   Code   RO           27    i.SystemInit        system_stm32f10x.o
    0x0800524c   0x0800524c   0x000000e0   Code   RO         3517    i.TF_Comm_Init      tf_comm.o
    0x0800532c   0x0800532c   0x000001a4   Code   RO         3518    i.TF_Comm_SendEvent  tf_comm.o
    0x080054d0   0x080054d0   0x00000094   Code   RO         3519    i.TF_Comm_TX_IRQHandler  tf_comm.o
    0x08005564   0x08005564   0x00000028   Code   RO         4088    i.TIM2_IRQHandler   stm32f10x_it.o
    0x0800558c   0x0800558c   0x00000006   Code   RO         2415    i.TIM_ClearFlag     stm32f10x_tim.o
    0x08005592   0x08005592   0x00000006   Code   RO         2416    i.TIM_ClearITPendingBit  stm32f10x_tim.o
    0x08005598   0x08005598   0x00000018   Code   RO         2421    i.TIM_Cmd           stm32f10x_tim.o
    0x080055b0   0x080055b0   0x00000022   Code   RO         2442    i.TIM_GetITStatus   stm32f10x_tim.o
    0x080055d2   0x080055d2   0x00000012   Code   RO         2446    i.TIM_ITConfig      stm32f10x_tim.o
    0x080055e4   0x080055e4   0x000000a4   Code   RO         2492    i.TIM_TimeBaseInit  stm32f10x_tim.o
    0x08005688   0x08005688   0x00000012   Code   RO         2493    i.TIM_TimeBaseStructInit  stm32f10x_tim.o
    0x0800569a   0x0800569a   0x00000002   PAD
    0x0800569c   0x0800569c   0x0000001c   Code   RO         3900    i.TXE_Disable       spi_slavelink.o
    0x080056b8   0x080056b8   0x0000001c   Code   RO         3901    i.TXE_Enable        spi_slavelink.o
    0x080056d4   0x080056d4   0x00000088   Code   RO         3953    i.USART1_Config     main.o
    0x0800575c   0x0800575c   0x00000020   Code   RO         3954    i.USART1_SendByte   main.o
    0x0800577c   0x0800577c   0x00000054   Code   RO         3955    i.USART1_SendFloat_WithTail  main.o
    0x080057d0   0x080057d0   0x00000016   Code   RO         3956    i.USART1_SendString  main.o
    0x080057e6   0x080057e6   0x00000062   Code   RO         3957    i.USART1_SendUint32  main.o
    0x08005848   0x08005848   0x00000024   Code   RO         4089    i.USART2_IRQHandler  stm32f10x_it.o
    0x0800586c   0x0800586c   0x00000008   Code   RO         4090    i.USART3_IRQHandler  stm32f10x_it.o
    0x08005874   0x08005874   0x00000018   Code   RO         2960    i.USART_Cmd         stm32f10x_usart.o
    0x0800588c   0x0800588c   0x0000001a   Code   RO         2963    i.USART_GetFlagStatus  stm32f10x_usart.o
    0x080058a6   0x080058a6   0x00000054   Code   RO         2964    i.USART_GetITStatus  stm32f10x_usart.o
    0x080058fa   0x080058fa   0x0000004a   Code   RO         2966    i.USART_ITConfig    stm32f10x_usart.o
    0x08005944   0x08005944   0x000000d8   Code   RO         2967    i.USART_Init        stm32f10x_usart.o
    0x08005a1c   0x08005a1c   0x0000000a   Code   RO         2974    i.USART_ReceiveData  stm32f10x_usart.o
    0x08005a26   0x08005a26   0x00000008   Code   RO         2977    i.USART_SendData    stm32f10x_usart.o
    0x08005a2e   0x08005a2e   0x00000018   Code   RO         2983    i.USART_StructInit  stm32f10x_usart.o
    0x08005a46   0x08005a46   0x00000004   Code   RO         4091    i.UsageFault_Handler  stm32f10x_it.o
    0x08005a4a   0x08005a4a   0x00000006   Code   RO         3584    i.WaveletEnergy_GetBaselineEnergy  waveletenergy.o
    0x08005a50   0x08005a50   0x00000006   Code   RO         3585    i.WaveletEnergy_GetCurrentEnergy  waveletenergy.o
    0x08005a56   0x08005a56   0x00000006   Code   RO         3587    i.WaveletEnergy_GetHFRatio  waveletenergy.o
    0x08005a5c   0x08005a5c   0x0000002a   Code   RO         3588    i.WaveletEnergy_GetLearningProgress  waveletenergy.o
    0x08005a86   0x08005a86   0x00000038   Code   RO         3589    i.WaveletEnergy_GetNormRatio  waveletenergy.o
    0x08005abe   0x08005abe   0x00000006   Code   RO         3591    i.WaveletEnergy_GetThreshold  waveletenergy.o
    0x08005ac4   0x08005ac4   0x00000064   Code   RO         3593    i.WaveletEnergy_InitWithSampleRate  waveletenergy.o
    0x08005b28   0x08005b28   0x00000016   Code   RO         3594    i.WaveletEnergy_PopNoiseEvent  waveletenergy.o
    0x08005b3e   0x08005b3e   0x00000016   Code   RO         3595    i.WaveletEnergy_PopVibEvent  waveletenergy.o
    0x08005b54   0x08005b54   0x00000108   Code   RO         3596    i.WaveletEnergy_ProcessNewSamples  waveletenergy.o
    0x08005c5c   0x08005c5c   0x00000244   Code   RO         3597    i.WaveletEnergy_Update  waveletenergy.o
    0x08005ea0   0x08005ea0   0x00000028   Code   RO         3765    i.Write_Holding_Reg  modbus_slave.o
    0x08005ec8   0x08005ec8   0x00000388   Code   RO         3959    i.main              main.o
    0x08006250   0x08006250   0x00000008   Code   RO         3520    i.put_u16_be        tf_comm.o
    0x08006258   0x08006258   0x00000010   Code   RO         3521    i.put_u32_be        tf_comm.o
    0x08006268   0x08006268   0x000000c4   Code   RO         4275    x$fpl$fadd          fz_ws.l(faddsub_clz.o)
    0x0800632c   0x0800632c   0x00000018   Code   RO         4306    x$fpl$fcmpinf       fz_ws.l(fcmpi.o)
    0x08006344   0x08006344   0x00000184   Code   RO         4282    x$fpl$fdiv          fz_ws.l(fdiv.o)
    0x080064c8   0x080064c8   0x0000003e   Code   RO         4285    x$fpl$ffixu         fz_ws.l(ffixu.o)
    0x08006506   0x08006506   0x00000002   PAD
    0x08006508   0x08006508   0x00000030   Code   RO         4290    x$fpl$fflt          fz_ws.l(fflt_clz.o)
    0x08006538   0x08006538   0x00000026   Code   RO         4289    x$fpl$ffltu         fz_ws.l(fflt_clz.o)
    0x0800655e   0x0800655e   0x00000002   PAD
    0x08006560   0x08006560   0x00000068   Code   RO         4295    x$fpl$fleqf         fz_ws.l(fleqf.o)
    0x080065c8   0x080065c8   0x00000102   Code   RO         4297    x$fpl$fmul          fz_ws.l(fmul.o)
    0x080066ca   0x080066ca   0x0000008c   Code   RO         4308    x$fpl$fnaninf       fz_ws.l(fnaninf.o)
    0x08006756   0x08006756   0x0000000a   Code   RO         4310    x$fpl$fretinf       fz_ws.l(fretinf.o)
    0x08006760   0x08006760   0x00000062   Code   RO         4299    x$fpl$frleqf        fz_ws.l(frleqf.o)
    0x080067c2   0x080067c2   0x00000002   PAD
    0x080067c4   0x080067c4   0x000000ea   Code   RO         4277    x$fpl$fsub          fz_ws.l(faddsub_clz.o)
    0x080068ae   0x080068ae   0x00000000   Code   RO         4312    x$fpl$usenofp       fz_ws.l(usenofp.o)
    0x080068ae   0x080068ae   0x000005f0   Data   RO         3241    .constdata          oled.o
    0x08006e9e   0x08006e9e   0x00000002   PAD
    0x08006ea0   0x08006ea0   0x00000054   Data   RO         4193    .constdata          raindrop.o
    0x08006ef4   0x08006ef4   0x00000072   Data   RO         3961    .conststring        main.o
    0x08006f66   0x08006f66   0x00000002   PAD
    0x08006f68   0x08006f68   0x00000020   Data   RO         4471    Region$$Table       anon$$obj.o


    Execution Region RW_IRAM1 (Exec base: 0x20000000, Load base: 0x08006f88, Size: 0x000042c8, Max: 0x00005000, ABSOLUTE)

    Exec Addr    Load Addr    Size         Type   Attr      Idx    E Section Name        Object

    0x20000000   0x08006f88   0x00000014   Data   RW         1805    .data               stm32f10x_rcc.o
    0x20000014   0x08006f9c   0x00000022   Data   RW         3336    .data               ad.o
    0x20000036   0x08006fbe   0x00000003   Data   RW         3523    .data               tf_comm.o
    0x20000039   0x08006fc1   0x00000003   PAD
    0x2000003c   0x08006fc4   0x00000004   Data   RW         3599    .data               waveletenergy.o
    0x20000040   0x08006fc8   0x00000010   Data   RW         3767    .data               modbus_slave.o
    0x20000050   0x08006fd8   0x00000001   Data   RW         3831    .data               registermap.o
    0x20000051   0x08006fd9   0x00000001   PAD
    0x20000052   0x08006fda   0x0000000d   Data   RW         3903    .data               spi_slavelink.o
    0x2000005f   0x08006fe7   0x00000001   PAD
    0x20000060   0x08006fe8   0x00000052   Data   RW         3962    .data               main.o
    0x200000b2   0x0800703a   0x00000002   PAD
    0x200000b4   0x0800703c   0x00000008   Data   RW         4194    .data               raindrop.o
    0x200000bc        -       0x00000b10   Zero   RW         3335    .bss                ad.o
    0x20000bcc        -       0x00000210   Zero   RW         3522    .bss                tf_comm.o
    0x20000ddc        -       0x000000e0   Zero   RW         3598    .bss                waveletenergy.o
    0x20000ebc        -       0x00000100   Zero   RW         3766    .bss                modbus_slave.o
    0x20000fbc        -       0x000000a0   Zero   RW         3902    .bss                spi_slavelink.o
    0x2000105c   0x08007044   0x00000004   PAD
    0x20001060        -       0x00002c08   Zero   RW         3960    .bss                main.o
    0x20003c68        -       0x00000060   Zero   RW         4345    .bss                c_w.l(libspace.o)
    0x20003cc8        -       0x00000200   Zero   RW            2    HEAP                startup_stm32f10x_md.o
    0x20003ec8        -       0x00000400   Zero   RW            1    STACK               startup_stm32f10x_md.o


==============================================================================

Image component sizes


      Code (inc. data)   RO Data    RW Data    ZI Data      Debug   Object Name

       452         38          0         34       2832       3243   ad.o
         0          0          0          0          0       4516   core_cm3.o
        90          0          0          0          0       1375   delay.o
      7168       2234        114         82      11272      21404   main.o
       152         12          0          0          0     215890   misc.o
      1290         72          0         16        256       8027   modbus_slave.o
       886         28       1520          0          0       7513   oled.o
       332         42         84          8          0       4814   raindrop.o
      3018         48          0          0          0      21893   rainpeaktracker.o
      1028        142          0          1          0       4007   registermap.o
       914         24          0          0          0       3594   spi_proto.o
      1052        116          0         13        160       4288   spi_slavelink.o
        64         26        236          0       1536        812   startup_stm32f10x_md.o
       502         14          0          0          0      21131   stm32f10x_adc.o
       510         26          0          0          0      15156   stm32f10x_dma.o
       200         18          0          0          0       4068   stm32f10x_exti.o
       370          4          0          0          0      11890   stm32f10x_gpio.o
       486         50          0          0          0       7508   stm32f10x_it.o
        92         34          0          0          0       2811   stm32f10x_iwdg.o
       396         56          0         20          0      15047   stm32f10x_rcc.o
       256         12          0          0          0      10751   stm32f10x_spi.o
       270         42          0          0          0      24603   stm32f10x_tim.o
       466          6          0          0          0      12324   stm32f10x_usart.o
       328         28          0          0          0      61853   system_stm32f10x.o
       884         46          0          3        528       4911   tf_comm.o
      2804         62          0          4        224      21954   waveletenergy.o

    ----------------------------------------------------------------------
     24040       3180       1990        188      16812     515383   Object Totals
         0          0         32          0          0          0   (incl. Generated)
        30          0          4          7          4          0   (incl. Padding)

    ----------------------------------------------------------------------

      Code (inc. data)   RO Data    RW Data    ZI Data      Debug   Library Member Name

         8          0          0          0          0         68   __main.o
         0          0          0          0          0          0   __rtentry.o
        12          0          0          0          0          0   __rtentry2.o
         6          0          0          0          0          0   __rtentry4.o
        52          8          0          0          0          0   __scatter.o
        26          0          0          0          0          0   __scatter_copy.o
        28          0          0          0          0          0   __scatter_zi.o
        18          0          0          0          0         80   exit.o
         6          0          0          0          0        152   heapauxi.o
         0          0          0          0          0          0   indicate_semi.o
         2          0          0          0          0          0   libinit.o
         2          0          0          0          0          0   libinit2.o
         2          0          0          0          0          0   libshutdown.o
         2          0          0          0          0          0   libshutdown2.o
         8          4          0          0         96         68   libspace.o
        72          0          0          0          0         76   llsdiv.o
       238          0          0          0          0        100   lludivv7m.o
        78          0          0          0          0         80   rt_memclr_w.o
       100          0          0          0          0         80   rt_memcpy_w.o
         2          0          0          0          0          0   rtexit.o
        10          0          0          0          0          0   rtexit2.o
       150          0          0          0          0         80   strncmp.o
        12          4          0          0          0         68   sys_exit.o
        74          0          0          0          0         80   sys_stackheap_outer.o
         2          0          0          0          0         68   use_no_semi.o
       430          8          0          0          0        168   faddsub_clz.o
        24          0          0          0          0         68   fcmpi.o
       388         76          0          0          0         96   fdiv.o
        62          4          0          0          0         84   ffixu.o
        86          0          0          0          0        136   fflt_clz.o
       104          4          0          0          0         84   fleqf.o
       258          4          0          0          0         84   fmul.o
       140          4          0          0          0         84   fnaninf.o
        10          0          0          0          0         68   fretinf.o
        98          0          0          0          0         68   frleqf.o
         0          0          0          0          0          0   usenofp.o

    ----------------------------------------------------------------------
      2522        116          0          0         96       1940   Library Totals
        12          0          0          0          0          0   (incl. Padding)

    ----------------------------------------------------------------------

      Code (inc. data)   RO Data    RW Data    ZI Data      Debug   Library Name

       910         16          0          0         96       1000   c_w.l
      1600        100          0          0          0        940   fz_ws.l

    ----------------------------------------------------------------------
      2522        116          0          0         96       1940   Library Totals

    ----------------------------------------------------------------------

==============================================================================


      Code (inc. data)   RO Data    RW Data    ZI Data      Debug   

     26562       3296       1990        188      16908     505723   Grand Totals
     26562       3296       1990        188      16908     505723   ELF Image Totals
     26562       3296       1990        188          0          0   ROM Totals

==============================================================================

    Total RO  Size (Code + RO Data)                28552 (  27.88kB)
    Total RW  Size (RW Data + ZI Data)             17096 (  16.70kB)
    Total ROM Size (Code + RO Data + RW Data)      28740 (  28.07kB)

==============================================================================

